Archive member included to satisfy reference by file (symbol)

c:/microsemi/softconsole_v6.0/riscv-unknown-elf-gcc/bin/../lib/gcc/riscv64-unknown-elf/7.2.0/rv32i/ilp32\libgcc.a(div.o)
                              ./riscv_hal/riscv_hal.o (__udivsi3)
c:/microsemi/softconsole_v6.0/riscv-unknown-elf-gcc/bin/../lib/gcc/riscv64-unknown-elf/7.2.0/../../../../riscv64-unknown-elf/lib/rv32i/ilp32\libg_nano.a(lib_a-sysisatty.o)
                              ./riscv_hal/syscall.o (isatty)
c:/microsemi/softconsole_v6.0/riscv-unknown-elf-gcc/bin/../lib/gcc/riscv64-unknown-elf/7.2.0/../../../../riscv64-unknown-elf/lib/rv32i/ilp32\libg_nano.a(lib_a-syswrite.o)
                              ./riscv_hal/syscall.o (write)
c:/microsemi/softconsole_v6.0/riscv-unknown-elf-gcc/bin/../lib/gcc/riscv64-unknown-elf/7.2.0/../../../../riscv64-unknown-elf/lib/rv32i/ilp32\libg_nano.a(lib_a-writer.o)
                              c:/microsemi/softconsole_v6.0/riscv-unknown-elf-gcc/bin/../lib/gcc/riscv64-unknown-elf/7.2.0/../../../../riscv64-unknown-elf/lib/rv32i/ilp32\libg_nano.a(lib_a-syswrite.o) (_write_r)
c:/microsemi/softconsole_v6.0/riscv-unknown-elf-gcc/bin/../lib/gcc/riscv64-unknown-elf/7.2.0/../../../../riscv64-unknown-elf/lib/rv32i/ilp32\libg_nano.a(lib_a-impure.o)
                              c:/microsemi/softconsole_v6.0/riscv-unknown-elf-gcc/bin/../lib/gcc/riscv64-unknown-elf/7.2.0/../../../../riscv64-unknown-elf/lib/rv32i/ilp32\libg_nano.a(lib_a-syswrite.o) (_impure_ptr)

Allocating common symbols
Common symbol       size              file

g_gpio              0x8               ./main.o
errno               0x4               ./riscv_hal/syscall.o

Discarded input sections

 .text          0x0000000000000000        0x0 ./riscv_hal/entry.o
 .data          0x0000000000000000        0x0 ./riscv_hal/entry.o
 .bss           0x0000000000000000        0x0 ./riscv_hal/entry.o
 .group         0x0000000000000000        0x8 ./riscv_hal/init.o
 .group         0x0000000000000000        0x8 ./riscv_hal/init.o
 .group         0x0000000000000000        0x8 ./riscv_hal/init.o
 .group         0x0000000000000000        0x8 ./riscv_hal/init.o
 .group         0x0000000000000000        0x8 ./riscv_hal/init.o
 .group         0x0000000000000000        0x8 ./riscv_hal/init.o
 .group         0x0000000000000000        0x8 ./riscv_hal/init.o
 .group         0x0000000000000000        0x8 ./riscv_hal/init.o
 .group         0x0000000000000000        0x8 ./riscv_hal/init.o
 .group         0x0000000000000000        0x8 ./riscv_hal/init.o
 .group         0x0000000000000000        0x8 ./riscv_hal/init.o
 .group         0x0000000000000000        0x8 ./riscv_hal/init.o
 .group         0x0000000000000000        0x8 ./riscv_hal/init.o
 .group         0x0000000000000000        0x8 ./riscv_hal/init.o
 .group         0x0000000000000000        0x8 ./riscv_hal/init.o
 .group         0x0000000000000000        0x8 ./riscv_hal/init.o
 .group         0x0000000000000000        0x8 ./riscv_hal/init.o
 .group         0x0000000000000000        0x8 ./riscv_hal/init.o
 .group         0x0000000000000000        0x8 ./riscv_hal/init.o
 .group         0x0000000000000000        0x8 ./riscv_hal/init.o
 .group         0x0000000000000000        0x8 ./riscv_hal/init.o
 .group         0x0000000000000000        0x8 ./riscv_hal/init.o
 .group         0x0000000000000000        0x8 ./riscv_hal/init.o
 .group         0x0000000000000000        0x8 ./riscv_hal/init.o
 .group         0x0000000000000000        0x8 ./riscv_hal/init.o
 .group         0x0000000000000000        0x8 ./riscv_hal/init.o
 .group         0x0000000000000000        0x8 ./riscv_hal/init.o
 .group         0x0000000000000000        0x8 ./riscv_hal/init.o
 .group         0x0000000000000000        0x8 ./riscv_hal/init.o
 .group         0x0000000000000000        0x8 ./riscv_hal/init.o
 .group         0x0000000000000000        0x8 ./riscv_hal/init.o
 .group         0x0000000000000000        0x8 ./riscv_hal/init.o
 .group         0x0000000000000000        0x8 ./riscv_hal/init.o
 .group         0x0000000000000000        0x8 ./riscv_hal/init.o
 .text          0x0000000000000000        0x0 ./riscv_hal/init.o
 .data          0x0000000000000000        0x0 ./riscv_hal/init.o
 .bss           0x0000000000000000        0x0 ./riscv_hal/init.o
 .group         0x0000000000000000        0x8 ./riscv_hal/riscv_hal.o
 .group         0x0000000000000000        0x8 ./riscv_hal/riscv_hal.o
 .group         0x0000000000000000        0x8 ./riscv_hal/riscv_hal.o
 .group         0x0000000000000000        0x8 ./riscv_hal/riscv_hal.o
 .group         0x0000000000000000        0x8 ./riscv_hal/riscv_hal.o
 .group         0x0000000000000000        0x8 ./riscv_hal/riscv_hal.o
 .group         0x0000000000000000        0x8 ./riscv_hal/riscv_hal.o
 .group         0x0000000000000000        0x8 ./riscv_hal/riscv_hal.o
 .group         0x0000000000000000        0x8 ./riscv_hal/riscv_hal.o
 .group         0x0000000000000000        0x8 ./riscv_hal/riscv_hal.o
 .group         0x0000000000000000        0x8 ./riscv_hal/riscv_hal.o
 .group         0x0000000000000000        0x8 ./riscv_hal/riscv_hal.o
 .group         0x0000000000000000        0x8 ./riscv_hal/riscv_hal.o
 .group         0x0000000000000000        0x8 ./riscv_hal/riscv_hal.o
 .group         0x0000000000000000        0x8 ./riscv_hal/riscv_hal.o
 .group         0x0000000000000000        0x8 ./riscv_hal/riscv_hal.o
 .group         0x0000000000000000        0x8 ./riscv_hal/riscv_hal.o
 .group         0x0000000000000000        0x8 ./riscv_hal/riscv_hal.o
 .group         0x0000000000000000        0x8 ./riscv_hal/riscv_hal.o
 .group         0x0000000000000000        0x8 ./riscv_hal/riscv_hal.o
 .group         0x0000000000000000        0x8 ./riscv_hal/riscv_hal.o
 .group         0x0000000000000000        0x8 ./riscv_hal/riscv_hal.o
 .group         0x0000000000000000        0x8 ./riscv_hal/riscv_hal.o
 .group         0x0000000000000000        0x8 ./riscv_hal/riscv_hal.o
 .group         0x0000000000000000        0x8 ./riscv_hal/riscv_hal.o
 .group         0x0000000000000000        0x8 ./riscv_hal/riscv_hal.o
 .group         0x0000000000000000        0x8 ./riscv_hal/riscv_hal.o
 .group         0x0000000000000000        0x8 ./riscv_hal/riscv_hal.o
 .group         0x0000000000000000        0x8 ./riscv_hal/riscv_hal.o
 .group         0x0000000000000000        0x8 ./riscv_hal/riscv_hal.o
 .group         0x0000000000000000        0x8 ./riscv_hal/riscv_hal.o
 .group         0x0000000000000000        0x8 ./riscv_hal/riscv_hal.o
 .group         0x0000000000000000        0x8 ./riscv_hal/riscv_hal.o
 .group         0x0000000000000000        0x8 ./riscv_hal/riscv_hal.o
 .group         0x0000000000000000        0x8 ./riscv_hal/riscv_hal.o
 .group         0x0000000000000000        0x8 ./riscv_hal/riscv_hal.o
 .text          0x0000000000000000        0x0 ./riscv_hal/riscv_hal.o
 .data          0x0000000000000000        0x0 ./riscv_hal/riscv_hal.o
 .bss           0x0000000000000000        0x0 ./riscv_hal/riscv_hal.o
 .text.__disable_irq
                0x0000000000000000       0x30 ./riscv_hal/riscv_hal.o
 .text.__enable_irq
                0x0000000000000000       0x24 ./riscv_hal/riscv_hal.o
 .text.SysTick_Config
                0x0000000000000000      0x114 ./riscv_hal/riscv_hal.o
 .debug_macro   0x0000000000000000      0x730 ./riscv_hal/riscv_hal.o
 .debug_macro   0x0000000000000000       0x22 ./riscv_hal/riscv_hal.o
 .debug_macro   0x0000000000000000       0x4c ./riscv_hal/riscv_hal.o
 .debug_macro   0x0000000000000000       0x8d ./riscv_hal/riscv_hal.o
 .debug_macro   0x0000000000000000       0x34 ./riscv_hal/riscv_hal.o
 .debug_macro   0x0000000000000000       0x9c ./riscv_hal/riscv_hal.o
 .debug_macro   0x0000000000000000       0x16 ./riscv_hal/riscv_hal.o
 .debug_macro   0x0000000000000000      0x10e ./riscv_hal/riscv_hal.o
 .debug_macro   0x0000000000000000       0x8d ./riscv_hal/riscv_hal.o
 .debug_macro   0x0000000000000000       0x57 ./riscv_hal/riscv_hal.o
 .debug_macro   0x0000000000000000       0x52 ./riscv_hal/riscv_hal.o
 .debug_macro   0x0000000000000000       0x1f ./riscv_hal/riscv_hal.o
 .debug_macro   0x0000000000000000       0x43 ./riscv_hal/riscv_hal.o
 .debug_macro   0x0000000000000000       0x20 ./riscv_hal/riscv_hal.o
 .debug_macro   0x0000000000000000      0x187 ./riscv_hal/riscv_hal.o
 .debug_macro   0x0000000000000000      0x30d ./riscv_hal/riscv_hal.o
 .debug_macro   0x0000000000000000       0x16 ./riscv_hal/riscv_hal.o
 .debug_macro   0x0000000000000000       0x29 ./riscv_hal/riscv_hal.o
 .debug_macro   0x0000000000000000       0xef ./riscv_hal/riscv_hal.o
 .debug_macro   0x0000000000000000       0x6a ./riscv_hal/riscv_hal.o
 .debug_macro   0x0000000000000000      0x1df ./riscv_hal/riscv_hal.o
 .debug_macro   0x0000000000000000       0x16 ./riscv_hal/riscv_hal.o
 .debug_macro   0x0000000000000000       0x10 ./riscv_hal/riscv_hal.o
 .debug_macro   0x0000000000000000       0x35 ./riscv_hal/riscv_hal.o
 .debug_macro   0x0000000000000000       0x1c ./riscv_hal/riscv_hal.o
 .debug_macro   0x0000000000000000       0x52 ./riscv_hal/riscv_hal.o
 .debug_macro   0x0000000000000000       0x40 ./riscv_hal/riscv_hal.o
 .debug_macro   0x0000000000000000       0x10 ./riscv_hal/riscv_hal.o
 .debug_macro   0x0000000000000000       0x40 ./riscv_hal/riscv_hal.o
 .debug_macro   0x0000000000000000       0xd7 ./riscv_hal/riscv_hal.o
 .debug_macro   0x0000000000000000       0x1c ./riscv_hal/riscv_hal.o
 .debug_macro   0x0000000000000000       0x3d ./riscv_hal/riscv_hal.o
 .debug_macro   0x0000000000000000      0x51a ./riscv_hal/riscv_hal.o
 .debug_macro   0x0000000000000000      0x2dc ./riscv_hal/riscv_hal.o
 .group         0x0000000000000000        0x8 ./riscv_hal/riscv_hal_stubs.o
 .group         0x0000000000000000        0x8 ./riscv_hal/riscv_hal_stubs.o
 .group         0x0000000000000000        0x8 ./riscv_hal/riscv_hal_stubs.o
 .group         0x0000000000000000        0x8 ./riscv_hal/riscv_hal_stubs.o
 .group         0x0000000000000000        0x8 ./riscv_hal/riscv_hal_stubs.o
 .group         0x0000000000000000        0x8 ./riscv_hal/riscv_hal_stubs.o
 .group         0x0000000000000000        0x8 ./riscv_hal/riscv_hal_stubs.o
 .group         0x0000000000000000        0x8 ./riscv_hal/riscv_hal_stubs.o
 .group         0x0000000000000000        0x8 ./riscv_hal/riscv_hal_stubs.o
 .group         0x0000000000000000        0x8 ./riscv_hal/riscv_hal_stubs.o
 .group         0x0000000000000000        0x8 ./riscv_hal/riscv_hal_stubs.o
 .group         0x0000000000000000        0x8 ./riscv_hal/riscv_hal_stubs.o
 .group         0x0000000000000000        0x8 ./riscv_hal/riscv_hal_stubs.o
 .group         0x0000000000000000        0x8 ./riscv_hal/riscv_hal_stubs.o
 .group         0x0000000000000000        0x8 ./riscv_hal/riscv_hal_stubs.o
 .group         0x0000000000000000        0x8 ./riscv_hal/riscv_hal_stubs.o
 .group         0x0000000000000000        0x8 ./riscv_hal/riscv_hal_stubs.o
 .group         0x0000000000000000        0x8 ./riscv_hal/riscv_hal_stubs.o
 .group         0x0000000000000000        0x8 ./riscv_hal/riscv_hal_stubs.o
 .group         0x0000000000000000        0x8 ./riscv_hal/riscv_hal_stubs.o
 .group         0x0000000000000000        0x8 ./riscv_hal/riscv_hal_stubs.o
 .group         0x0000000000000000        0x8 ./riscv_hal/riscv_hal_stubs.o
 .group         0x0000000000000000        0x8 ./riscv_hal/riscv_hal_stubs.o
 .group         0x0000000000000000        0x8 ./riscv_hal/riscv_hal_stubs.o
 .group         0x0000000000000000        0x8 ./riscv_hal/riscv_hal_stubs.o
 .group         0x0000000000000000        0x8 ./riscv_hal/riscv_hal_stubs.o
 .text          0x0000000000000000        0x0 ./riscv_hal/riscv_hal_stubs.o
 .data          0x0000000000000000        0x0 ./riscv_hal/riscv_hal_stubs.o
 .bss           0x0000000000000000        0x0 ./riscv_hal/riscv_hal_stubs.o
 .debug_macro   0x0000000000000000      0x730 ./riscv_hal/riscv_hal_stubs.o
 .debug_macro   0x0000000000000000       0x22 ./riscv_hal/riscv_hal_stubs.o
 .debug_macro   0x0000000000000000       0x4c ./riscv_hal/riscv_hal_stubs.o
 .debug_macro   0x0000000000000000       0x8d ./riscv_hal/riscv_hal_stubs.o
 .debug_macro   0x0000000000000000       0x34 ./riscv_hal/riscv_hal_stubs.o
 .debug_macro   0x0000000000000000       0x9c ./riscv_hal/riscv_hal_stubs.o
 .debug_macro   0x0000000000000000       0x57 ./riscv_hal/riscv_hal_stubs.o
 .debug_macro   0x0000000000000000      0x30d ./riscv_hal/riscv_hal_stubs.o
 .debug_macro   0x0000000000000000       0x10 ./riscv_hal/riscv_hal_stubs.o
 .debug_macro   0x0000000000000000       0x52 ./riscv_hal/riscv_hal_stubs.o
 .debug_macro   0x0000000000000000       0x1f ./riscv_hal/riscv_hal_stubs.o
 .debug_macro   0x0000000000000000       0x43 ./riscv_hal/riscv_hal_stubs.o
 .debug_macro   0x0000000000000000       0x20 ./riscv_hal/riscv_hal_stubs.o
 .debug_macro   0x0000000000000000       0x6a ./riscv_hal/riscv_hal_stubs.o
 .debug_macro   0x0000000000000000       0x1c ./riscv_hal/riscv_hal_stubs.o
 .debug_macro   0x0000000000000000       0x52 ./riscv_hal/riscv_hal_stubs.o
 .debug_macro   0x0000000000000000       0x40 ./riscv_hal/riscv_hal_stubs.o
 .debug_macro   0x0000000000000000       0x10 ./riscv_hal/riscv_hal_stubs.o
 .debug_macro   0x0000000000000000       0x40 ./riscv_hal/riscv_hal_stubs.o
 .debug_macro   0x0000000000000000       0xd7 ./riscv_hal/riscv_hal_stubs.o
 .debug_macro   0x0000000000000000       0x1c ./riscv_hal/riscv_hal_stubs.o
 .debug_macro   0x0000000000000000       0x3d ./riscv_hal/riscv_hal_stubs.o
 .debug_macro   0x0000000000000000      0x51a ./riscv_hal/riscv_hal_stubs.o
 .group         0x0000000000000000        0x8 ./riscv_hal/syscall.o
 .group         0x0000000000000000        0x8 ./riscv_hal/syscall.o
 .group         0x0000000000000000        0x8 ./riscv_hal/syscall.o
 .group         0x0000000000000000        0x8 ./riscv_hal/syscall.o
 .group         0x0000000000000000        0x8 ./riscv_hal/syscall.o
 .group         0x0000000000000000        0x8 ./riscv_hal/syscall.o
 .group         0x0000000000000000        0x8 ./riscv_hal/syscall.o
 .group         0x0000000000000000        0x8 ./riscv_hal/syscall.o
 .group         0x0000000000000000        0x8 ./riscv_hal/syscall.o
 .group         0x0000000000000000        0x8 ./riscv_hal/syscall.o
 .group         0x0000000000000000        0x8 ./riscv_hal/syscall.o
 .group         0x0000000000000000        0x8 ./riscv_hal/syscall.o
 .group         0x0000000000000000        0x8 ./riscv_hal/syscall.o
 .group         0x0000000000000000        0x8 ./riscv_hal/syscall.o
 .group         0x0000000000000000        0x8 ./riscv_hal/syscall.o
 .group         0x0000000000000000        0x8 ./riscv_hal/syscall.o
 .group         0x0000000000000000        0x8 ./riscv_hal/syscall.o
 .group         0x0000000000000000        0x8 ./riscv_hal/syscall.o
 .group         0x0000000000000000        0x8 ./riscv_hal/syscall.o
 .group         0x0000000000000000        0x8 ./riscv_hal/syscall.o
 .group         0x0000000000000000        0x8 ./riscv_hal/syscall.o
 .group         0x0000000000000000        0x8 ./riscv_hal/syscall.o
 .group         0x0000000000000000        0x8 ./riscv_hal/syscall.o
 .group         0x0000000000000000        0x8 ./riscv_hal/syscall.o
 .group         0x0000000000000000        0x8 ./riscv_hal/syscall.o
 .group         0x0000000000000000        0x8 ./riscv_hal/syscall.o
 .group         0x0000000000000000        0x8 ./riscv_hal/syscall.o
 .group         0x0000000000000000        0x8 ./riscv_hal/syscall.o
 .group         0x0000000000000000        0x8 ./riscv_hal/syscall.o
 .group         0x0000000000000000        0x8 ./riscv_hal/syscall.o
 .group         0x0000000000000000        0x8 ./riscv_hal/syscall.o
 .group         0x0000000000000000        0x8 ./riscv_hal/syscall.o
 .group         0x0000000000000000        0x8 ./riscv_hal/syscall.o
 .group         0x0000000000000000        0x8 ./riscv_hal/syscall.o
 .group         0x0000000000000000        0x8 ./riscv_hal/syscall.o
 .group         0x0000000000000000        0x8 ./riscv_hal/syscall.o
 .group         0x0000000000000000        0x8 ./riscv_hal/syscall.o
 .group         0x0000000000000000        0x8 ./riscv_hal/syscall.o
 .group         0x0000000000000000        0x8 ./riscv_hal/syscall.o
 .group         0x0000000000000000        0x8 ./riscv_hal/syscall.o
 .group         0x0000000000000000        0x8 ./riscv_hal/syscall.o
 .group         0x0000000000000000        0x8 ./riscv_hal/syscall.o
 .group         0x0000000000000000        0x8 ./riscv_hal/syscall.o
 .group         0x0000000000000000        0x8 ./riscv_hal/syscall.o
 .group         0x0000000000000000        0x8 ./riscv_hal/syscall.o
 .group         0x0000000000000000        0x8 ./riscv_hal/syscall.o
 .group         0x0000000000000000        0x8 ./riscv_hal/syscall.o
 .text          0x0000000000000000        0x0 ./riscv_hal/syscall.o
 .data          0x0000000000000000        0x0 ./riscv_hal/syscall.o
 .bss           0x0000000000000000        0x0 ./riscv_hal/syscall.o
 .sbss.__env    0x0000000000000000        0x4 ./riscv_hal/syscall.o
 .sdata.environ
                0x0000000000000000        0x4 ./riscv_hal/syscall.o
 .rodata        0x0000000000000000        0x3 ./riscv_hal/syscall.o
 .text.write_hex
                0x0000000000000000       0xf0 ./riscv_hal/syscall.o
 .sdata.curbrk.3484
                0x0000000000000000        0x4 ./riscv_hal/syscall.o
 .text._sbrk    0x0000000000000000       0x8c ./riscv_hal/syscall.o
 .text._isatty  0x0000000000000000       0x50 ./riscv_hal/syscall.o
 .text.stub     0x0000000000000000       0x30 ./riscv_hal/syscall.o
 .text._open    0x0000000000000000       0x40 ./riscv_hal/syscall.o
 .text._openat  0x0000000000000000       0x44 ./riscv_hal/syscall.o
 .text._close   0x0000000000000000       0x38 ./riscv_hal/syscall.o
 .text._execve  0x0000000000000000       0x40 ./riscv_hal/syscall.o
 .text._fork    0x0000000000000000       0x34 ./riscv_hal/syscall.o
 .text._fstat   0x0000000000000000       0x64 ./riscv_hal/syscall.o
 .text._getpid  0x0000000000000000       0x20 ./riscv_hal/syscall.o
 .text._kill    0x0000000000000000       0x3c ./riscv_hal/syscall.o
 .text._link    0x0000000000000000       0x3c ./riscv_hal/syscall.o
 .text._lseek   0x0000000000000000       0x5c ./riscv_hal/syscall.o
 .text._read    0x0000000000000000       0x40 ./riscv_hal/syscall.o
 .text._stat    0x0000000000000000       0x3c ./riscv_hal/syscall.o
 .text._times   0x0000000000000000       0x38 ./riscv_hal/syscall.o
 .text._unlink  0x0000000000000000       0x38 ./riscv_hal/syscall.o
 .text._wait    0x0000000000000000       0x38 ./riscv_hal/syscall.o
 .text._write   0x0000000000000000       0x40 ./riscv_hal/syscall.o
 .debug_macro   0x0000000000000000      0x730 ./riscv_hal/syscall.o
 .debug_macro   0x0000000000000000       0x22 ./riscv_hal/syscall.o
 .debug_macro   0x0000000000000000       0xef ./riscv_hal/syscall.o
 .debug_macro   0x0000000000000000       0x6a ./riscv_hal/syscall.o
 .debug_macro   0x0000000000000000      0x1df ./riscv_hal/syscall.o
 .debug_macro   0x0000000000000000       0x34 ./riscv_hal/syscall.o
 .debug_macro   0x0000000000000000       0x9c ./riscv_hal/syscall.o
 .debug_macro   0x0000000000000000       0x16 ./riscv_hal/syscall.o
 .debug_macro   0x0000000000000000      0x10e ./riscv_hal/syscall.o
 .debug_macro   0x0000000000000000       0x8d ./riscv_hal/syscall.o
 .debug_macro   0x0000000000000000       0x52 ./riscv_hal/syscall.o
 .debug_macro   0x0000000000000000       0x1f ./riscv_hal/syscall.o
 .debug_macro   0x0000000000000000       0x43 ./riscv_hal/syscall.o
 .debug_macro   0x0000000000000000       0x20 ./riscv_hal/syscall.o
 .debug_macro   0x0000000000000000      0x187 ./riscv_hal/syscall.o
 .debug_macro   0x0000000000000000      0x30d ./riscv_hal/syscall.o
 .debug_macro   0x0000000000000000       0x16 ./riscv_hal/syscall.o
 .debug_macro   0x0000000000000000       0x29 ./riscv_hal/syscall.o
 .debug_macro   0x0000000000000000       0x16 ./riscv_hal/syscall.o
 .debug_macro   0x0000000000000000       0x10 ./riscv_hal/syscall.o
 .debug_macro   0x0000000000000000       0x35 ./riscv_hal/syscall.o
 .debug_macro   0x0000000000000000       0x1c ./riscv_hal/syscall.o
 .debug_macro   0x0000000000000000       0x52 ./riscv_hal/syscall.o
 .debug_macro   0x0000000000000000       0x40 ./riscv_hal/syscall.o
 .debug_macro   0x0000000000000000       0x10 ./riscv_hal/syscall.o
 .debug_macro   0x0000000000000000       0x40 ./riscv_hal/syscall.o
 .debug_macro   0x0000000000000000       0xd7 ./riscv_hal/syscall.o
 .debug_macro   0x0000000000000000       0x1c ./riscv_hal/syscall.o
 .debug_macro   0x0000000000000000       0x3d ./riscv_hal/syscall.o
 .debug_macro   0x0000000000000000      0x51a ./riscv_hal/syscall.o
 .debug_macro   0x0000000000000000      0x2dc ./riscv_hal/syscall.o
 COMMON         0x0000000000000000        0x4 ./riscv_hal/syscall.o
 .group         0x0000000000000000        0x8 ./hal/hal_irq.o
 .group         0x0000000000000000        0x8 ./hal/hal_irq.o
 .group         0x0000000000000000        0x8 ./hal/hal_irq.o
 .group         0x0000000000000000        0x8 ./hal/hal_irq.o
 .group         0x0000000000000000        0x8 ./hal/hal_irq.o
 .group         0x0000000000000000        0x8 ./hal/hal_irq.o
 .group         0x0000000000000000        0x8 ./hal/hal_irq.o
 .group         0x0000000000000000        0x8 ./hal/hal_irq.o
 .group         0x0000000000000000        0x8 ./hal/hal_irq.o
 .group         0x0000000000000000        0x8 ./hal/hal_irq.o
 .group         0x0000000000000000        0x8 ./hal/hal_irq.o
 .text          0x0000000000000000        0x0 ./hal/hal_irq.o
 .data          0x0000000000000000        0x0 ./hal/hal_irq.o
 .bss           0x0000000000000000        0x0 ./hal/hal_irq.o
 .text.HAL_enable_interrupts
                0x0000000000000000       0x2c ./hal/hal_irq.o
 .text.HAL_disable_interrupts
                0x0000000000000000       0x40 ./hal/hal_irq.o
 .text.HAL_restore_interrupts
                0x0000000000000000       0x28 ./hal/hal_irq.o
 .debug_info    0x0000000000000000       0xf0 ./hal/hal_irq.o
 .debug_abbrev  0x0000000000000000       0xbe ./hal/hal_irq.o
 .debug_aranges
                0x0000000000000000       0x30 ./hal/hal_irq.o
 .debug_ranges  0x0000000000000000       0x20 ./hal/hal_irq.o
 .debug_macro   0x0000000000000000       0xad ./hal/hal_irq.o
 .debug_macro   0x0000000000000000      0x730 ./hal/hal_irq.o
 .debug_macro   0x0000000000000000       0x22 ./hal/hal_irq.o
 .debug_macro   0x0000000000000000       0x87 ./hal/hal_irq.o
 .debug_macro   0x0000000000000000       0x51 ./hal/hal_irq.o
 .debug_macro   0x0000000000000000       0xef ./hal/hal_irq.o
 .debug_macro   0x0000000000000000       0x6a ./hal/hal_irq.o
 .debug_macro   0x0000000000000000      0x1df ./hal/hal_irq.o
 .debug_macro   0x0000000000000000       0x64 ./hal/hal_irq.o
 .debug_macro   0x0000000000000000      0x2dc ./hal/hal_irq.o
 .debug_macro   0x0000000000000000       0x28 ./hal/hal_irq.o
 .debug_macro   0x0000000000000000       0x10 ./hal/hal_irq.o
 .debug_line    0x0000000000000000      0x2e1 ./hal/hal_irq.o
 .debug_str     0x0000000000000000     0x4a72 ./hal/hal_irq.o
 .comment       0x0000000000000000       0x59 ./hal/hal_irq.o
 .debug_frame   0x0000000000000000       0x78 ./hal/hal_irq.o
 .data          0x0000000000000000        0x0 ./hal/hw_reg_access.o
 .bss           0x0000000000000000        0x0 ./hal/hw_reg_access.o
 .group         0x0000000000000000        0x8 ./drivers/CoreUARTapb/core_uart_apb.o
 .group         0x0000000000000000        0x8 ./drivers/CoreUARTapb/core_uart_apb.o
 .group         0x0000000000000000        0x8 ./drivers/CoreUARTapb/core_uart_apb.o
 .group         0x0000000000000000        0x8 ./drivers/CoreUARTapb/core_uart_apb.o
 .group         0x0000000000000000        0x8 ./drivers/CoreUARTapb/core_uart_apb.o
 .group         0x0000000000000000        0x8 ./drivers/CoreUARTapb/core_uart_apb.o
 .group         0x0000000000000000        0x8 ./drivers/CoreUARTapb/core_uart_apb.o
 .group         0x0000000000000000        0x8 ./drivers/CoreUARTapb/core_uart_apb.o
 .group         0x0000000000000000        0x8 ./drivers/CoreUARTapb/core_uart_apb.o
 .group         0x0000000000000000        0x8 ./drivers/CoreUARTapb/core_uart_apb.o
 .group         0x0000000000000000        0x8 ./drivers/CoreUARTapb/core_uart_apb.o
 .text          0x0000000000000000        0x0 ./drivers/CoreUARTapb/core_uart_apb.o
 .data          0x0000000000000000        0x0 ./drivers/CoreUARTapb/core_uart_apb.o
 .bss           0x0000000000000000        0x0 ./drivers/CoreUARTapb/core_uart_apb.o
 .text.UART_init
                0x0000000000000000      0x12c ./drivers/CoreUARTapb/core_uart_apb.o
 .text.UART_send
                0x0000000000000000       0xbc ./drivers/CoreUARTapb/core_uart_apb.o
 .text.UART_fill_tx_fifo
                0x0000000000000000       0xe8 ./drivers/CoreUARTapb/core_uart_apb.o
 .text.UART_get_rx
                0x0000000000000000      0x13c ./drivers/CoreUARTapb/core_uart_apb.o
 .text.UART_polled_tx_string
                0x0000000000000000       0xb8 ./drivers/CoreUARTapb/core_uart_apb.o
 .text.UART_get_rx_status
                0x0000000000000000       0x54 ./drivers/CoreUARTapb/core_uart_apb.o
 .debug_info    0x0000000000000000      0x31f ./drivers/CoreUARTapb/core_uart_apb.o
 .debug_abbrev  0x0000000000000000      0x10c ./drivers/CoreUARTapb/core_uart_apb.o
 .debug_aranges
                0x0000000000000000       0x48 ./drivers/CoreUARTapb/core_uart_apb.o
 .debug_ranges  0x0000000000000000       0x38 ./drivers/CoreUARTapb/core_uart_apb.o
 .debug_macro   0x0000000000000000       0xe1 ./drivers/CoreUARTapb/core_uart_apb.o
 .debug_macro   0x0000000000000000      0x730 ./drivers/CoreUARTapb/core_uart_apb.o
 .debug_macro   0x0000000000000000       0x22 ./drivers/CoreUARTapb/core_uart_apb.o
 .debug_macro   0x0000000000000000       0x87 ./drivers/CoreUARTapb/core_uart_apb.o
 .debug_macro   0x0000000000000000       0x51 ./drivers/CoreUARTapb/core_uart_apb.o
 .debug_macro   0x0000000000000000       0xef ./drivers/CoreUARTapb/core_uart_apb.o
 .debug_macro   0x0000000000000000       0x6a ./drivers/CoreUARTapb/core_uart_apb.o
 .debug_macro   0x0000000000000000      0x1df ./drivers/CoreUARTapb/core_uart_apb.o
 .debug_macro   0x0000000000000000       0x64 ./drivers/CoreUARTapb/core_uart_apb.o
 .debug_macro   0x0000000000000000      0x106 ./drivers/CoreUARTapb/core_uart_apb.o
 .debug_macro   0x0000000000000000       0x40 ./drivers/CoreUARTapb/core_uart_apb.o
 .debug_macro   0x0000000000000000       0x16 ./drivers/CoreUARTapb/core_uart_apb.o
 .debug_line    0x0000000000000000      0x4fe ./drivers/CoreUARTapb/core_uart_apb.o
 .debug_str     0x0000000000000000     0x42c9 ./drivers/CoreUARTapb/core_uart_apb.o
 .comment       0x0000000000000000       0x59 ./drivers/CoreUARTapb/core_uart_apb.o
 .debug_frame   0x0000000000000000       0xf0 ./drivers/CoreUARTapb/core_uart_apb.o
 .group         0x0000000000000000        0x8 ./drivers/CoreGPIO/core_gpio.o
 .group         0x0000000000000000        0x8 ./drivers/CoreGPIO/core_gpio.o
 .group         0x0000000000000000        0x8 ./drivers/CoreGPIO/core_gpio.o
 .group         0x0000000000000000        0x8 ./drivers/CoreGPIO/core_gpio.o
 .group         0x0000000000000000        0x8 ./drivers/CoreGPIO/core_gpio.o
 .group         0x0000000000000000        0x8 ./drivers/CoreGPIO/core_gpio.o
 .group         0x0000000000000000        0x8 ./drivers/CoreGPIO/core_gpio.o
 .group         0x0000000000000000        0x8 ./drivers/CoreGPIO/core_gpio.o
 .group         0x0000000000000000        0x8 ./drivers/CoreGPIO/core_gpio.o
 .group         0x0000000000000000        0x8 ./drivers/CoreGPIO/core_gpio.o
 .group         0x0000000000000000        0x8 ./drivers/CoreGPIO/core_gpio.o
 .text          0x0000000000000000        0x0 ./drivers/CoreGPIO/core_gpio.o
 .data          0x0000000000000000        0x0 ./drivers/CoreGPIO/core_gpio.o
 .bss           0x0000000000000000        0x0 ./drivers/CoreGPIO/core_gpio.o
 .text.GPIO_get_inputs
                0x0000000000000000      0x194 ./drivers/CoreGPIO/core_gpio.o
 .text.GPIO_set_output
                0x0000000000000000      0x254 ./drivers/CoreGPIO/core_gpio.o
 .text.GPIO_drive_inout
                0x0000000000000000      0x168 ./drivers/CoreGPIO/core_gpio.o
 .text.GPIO_enable_irq
                0x0000000000000000       0x88 ./drivers/CoreGPIO/core_gpio.o
 .text.GPIO_disable_irq
                0x0000000000000000       0x88 ./drivers/CoreGPIO/core_gpio.o
 .text.GPIO_clear_irq
                0x0000000000000000      0x150 ./drivers/CoreGPIO/core_gpio.o
 .text.GPIO_get_irq_sources
                0x0000000000000000      0x194 ./drivers/CoreGPIO/core_gpio.o
 .text.GPIO_clear_all_irq_sources
                0x0000000000000000      0x148 ./drivers/CoreGPIO/core_gpio.o
 .debug_macro   0x0000000000000000      0x730 ./drivers/CoreGPIO/core_gpio.o
 .debug_macro   0x0000000000000000       0x22 ./drivers/CoreGPIO/core_gpio.o
 .debug_macro   0x0000000000000000       0x87 ./drivers/CoreGPIO/core_gpio.o
 .debug_macro   0x0000000000000000       0x51 ./drivers/CoreGPIO/core_gpio.o
 .debug_macro   0x0000000000000000       0xef ./drivers/CoreGPIO/core_gpio.o
 .debug_macro   0x0000000000000000       0x6a ./drivers/CoreGPIO/core_gpio.o
 .debug_macro   0x0000000000000000      0x1df ./drivers/CoreGPIO/core_gpio.o
 .debug_macro   0x0000000000000000       0x64 ./drivers/CoreGPIO/core_gpio.o
 .debug_macro   0x0000000000000000       0x16 ./drivers/CoreGPIO/core_gpio.o
 .group         0x0000000000000000        0x8 ./main.o
 .group         0x0000000000000000        0x8 ./main.o
 .group         0x0000000000000000        0x8 ./main.o
 .group         0x0000000000000000        0x8 ./main.o
 .group         0x0000000000000000        0x8 ./main.o
 .group         0x0000000000000000        0x8 ./main.o
 .group         0x0000000000000000        0x8 ./main.o
 .group         0x0000000000000000        0x8 ./main.o
 .group         0x0000000000000000        0x8 ./main.o
 .group         0x0000000000000000        0x8 ./main.o
 .group         0x0000000000000000        0x8 ./main.o
 .group         0x0000000000000000        0x8 ./main.o
 .group         0x0000000000000000        0x8 ./main.o
 .text          0x0000000000000000        0x0 ./main.o
 .data          0x0000000000000000        0x0 ./main.o
 .bss           0x0000000000000000        0x0 ./main.o
 .debug_macro   0x0000000000000000      0x730 ./main.o
 .debug_macro   0x0000000000000000       0x22 ./main.o
 .debug_macro   0x0000000000000000       0x87 ./main.o
 .debug_macro   0x0000000000000000       0x51 ./main.o
 .debug_macro   0x0000000000000000       0xef ./main.o
 .debug_macro   0x0000000000000000       0x6a ./main.o
 .debug_macro   0x0000000000000000      0x1df ./main.o
 .debug_macro   0x0000000000000000       0x64 ./main.o
 .debug_macro   0x0000000000000000      0x2dc ./main.o
 .debug_macro   0x0000000000000000       0x28 ./main.o
 .debug_macro   0x0000000000000000       0x10 ./main.o
 .debug_macro   0x0000000000000000      0x11c ./main.o
 .text          0x0000000000000000       0xb4 c:/microsemi/softconsole_v6.0/riscv-unknown-elf-gcc/bin/../lib/gcc/riscv64-unknown-elf/7.2.0/rv32i/ilp32\libgcc.a(div.o)
 .data          0x0000000000000000        0x0 c:/microsemi/softconsole_v6.0/riscv-unknown-elf-gcc/bin/../lib/gcc/riscv64-unknown-elf/7.2.0/rv32i/ilp32\libgcc.a(div.o)
 .bss           0x0000000000000000        0x0 c:/microsemi/softconsole_v6.0/riscv-unknown-elf-gcc/bin/../lib/gcc/riscv64-unknown-elf/7.2.0/rv32i/ilp32\libgcc.a(div.o)
 .text          0x0000000000000000        0x0 c:/microsemi/softconsole_v6.0/riscv-unknown-elf-gcc/bin/../lib/gcc/riscv64-unknown-elf/7.2.0/../../../../riscv64-unknown-elf/lib/rv32i/ilp32\libg_nano.a(lib_a-sysisatty.o)
 .data          0x0000000000000000        0x0 c:/microsemi/softconsole_v6.0/riscv-unknown-elf-gcc/bin/../lib/gcc/riscv64-unknown-elf/7.2.0/../../../../riscv64-unknown-elf/lib/rv32i/ilp32\libg_nano.a(lib_a-sysisatty.o)
 .bss           0x0000000000000000        0x0 c:/microsemi/softconsole_v6.0/riscv-unknown-elf-gcc/bin/../lib/gcc/riscv64-unknown-elf/7.2.0/../../../../riscv64-unknown-elf/lib/rv32i/ilp32\libg_nano.a(lib_a-sysisatty.o)
 .text.isatty   0x0000000000000000        0x8 c:/microsemi/softconsole_v6.0/riscv-unknown-elf-gcc/bin/../lib/gcc/riscv64-unknown-elf/7.2.0/../../../../riscv64-unknown-elf/lib/rv32i/ilp32\libg_nano.a(lib_a-sysisatty.o)
 .debug_frame   0x0000000000000000       0x20 c:/microsemi/softconsole_v6.0/riscv-unknown-elf-gcc/bin/../lib/gcc/riscv64-unknown-elf/7.2.0/../../../../riscv64-unknown-elf/lib/rv32i/ilp32\libg_nano.a(lib_a-sysisatty.o)
 .text          0x0000000000000000        0x0 c:/microsemi/softconsole_v6.0/riscv-unknown-elf-gcc/bin/../lib/gcc/riscv64-unknown-elf/7.2.0/../../../../riscv64-unknown-elf/lib/rv32i/ilp32\libg_nano.a(lib_a-syswrite.o)
 .data          0x0000000000000000        0x0 c:/microsemi/softconsole_v6.0/riscv-unknown-elf-gcc/bin/../lib/gcc/riscv64-unknown-elf/7.2.0/../../../../riscv64-unknown-elf/lib/rv32i/ilp32\libg_nano.a(lib_a-syswrite.o)
 .bss           0x0000000000000000        0x0 c:/microsemi/softconsole_v6.0/riscv-unknown-elf-gcc/bin/../lib/gcc/riscv64-unknown-elf/7.2.0/../../../../riscv64-unknown-elf/lib/rv32i/ilp32\libg_nano.a(lib_a-syswrite.o)
 .text.write    0x0000000000000000       0x20 c:/microsemi/softconsole_v6.0/riscv-unknown-elf-gcc/bin/../lib/gcc/riscv64-unknown-elf/7.2.0/../../../../riscv64-unknown-elf/lib/rv32i/ilp32\libg_nano.a(lib_a-syswrite.o)
 .debug_frame   0x0000000000000000       0x20 c:/microsemi/softconsole_v6.0/riscv-unknown-elf-gcc/bin/../lib/gcc/riscv64-unknown-elf/7.2.0/../../../../riscv64-unknown-elf/lib/rv32i/ilp32\libg_nano.a(lib_a-syswrite.o)
 .text          0x0000000000000000        0x0 c:/microsemi/softconsole_v6.0/riscv-unknown-elf-gcc/bin/../lib/gcc/riscv64-unknown-elf/7.2.0/../../../../riscv64-unknown-elf/lib/rv32i/ilp32\libg_nano.a(lib_a-writer.o)
 .data          0x0000000000000000        0x0 c:/microsemi/softconsole_v6.0/riscv-unknown-elf-gcc/bin/../lib/gcc/riscv64-unknown-elf/7.2.0/../../../../riscv64-unknown-elf/lib/rv32i/ilp32\libg_nano.a(lib_a-writer.o)
 .bss           0x0000000000000000        0x0 c:/microsemi/softconsole_v6.0/riscv-unknown-elf-gcc/bin/../lib/gcc/riscv64-unknown-elf/7.2.0/../../../../riscv64-unknown-elf/lib/rv32i/ilp32\libg_nano.a(lib_a-writer.o)
 .text._write_r
                0x0000000000000000       0x58 c:/microsemi/softconsole_v6.0/riscv-unknown-elf-gcc/bin/../lib/gcc/riscv64-unknown-elf/7.2.0/../../../../riscv64-unknown-elf/lib/rv32i/ilp32\libg_nano.a(lib_a-writer.o)
 .debug_frame   0x0000000000000000       0x30 c:/microsemi/softconsole_v6.0/riscv-unknown-elf-gcc/bin/../lib/gcc/riscv64-unknown-elf/7.2.0/../../../../riscv64-unknown-elf/lib/rv32i/ilp32\libg_nano.a(lib_a-writer.o)
 .text          0x0000000000000000        0x0 c:/microsemi/softconsole_v6.0/riscv-unknown-elf-gcc/bin/../lib/gcc/riscv64-unknown-elf/7.2.0/../../../../riscv64-unknown-elf/lib/rv32i/ilp32\libg_nano.a(lib_a-impure.o)
 .data          0x0000000000000000        0x0 c:/microsemi/softconsole_v6.0/riscv-unknown-elf-gcc/bin/../lib/gcc/riscv64-unknown-elf/7.2.0/../../../../riscv64-unknown-elf/lib/rv32i/ilp32\libg_nano.a(lib_a-impure.o)
 .bss           0x0000000000000000        0x0 c:/microsemi/softconsole_v6.0/riscv-unknown-elf-gcc/bin/../lib/gcc/riscv64-unknown-elf/7.2.0/../../../../riscv64-unknown-elf/lib/rv32i/ilp32\libg_nano.a(lib_a-impure.o)
 .data.impure_data
                0x0000000000000000       0x60 c:/microsemi/softconsole_v6.0/riscv-unknown-elf-gcc/bin/../lib/gcc/riscv64-unknown-elf/7.2.0/../../../../riscv64-unknown-elf/lib/rv32i/ilp32\libg_nano.a(lib_a-impure.o)
 .sdata._global_impure_ptr
                0x0000000000000000        0x4 c:/microsemi/softconsole_v6.0/riscv-unknown-elf-gcc/bin/../lib/gcc/riscv64-unknown-elf/7.2.0/../../../../riscv64-unknown-elf/lib/rv32i/ilp32\libg_nano.a(lib_a-impure.o)
 .sdata._impure_ptr
                0x0000000000000000        0x4 c:/microsemi/softconsole_v6.0/riscv-unknown-elf-gcc/bin/../lib/gcc/riscv64-unknown-elf/7.2.0/../../../../riscv64-unknown-elf/lib/rv32i/ilp32\libg_nano.a(lib_a-impure.o)

Memory Configuration

Name             Origin             Length             Attributes
ram              0x0000000080000000 0x0000000000010000 xrw
*default*        0x0000000000000000 0xffffffffffffffff

Linker script and memory map

LOAD ./riscv_hal/entry.o
LOAD ./riscv_hal/init.o
LOAD ./riscv_hal/riscv_hal.o
LOAD ./riscv_hal/riscv_hal_stubs.o
LOAD ./riscv_hal/syscall.o
LOAD ./hal/hal_irq.o
LOAD ./hal/hw_reg_access.o
LOAD ./drivers/CoreUARTapb/core_uart_apb.o
LOAD ./drivers/CoreGPIO/core_gpio.o
LOAD ./main.o
LOAD c:/microsemi/softconsole_v6.0/riscv-unknown-elf-gcc/bin/../lib/gcc/riscv64-unknown-elf/7.2.0/rv32i/ilp32\libgcc.a
LOAD c:/microsemi/softconsole_v6.0/riscv-unknown-elf-gcc/bin/../lib/gcc/riscv64-unknown-elf/7.2.0/../../../../riscv64-unknown-elf/lib/rv32i/ilp32\libg_nano.a
LOAD c:/microsemi/softconsole_v6.0/riscv-unknown-elf-gcc/bin/../lib/gcc/riscv64-unknown-elf/7.2.0/../../../../riscv64-unknown-elf/lib/rv32i/ilp32\libc_nano.a
LOAD c:/microsemi/softconsole_v6.0/riscv-unknown-elf-gcc/bin/../lib/gcc/riscv64-unknown-elf/7.2.0/rv32i/ilp32\libgcc.a
START GROUP
LOAD c:/microsemi/softconsole_v6.0/riscv-unknown-elf-gcc/bin/../lib/gcc/riscv64-unknown-elf/7.2.0/rv32i/ilp32\libgcc.a
LOAD c:/microsemi/softconsole_v6.0/riscv-unknown-elf-gcc/bin/../lib/gcc/riscv64-unknown-elf/7.2.0/../../../../riscv64-unknown-elf/lib/rv32i/ilp32\libc_nano.a
END GROUP
                0x0000000080000000                RAM_START_ADDRESS = 0x80000000
                0x0000000000005000                RAM_SIZE = 0x5000
                0x0000000000000800                STACK_SIZE = 0x800
                0x0000000000000800                HEAP_SIZE = 0x800

.text           0x0000000080000000     0x11c0
 *(SORT(.text.entry))
 .text.entry    0x0000000080000000      0x160 ./riscv_hal/entry.o
                0x0000000080000000                _start
                0x0000000080000160                . = ALIGN (0x10)
 *(.text .text.* .gnu.linkonce.t.*)
 .text.copy_section
                0x0000000080000160       0x60 ./riscv_hal/init.o
 .text.zero_section
                0x00000000800001c0       0x50 ./riscv_hal/init.o
 .text._init    0x0000000080000210       0x9c ./riscv_hal/init.o
                0x0000000080000210                _init
 .text._fini    0x00000000800002ac       0x1c ./riscv_hal/init.o
                0x00000000800002ac                _fini
 .text.PLIC_DisableIRQ
                0x00000000800002c8       0xb8 ./riscv_hal/riscv_hal.o
 .text.PLIC_ClaimIRQ
                0x0000000080000380       0x44 ./riscv_hal/riscv_hal.o
 .text.PLIC_CompleteIRQ
                0x00000000800003c4       0x4c ./riscv_hal/riscv_hal.o
 .text.handle_m_timer_interrupt
                0x0000000080000410       0xa8 ./riscv_hal/riscv_hal.o
 .text.handle_m_ext_interrupt
                0x00000000800004b8       0x70 ./riscv_hal/riscv_hal.o
 .text.handle_m_soft_interrupt
                0x0000000080000528       0x30 ./riscv_hal/riscv_hal.o
 .text.handle_trap
                0x0000000080000558       0xfc ./riscv_hal/riscv_hal.o
                0x0000000080000558                handle_trap
 .text.Software_IRQHandler
                0x0000000080000654       0x18 ./riscv_hal/riscv_hal_stubs.o
                0x0000000080000654                Software_IRQHandler
 .text.SysTick_Handler
                0x000000008000066c       0x1c ./riscv_hal/riscv_hal_stubs.o
                0x000000008000066c                SysTick_Handler
 .text.Invalid_IRQHandler
                0x0000000080000688       0x20 ./riscv_hal/riscv_hal_stubs.o
                0x0000000080000688                Invalid_IRQHandler
 .text.External_1_IRQHandler
                0x00000000800006a8       0x20 ./riscv_hal/riscv_hal_stubs.o
                0x00000000800006a8                External_1_IRQHandler
 .text.External_2_IRQHandler
                0x00000000800006c8       0x20 ./riscv_hal/riscv_hal_stubs.o
                0x00000000800006c8                External_2_IRQHandler
 .text.External_3_IRQHandler
                0x00000000800006e8       0x20 ./riscv_hal/riscv_hal_stubs.o
                0x00000000800006e8                External_3_IRQHandler
 .text.External_4_IRQHandler
                0x0000000080000708       0x20 ./riscv_hal/riscv_hal_stubs.o
                0x0000000080000708                External_4_IRQHandler
 .text.External_5_IRQHandler
                0x0000000080000728       0x20 ./riscv_hal/riscv_hal_stubs.o
                0x0000000080000728                External_5_IRQHandler
 .text.External_6_IRQHandler
                0x0000000080000748       0x20 ./riscv_hal/riscv_hal_stubs.o
                0x0000000080000748                External_6_IRQHandler
 .text.External_7_IRQHandler
                0x0000000080000768       0x20 ./riscv_hal/riscv_hal_stubs.o
                0x0000000080000768                External_7_IRQHandler
 .text.External_8_IRQHandler
                0x0000000080000788       0x20 ./riscv_hal/riscv_hal_stubs.o
                0x0000000080000788                External_8_IRQHandler
 .text.External_9_IRQHandler
                0x00000000800007a8       0x20 ./riscv_hal/riscv_hal_stubs.o
                0x00000000800007a8                External_9_IRQHandler
 .text.External_10_IRQHandler
                0x00000000800007c8       0x20 ./riscv_hal/riscv_hal_stubs.o
                0x00000000800007c8                External_10_IRQHandler
 .text.External_11_IRQHandler
                0x00000000800007e8       0x20 ./riscv_hal/riscv_hal_stubs.o
                0x00000000800007e8                External_11_IRQHandler
 .text.External_12_IRQHandler
                0x0000000080000808       0x20 ./riscv_hal/riscv_hal_stubs.o
                0x0000000080000808                External_12_IRQHandler
 .text.External_13_IRQHandler
                0x0000000080000828       0x20 ./riscv_hal/riscv_hal_stubs.o
                0x0000000080000828                External_13_IRQHandler
 .text.External_14_IRQHandler
                0x0000000080000848       0x20 ./riscv_hal/riscv_hal_stubs.o
                0x0000000080000848                External_14_IRQHandler
 .text.External_15_IRQHandler
                0x0000000080000868       0x20 ./riscv_hal/riscv_hal_stubs.o
                0x0000000080000868                External_15_IRQHandler
 .text.External_16_IRQHandler
                0x0000000080000888       0x20 ./riscv_hal/riscv_hal_stubs.o
                0x0000000080000888                External_16_IRQHandler
 .text.External_17_IRQHandler
                0x00000000800008a8       0x20 ./riscv_hal/riscv_hal_stubs.o
                0x00000000800008a8                External_17_IRQHandler
 .text.External_18_IRQHandler
                0x00000000800008c8       0x20 ./riscv_hal/riscv_hal_stubs.o
                0x00000000800008c8                External_18_IRQHandler
 .text.External_19_IRQHandler
                0x00000000800008e8       0x20 ./riscv_hal/riscv_hal_stubs.o
                0x00000000800008e8                External_19_IRQHandler
 .text.External_20_IRQHandler
                0x0000000080000908       0x20 ./riscv_hal/riscv_hal_stubs.o
                0x0000000080000908                External_20_IRQHandler
 .text.External_21_IRQHandler
                0x0000000080000928       0x20 ./riscv_hal/riscv_hal_stubs.o
                0x0000000080000928                External_21_IRQHandler
 .text.External_22_IRQHandler
                0x0000000080000948       0x20 ./riscv_hal/riscv_hal_stubs.o
                0x0000000080000948                External_22_IRQHandler
 .text.External_23_IRQHandler
                0x0000000080000968       0x20 ./riscv_hal/riscv_hal_stubs.o
                0x0000000080000968                External_23_IRQHandler
 .text.External_24_IRQHandler
                0x0000000080000988       0x20 ./riscv_hal/riscv_hal_stubs.o
                0x0000000080000988                External_24_IRQHandler
 .text.External_25_IRQHandler
                0x00000000800009a8       0x20 ./riscv_hal/riscv_hal_stubs.o
                0x00000000800009a8                External_25_IRQHandler
 .text.External_26_IRQHandler
                0x00000000800009c8       0x20 ./riscv_hal/riscv_hal_stubs.o
                0x00000000800009c8                External_26_IRQHandler
 .text.External_27_IRQHandler
                0x00000000800009e8       0x20 ./riscv_hal/riscv_hal_stubs.o
                0x00000000800009e8                External_27_IRQHandler
 .text.External_28_IRQHandler
                0x0000000080000a08       0x20 ./riscv_hal/riscv_hal_stubs.o
                0x0000000080000a08                External_28_IRQHandler
 .text.External_29_IRQHandler
                0x0000000080000a28       0x20 ./riscv_hal/riscv_hal_stubs.o
                0x0000000080000a28                External_29_IRQHandler
 .text.External_30_IRQHandler
                0x0000000080000a48       0x20 ./riscv_hal/riscv_hal_stubs.o
                0x0000000080000a48                External_30_IRQHandler
 .text.External_31_IRQHandler
                0x0000000080000a68       0x20 ./riscv_hal/riscv_hal_stubs.o
                0x0000000080000a68                External_31_IRQHandler
 .text._exit    0x0000000080000a88       0x14 ./riscv_hal/syscall.o
                0x0000000080000a88                _exit
 .text          0x0000000080000a9c       0xd8 ./hal/hw_reg_access.o
                0x0000000080000a9c                HW_set_32bit_reg
                0x0000000080000aa4                HW_get_32bit_reg
                0x0000000080000aac                HW_set_32bit_reg_field
                0x0000000080000ad4                HW_get_32bit_reg_field
                0x0000000080000ae4                HW_set_16bit_reg
                0x0000000080000aec                HW_get_16bit_reg
                0x0000000080000af4                HW_set_16bit_reg_field
                0x0000000080000b1c                HW_get_16bit_reg_field
                0x0000000080000b2c                HW_set_8bit_reg
                0x0000000080000b34                HW_get_8bit_reg
                0x0000000080000b3c                HW_set_8bit_reg_field
                0x0000000080000b64                HW_get_8bit_reg_field
 .text.GPIO_init
                0x0000000080000b74      0x174 ./drivers/CoreGPIO/core_gpio.o
                0x0000000080000b74                GPIO_init
 .text.GPIO_config
                0x0000000080000ce8       0x68 ./drivers/CoreGPIO/core_gpio.o
                0x0000000080000ce8                GPIO_config
 .text.GPIO_set_outputs
                0x0000000080000d50      0x14c ./drivers/CoreGPIO/core_gpio.o
                0x0000000080000d50                GPIO_set_outputs
 .text.GPIO_get_outputs
                0x0000000080000e9c      0x178 ./drivers/CoreGPIO/core_gpio.o
                0x0000000080000e9c                GPIO_get_outputs
 .text.PLIC_init
                0x0000000080001014       0xd0 ./main.o
 .text.main     0x00000000800010e4       0xc0 ./main.o
                0x00000000800010e4                main
 *(.plt)
                0x00000000800011b0                . = ALIGN (0x10)
 *fill*         0x00000000800011a4        0xc 
 *crtbegin.o(.ctors)
 *(EXCLUDE_FILE(*crtend.o) .ctors)
 *(SORT(.ctors.*))
 *crtend.o(.ctors)
 *crtbegin.o(.dtors)
 *(EXCLUDE_FILE(*crtend.o) .dtors)
 *(SORT(.dtors.*))
 *crtend.o(.dtors)
 *(.rodata .rodata.* .gnu.linkonce.r.*)
 .rodata        0x00000000800011b0        0x6 ./riscv_hal/init.o
 *(.gcc_except_table)
 *(.eh_frame_hdr)
 *(.eh_frame)
 *(.init)
 *(.fini)
                [!provide]                        PROVIDE (__preinit_array_start, .)
 *(.preinit_array)
                [!provide]                        PROVIDE (__preinit_array_end, .)
                [!provide]                        PROVIDE (__init_array_start, .)
 *(SORT(.init_array.*))
 *(.init_array)
                [!provide]                        PROVIDE (__init_array_end, .)
                [!provide]                        PROVIDE (__fini_array_start, .)
 *(.fini_array)
 *(SORT(.fini_array.*))
                [!provide]                        PROVIDE (__fini_array_end, .)
                0x00000000800011c0                . = ALIGN (0x10)
 *fill*         0x00000000800011b6        0xa 

.rela.dyn       0x00000000800011c0        0x0
 .rela.text.entry
                0x00000000800011c0        0x0 ./riscv_hal/entry.o
 .rela.text._init
                0x00000000800011c0        0x0 ./riscv_hal/entry.o
 .rela.text.SysTick_Config
                0x00000000800011c0        0x0 ./riscv_hal/entry.o
 .rela.text.handle_m_timer_interrupt
                0x00000000800011c0        0x0 ./riscv_hal/entry.o
 .rela.data.ext_irq_handler_table
                0x00000000800011c0        0x0 ./riscv_hal/entry.o
 .rela.text.handle_m_soft_interrupt
                0x00000000800011c0        0x0 ./riscv_hal/entry.o
 .rela.text.Software_IRQHandler
                0x00000000800011c0        0x0 ./riscv_hal/entry.o
 .rela.text.write_hex
                0x00000000800011c0        0x0 ./riscv_hal/entry.o
 .rela.sdata.curbrk.3484
                0x00000000800011c0        0x0 ./riscv_hal/entry.o
 .rela.text._sbrk
                0x00000000800011c0        0x0 ./riscv_hal/entry.o
 .rela.text._isatty
                0x00000000800011c0        0x0 ./riscv_hal/entry.o
 .rela.text.stub
                0x00000000800011c0        0x0 ./riscv_hal/entry.o
 .rela.text._fstat
                0x00000000800011c0        0x0 ./riscv_hal/entry.o
 .rela.text.main
                0x00000000800011c0        0x0 ./riscv_hal/entry.o
 .rela.text.write
                0x00000000800011c0        0x0 ./riscv_hal/entry.o
 .rela.text._write_r
                0x00000000800011c0        0x0 ./riscv_hal/entry.o
 .rela.data.impure_data
                0x00000000800011c0        0x0 ./riscv_hal/entry.o

.sdata          0x00000000800011c0        0x0
                0x00000000800011c0                __sdata_load = LOADADDR (.sdata)
                0x00000000800011c0                __sdata_start = .
                0x00000000800019c0                PROVIDE (__global_pointer$, (. + 0x800))
 *(.srodata.cst16)
 *(.srodata.cst8)
 *(.srodata.cst4)
 *(.srodata.cst2)
 *(.srodata*)
 *(.sdata .sdata.* .gnu.linkonce.s.*)
                0x00000000800011c0                . = ALIGN (0x10)
                0x00000000800011c0                __sdata_end = .

.data           0x00000000800011c0       0x80
                0x00000000800011c0                __data_load = LOADADDR (.data)
                0x00000000800011c0                __data_start = .
 *(.got.plt)
 *(.got)
 *(.shdata)
 *(.data .data.* .gnu.linkonce.d.*)
 .data.ext_irq_handler_table
                0x00000000800011c0       0x80 ./riscv_hal/riscv_hal.o
                0x00000000800011c0                ext_irq_handler_table
                0x0000000080001240                . = ALIGN (0x10)
                0x0000000080001240                __data_end = .

.sbss           0x0000000080001240       0x10
                0x0000000080001240                __sbss_start = .
 *(.sbss .sbss.* .gnu.linkonce.sb.*)
 .sbss.g_systick_increment
                0x0000000080001240        0x8 ./riscv_hal/riscv_hal.o
 *(.scommon)
                0x0000000080001250                . = ALIGN (0x10)
 *fill*         0x0000000080001248        0x8 
                0x0000000080001250                __sbss_end = .

.bss            0x0000000080001250       0x10
                0x0000000080001250                __bss_start = .
 *(.shbss)
 *(.bss .bss.* .gnu.linkonce.b.*)
 *(COMMON)
 COMMON         0x0000000080001250        0x8 ./main.o
                0x0000000080001250                g_gpio
                0x0000000080001260                . = ALIGN (0x10)
 *fill*         0x0000000080001258        0x8 
                0x0000000080001260                __bss_end = .
                0x0000000080001260                _end = .

.heap           0x0000000080001260      0x800
                0x0000000080001260                __heap_start = .
                0x0000000080001a60                . = (. + HEAP_SIZE)
 *fill*         0x0000000080001260      0x800 
                0x0000000080001a60                __heap_end = .
                0x0000000080001a60                . = ALIGN (0x10)
                0x0000000080001a60                _heap_end = __heap_end

.stack          0x0000000080001a60      0x800
                0x0000000080001a60                __stack_bottom = .
                0x0000000080002260                . = (. + STACK_SIZE)
 *fill*         0x0000000080001a60      0x800 
                0x0000000080002260                __stack_top = .
OUTPUT(RV32_simple_blink.elf elf32-littleriscv)

.debug_line     0x0000000000000000     0x2674
 .debug_line    0x0000000000000000      0x237 ./riscv_hal/entry.o
 .debug_line    0x0000000000000237      0x404 ./riscv_hal/init.o
 .debug_line    0x000000000000063b      0x58f ./riscv_hal/riscv_hal.o
 .debug_line    0x0000000000000bca      0x6b5 ./riscv_hal/riscv_hal_stubs.o
 .debug_line    0x000000000000127f      0x6e4 ./riscv_hal/syscall.o
 .debug_line    0x0000000000001963      0x185 ./hal/hw_reg_access.o
 .debug_line    0x0000000000001ae8      0x79d ./drivers/CoreGPIO/core_gpio.o
 .debug_line    0x0000000000002285      0x3ef ./main.o

.debug_info     0x0000000000000000     0x38ac
 .debug_info    0x0000000000000000       0x26 ./riscv_hal/entry.o
 .debug_info    0x0000000000000026      0xa5f ./riscv_hal/init.o
 .debug_info    0x0000000000000a85      0xfe7 ./riscv_hal/riscv_hal.o
 .debug_info    0x0000000000001a6c      0x3a4 ./riscv_hal/riscv_hal_stubs.o
 .debug_info    0x0000000000001e10     0x1069 ./riscv_hal/syscall.o
 .debug_info    0x0000000000002e79       0x26 ./hal/hw_reg_access.o
 .debug_info    0x0000000000002e9f      0x5f9 ./drivers/CoreGPIO/core_gpio.o
 .debug_info    0x0000000000003498      0x414 ./main.o

.debug_abbrev   0x0000000000000000      0xb51
 .debug_abbrev  0x0000000000000000       0x14 ./riscv_hal/entry.o
 .debug_abbrev  0x0000000000000014      0x232 ./riscv_hal/init.o
 .debug_abbrev  0x0000000000000246      0x2ec ./riscv_hal/riscv_hal.o
 .debug_abbrev  0x0000000000000532       0x9e ./riscv_hal/riscv_hal_stubs.o
 .debug_abbrev  0x00000000000005d0      0x2b8 ./riscv_hal/syscall.o
 .debug_abbrev  0x0000000000000888       0x14 ./hal/hw_reg_access.o
 .debug_abbrev  0x000000000000089c      0x160 ./drivers/CoreGPIO/core_gpio.o
 .debug_abbrev  0x00000000000009fc      0x155 ./main.o

.debug_aranges  0x0000000000000000      0x368
 .debug_aranges
                0x0000000000000000       0x20 ./riscv_hal/entry.o
 .debug_aranges
                0x0000000000000020       0x38 ./riscv_hal/init.o
 .debug_aranges
                0x0000000000000058       0x68 ./riscv_hal/riscv_hal.o
 .debug_aranges
                0x00000000000000c0      0x128 ./riscv_hal/riscv_hal_stubs.o
 .debug_aranges
                0x00000000000001e8       0xc0 ./riscv_hal/syscall.o
 .debug_aranges
                0x00000000000002a8       0x20 ./hal/hw_reg_access.o
 .debug_aranges
                0x00000000000002c8       0x78 ./drivers/CoreGPIO/core_gpio.o
 .debug_aranges
                0x0000000000000340       0x28 ./main.o

.debug_str      0x0000000000000000     0xb8d2
 .debug_str     0x0000000000000000       0x52 ./riscv_hal/entry.o
 .debug_str     0x0000000000000052     0x8a9e ./riscv_hal/init.o
                                       0x8d2f (size before relaxing)
 .debug_str     0x0000000000008af0      0x543 ./riscv_hal/riscv_hal.o
                                       0x91dd (size before relaxing)
 .debug_str     0x0000000000009033      0x316 ./riscv_hal/riscv_hal_stubs.o
                                       0x659b (size before relaxing)
 .debug_str     0x0000000000009349     0x12f4 ./riscv_hal/syscall.o
                                       0x9fe0 (size before relaxing)
 .debug_str     0x000000000000a63d       0x17 ./hal/hw_reg_access.o
                                         0x54 (size before relaxing)
 .debug_str     0x000000000000a654     0x1145 ./drivers/CoreGPIO/core_gpio.o
                                       0x44dc (size before relaxing)
 .debug_str     0x000000000000b799      0x139 ./main.o
                                       0x522d (size before relaxing)

.debug_ranges   0x0000000000000000      0x2c8
 .debug_ranges  0x0000000000000000       0x28 ./riscv_hal/init.o
 .debug_ranges  0x0000000000000028       0x58 ./riscv_hal/riscv_hal.o
 .debug_ranges  0x0000000000000080      0x118 ./riscv_hal/riscv_hal_stubs.o
 .debug_ranges  0x0000000000000198       0xb0 ./riscv_hal/syscall.o
 .debug_ranges  0x0000000000000248       0x68 ./drivers/CoreGPIO/core_gpio.o
 .debug_ranges  0x00000000000002b0       0x18 ./main.o

.debug_macro    0x0000000000000000     0x323f
 .debug_macro   0x0000000000000000      0x1d7 ./riscv_hal/init.o
 .debug_macro   0x00000000000001d7      0x730 ./riscv_hal/init.o
 .debug_macro   0x0000000000000907       0x22 ./riscv_hal/init.o
 .debug_macro   0x0000000000000929       0x4c ./riscv_hal/init.o
 .debug_macro   0x0000000000000975       0x8d ./riscv_hal/init.o
 .debug_macro   0x0000000000000a02       0x34 ./riscv_hal/init.o
 .debug_macro   0x0000000000000a36       0x9c ./riscv_hal/init.o
 .debug_macro   0x0000000000000ad2       0x16 ./riscv_hal/init.o
 .debug_macro   0x0000000000000ae8      0x10e ./riscv_hal/init.o
 .debug_macro   0x0000000000000bf6       0x8d ./riscv_hal/init.o
 .debug_macro   0x0000000000000c83       0x57 ./riscv_hal/init.o
 .debug_macro   0x0000000000000cda       0x52 ./riscv_hal/init.o
 .debug_macro   0x0000000000000d2c       0x1f ./riscv_hal/init.o
 .debug_macro   0x0000000000000d4b       0x43 ./riscv_hal/init.o
 .debug_macro   0x0000000000000d8e       0x20 ./riscv_hal/init.o
 .debug_macro   0x0000000000000dae      0x187 ./riscv_hal/init.o
 .debug_macro   0x0000000000000f35      0x30d ./riscv_hal/init.o
 .debug_macro   0x0000000000001242       0x16 ./riscv_hal/init.o
 .debug_macro   0x0000000000001258       0x29 ./riscv_hal/init.o
 .debug_macro   0x0000000000001281       0xef ./riscv_hal/init.o
 .debug_macro   0x0000000000001370       0x6a ./riscv_hal/init.o
 .debug_macro   0x00000000000013da      0x1df ./riscv_hal/init.o
 .debug_macro   0x00000000000015b9       0x16 ./riscv_hal/init.o
 .debug_macro   0x00000000000015cf       0x10 ./riscv_hal/init.o
 .debug_macro   0x00000000000015df       0x35 ./riscv_hal/init.o
 .debug_macro   0x0000000000001614       0x1c ./riscv_hal/init.o
 .debug_macro   0x0000000000001630       0x52 ./riscv_hal/init.o
 .debug_macro   0x0000000000001682       0x40 ./riscv_hal/init.o
 .debug_macro   0x00000000000016c2       0x10 ./riscv_hal/init.o
 .debug_macro   0x00000000000016d2       0x40 ./riscv_hal/init.o
 .debug_macro   0x0000000000001712       0xd7 ./riscv_hal/init.o
 .debug_macro   0x00000000000017e9       0x1c ./riscv_hal/init.o
 .debug_macro   0x0000000000001805       0x3d ./riscv_hal/init.o
 .debug_macro   0x0000000000001842      0x51a ./riscv_hal/init.o
 .debug_macro   0x0000000000001d5c      0x2dc ./riscv_hal/init.o
 .debug_macro   0x0000000000002038      0x207 ./riscv_hal/riscv_hal.o
 .debug_macro   0x000000000000223f       0x28 ./riscv_hal/riscv_hal.o
 .debug_macro   0x0000000000002267       0x10 ./riscv_hal/riscv_hal.o
 .debug_macro   0x0000000000002277      0x167 ./riscv_hal/riscv_hal_stubs.o
 .debug_macro   0x00000000000023de       0x10 ./riscv_hal/riscv_hal_stubs.o
 .debug_macro   0x00000000000023ee       0xcf ./riscv_hal/riscv_hal_stubs.o
 .debug_macro   0x00000000000024bd       0xbe ./riscv_hal/riscv_hal_stubs.o
 .debug_macro   0x000000000000257b      0x292 ./riscv_hal/syscall.o
 .debug_macro   0x000000000000280d       0x87 ./riscv_hal/syscall.o
 .debug_macro   0x0000000000002894       0x51 ./riscv_hal/syscall.o
 .debug_macro   0x00000000000028e5       0x52 ./riscv_hal/syscall.o
 .debug_macro   0x0000000000002937       0x10 ./riscv_hal/syscall.o
 .debug_macro   0x0000000000002947      0x241 ./riscv_hal/syscall.o
 .debug_macro   0x0000000000002b88       0x16 ./riscv_hal/syscall.o
 .debug_macro   0x0000000000002b9e       0x10 ./riscv_hal/syscall.o
 .debug_macro   0x0000000000002bae       0x10 ./riscv_hal/syscall.o
 .debug_macro   0x0000000000002bbe       0x35 ./riscv_hal/syscall.o
 .debug_macro   0x0000000000002bf3      0x122 ./riscv_hal/syscall.o
 .debug_macro   0x0000000000002d15       0x1c ./riscv_hal/syscall.o
 .debug_macro   0x0000000000002d31       0x10 ./riscv_hal/syscall.o
 .debug_macro   0x0000000000002d41       0x10 ./riscv_hal/syscall.o
 .debug_macro   0x0000000000002d51       0x16 ./riscv_hal/syscall.o
 .debug_macro   0x0000000000002d67      0x176 ./riscv_hal/syscall.o
 .debug_macro   0x0000000000002edd       0x16 ./riscv_hal/syscall.o
 .debug_macro   0x0000000000002ef3       0xcf ./drivers/CoreGPIO/core_gpio.o
 .debug_macro   0x0000000000002fc2      0x11c ./drivers/CoreGPIO/core_gpio.o
 .debug_macro   0x00000000000030de       0x64 ./drivers/CoreGPIO/core_gpio.o
 .debug_macro   0x0000000000003142       0xcf ./main.o
 .debug_macro   0x0000000000003211       0x2e ./main.o

.comment        0x0000000000000000       0x58
 .comment       0x0000000000000000       0x58 ./riscv_hal/init.o
                                         0x59 (size before relaxing)
 .comment       0x0000000000000058       0x59 ./riscv_hal/riscv_hal.o
 .comment       0x0000000000000058       0x59 ./riscv_hal/riscv_hal_stubs.o
 .comment       0x0000000000000058       0x59 ./riscv_hal/syscall.o
 .comment       0x0000000000000058       0x59 ./drivers/CoreGPIO/core_gpio.o
 .comment       0x0000000000000058       0x59 ./main.o

.debug_frame    0x0000000000000000      0xb68
 .debug_frame   0x0000000000000000       0x94 ./riscv_hal/init.o
 .debug_frame   0x0000000000000094      0x16c ./riscv_hal/riscv_hal.o
 .debug_frame   0x0000000000000200      0x44c ./riscv_hal/riscv_hal_stubs.o
 .debug_frame   0x000000000000064c      0x2ec ./riscv_hal/syscall.o
 .debug_frame   0x0000000000000938      0x1e4 ./drivers/CoreGPIO/core_gpio.o
 .debug_frame   0x0000000000000b1c       0x4c ./main.o
