Archive member included to satisfy reference by file (symbol)

c:/microsemi/softconsole_v6.0/riscv-unknown-elf-gcc/bin/../lib/gcc/riscv64-unknown-elf/7.2.0/rv32i/ilp32\libgcc.a(div.o)
                              ./riscv_hal/riscv_hal.o (__udivsi3)
c:/microsemi/softconsole_v6.0/riscv-unknown-elf-gcc/bin/../lib/gcc/riscv64-unknown-elf/7.2.0/../../../../riscv64-unknown-elf/lib/rv32i/ilp32\libg_nano.a(lib_a-sysisatty.o)
                              ./riscv_hal/syscall.o (isatty)
c:/microsemi/softconsole_v6.0/riscv-unknown-elf-gcc/bin/../lib/gcc/riscv64-unknown-elf/7.2.0/../../../../riscv64-unknown-elf/lib/rv32i/ilp32\libg_nano.a(lib_a-syswrite.o)
                              ./riscv_hal/syscall.o (write)
c:/microsemi/softconsole_v6.0/riscv-unknown-elf-gcc/bin/../lib/gcc/riscv64-unknown-elf/7.2.0/../../../../riscv64-unknown-elf/lib/rv32i/ilp32\libg_nano.a(lib_a-writer.o)
                              c:/microsemi/softconsole_v6.0/riscv-unknown-elf-gcc/bin/../lib/gcc/riscv64-unknown-elf/7.2.0/../../../../riscv64-unknown-elf/lib/rv32i/ilp32\libg_nano.a(lib_a-syswrite.o) (_write_r)
c:/microsemi/softconsole_v6.0/riscv-unknown-elf-gcc/bin/../lib/gcc/riscv64-unknown-elf/7.2.0/../../../../riscv64-unknown-elf/lib/rv32i/ilp32\libg_nano.a(lib_a-impure.o)
                              c:/microsemi/softconsole_v6.0/riscv-unknown-elf-gcc/bin/../lib/gcc/riscv64-unknown-elf/7.2.0/../../../../riscv64-unknown-elf/lib/rv32i/ilp32\libg_nano.a(lib_a-syswrite.o) (_impure_ptr)

Allocating common symbols
Common symbol       size              file

g_gpio1             0x8               ./main.o
errno               0x4               ./riscv_hal/syscall.o
g_gpio0             0x8               ./main.o

Discarded input sections

 .text          0x0000000000000000        0x0 ./riscv_hal/entry.o
 .data          0x0000000000000000        0x0 ./riscv_hal/entry.o
 .bss           0x0000000000000000        0x0 ./riscv_hal/entry.o
 .group         0x0000000000000000        0x8 ./riscv_hal/init.o
 .group         0x0000000000000000        0x8 ./riscv_hal/init.o
 .group         0x0000000000000000        0x8 ./riscv_hal/init.o
 .group         0x0000000000000000        0x8 ./riscv_hal/init.o
 .group         0x0000000000000000        0x8 ./riscv_hal/init.o
 .group         0x0000000000000000        0x8 ./riscv_hal/init.o
 .group         0x0000000000000000        0x8 ./riscv_hal/init.o
 .group         0x0000000000000000        0x8 ./riscv_hal/init.o
 .group         0x0000000000000000        0x8 ./riscv_hal/init.o
 .group         0x0000000000000000        0x8 ./riscv_hal/init.o
 .group         0x0000000000000000        0x8 ./riscv_hal/init.o
 .group         0x0000000000000000        0x8 ./riscv_hal/init.o
 .group         0x0000000000000000        0x8 ./riscv_hal/init.o
 .group         0x0000000000000000        0x8 ./riscv_hal/init.o
 .group         0x0000000000000000        0x8 ./riscv_hal/init.o
 .group         0x0000000000000000        0x8 ./riscv_hal/init.o
 .group         0x0000000000000000        0x8 ./riscv_hal/init.o
 .group         0x0000000000000000        0x8 ./riscv_hal/init.o
 .group         0x0000000000000000        0x8 ./riscv_hal/init.o
 .group         0x0000000000000000        0x8 ./riscv_hal/init.o
 .group         0x0000000000000000        0x8 ./riscv_hal/init.o
 .group         0x0000000000000000        0x8 ./riscv_hal/init.o
 .group         0x0000000000000000        0x8 ./riscv_hal/init.o
 .group         0x0000000000000000        0x8 ./riscv_hal/init.o
 .group         0x0000000000000000        0x8 ./riscv_hal/init.o
 .group         0x0000000000000000        0x8 ./riscv_hal/init.o
 .group         0x0000000000000000        0x8 ./riscv_hal/init.o
 .group         0x0000000000000000        0x8 ./riscv_hal/init.o
 .group         0x0000000000000000        0x8 ./riscv_hal/init.o
 .group         0x0000000000000000        0x8 ./riscv_hal/init.o
 .group         0x0000000000000000        0x8 ./riscv_hal/init.o
 .group         0x0000000000000000        0x8 ./riscv_hal/init.o
 .group         0x0000000000000000        0x8 ./riscv_hal/init.o
 .group         0x0000000000000000        0x8 ./riscv_hal/init.o
 .text          0x0000000000000000        0x0 ./riscv_hal/init.o
 .data          0x0000000000000000        0x0 ./riscv_hal/init.o
 .bss           0x0000000000000000        0x0 ./riscv_hal/init.o
 .group         0x0000000000000000        0x8 ./riscv_hal/riscv_hal.o
 .group         0x0000000000000000        0x8 ./riscv_hal/riscv_hal.o
 .group         0x0000000000000000        0x8 ./riscv_hal/riscv_hal.o
 .group         0x0000000000000000        0x8 ./riscv_hal/riscv_hal.o
 .group         0x0000000000000000        0x8 ./riscv_hal/riscv_hal.o
 .group         0x0000000000000000        0x8 ./riscv_hal/riscv_hal.o
 .group         0x0000000000000000        0x8 ./riscv_hal/riscv_hal.o
 .group         0x0000000000000000        0x8 ./riscv_hal/riscv_hal.o
 .group         0x0000000000000000        0x8 ./riscv_hal/riscv_hal.o
 .group         0x0000000000000000        0x8 ./riscv_hal/riscv_hal.o
 .group         0x0000000000000000        0x8 ./riscv_hal/riscv_hal.o
 .group         0x0000000000000000        0x8 ./riscv_hal/riscv_hal.o
 .group         0x0000000000000000        0x8 ./riscv_hal/riscv_hal.o
 .group         0x0000000000000000        0x8 ./riscv_hal/riscv_hal.o
 .group         0x0000000000000000        0x8 ./riscv_hal/riscv_hal.o
 .group         0x0000000000000000        0x8 ./riscv_hal/riscv_hal.o
 .group         0x0000000000000000        0x8 ./riscv_hal/riscv_hal.o
 .group         0x0000000000000000        0x8 ./riscv_hal/riscv_hal.o
 .group         0x0000000000000000        0x8 ./riscv_hal/riscv_hal.o
 .group         0x0000000000000000        0x8 ./riscv_hal/riscv_hal.o
 .group         0x0000000000000000        0x8 ./riscv_hal/riscv_hal.o
 .group         0x0000000000000000        0x8 ./riscv_hal/riscv_hal.o
 .group         0x0000000000000000        0x8 ./riscv_hal/riscv_hal.o
 .group         0x0000000000000000        0x8 ./riscv_hal/riscv_hal.o
 .group         0x0000000000000000        0x8 ./riscv_hal/riscv_hal.o
 .group         0x0000000000000000        0x8 ./riscv_hal/riscv_hal.o
 .group         0x0000000000000000        0x8 ./riscv_hal/riscv_hal.o
 .group         0x0000000000000000        0x8 ./riscv_hal/riscv_hal.o
 .group         0x0000000000000000        0x8 ./riscv_hal/riscv_hal.o
 .group         0x0000000000000000        0x8 ./riscv_hal/riscv_hal.o
 .group         0x0000000000000000        0x8 ./riscv_hal/riscv_hal.o
 .group         0x0000000000000000        0x8 ./riscv_hal/riscv_hal.o
 .group         0x0000000000000000        0x8 ./riscv_hal/riscv_hal.o
 .group         0x0000000000000000        0x8 ./riscv_hal/riscv_hal.o
 .group         0x0000000000000000        0x8 ./riscv_hal/riscv_hal.o
 .group         0x0000000000000000        0x8 ./riscv_hal/riscv_hal.o
 .text          0x0000000000000000        0x0 ./riscv_hal/riscv_hal.o
 .data          0x0000000000000000        0x0 ./riscv_hal/riscv_hal.o
 .bss           0x0000000000000000        0x0 ./riscv_hal/riscv_hal.o
 .text.__enable_irq
                0x0000000000000000       0x24 ./riscv_hal/riscv_hal.o
 .text.SysTick_Config
                0x0000000000000000      0x114 ./riscv_hal/riscv_hal.o
 .debug_macro   0x0000000000000000      0x730 ./riscv_hal/riscv_hal.o
 .debug_macro   0x0000000000000000       0x22 ./riscv_hal/riscv_hal.o
 .debug_macro   0x0000000000000000       0x4c ./riscv_hal/riscv_hal.o
 .debug_macro   0x0000000000000000       0x8d ./riscv_hal/riscv_hal.o
 .debug_macro   0x0000000000000000       0x34 ./riscv_hal/riscv_hal.o
 .debug_macro   0x0000000000000000       0x9c ./riscv_hal/riscv_hal.o
 .debug_macro   0x0000000000000000       0x16 ./riscv_hal/riscv_hal.o
 .debug_macro   0x0000000000000000      0x10e ./riscv_hal/riscv_hal.o
 .debug_macro   0x0000000000000000       0x8d ./riscv_hal/riscv_hal.o
 .debug_macro   0x0000000000000000       0x57 ./riscv_hal/riscv_hal.o
 .debug_macro   0x0000000000000000       0x52 ./riscv_hal/riscv_hal.o
 .debug_macro   0x0000000000000000       0x1f ./riscv_hal/riscv_hal.o
 .debug_macro   0x0000000000000000       0x43 ./riscv_hal/riscv_hal.o
 .debug_macro   0x0000000000000000       0x20 ./riscv_hal/riscv_hal.o
 .debug_macro   0x0000000000000000      0x187 ./riscv_hal/riscv_hal.o
 .debug_macro   0x0000000000000000      0x30d ./riscv_hal/riscv_hal.o
 .debug_macro   0x0000000000000000       0x16 ./riscv_hal/riscv_hal.o
 .debug_macro   0x0000000000000000       0x29 ./riscv_hal/riscv_hal.o
 .debug_macro   0x0000000000000000       0xef ./riscv_hal/riscv_hal.o
 .debug_macro   0x0000000000000000       0x6a ./riscv_hal/riscv_hal.o
 .debug_macro   0x0000000000000000      0x1df ./riscv_hal/riscv_hal.o
 .debug_macro   0x0000000000000000       0x16 ./riscv_hal/riscv_hal.o
 .debug_macro   0x0000000000000000       0x10 ./riscv_hal/riscv_hal.o
 .debug_macro   0x0000000000000000       0x35 ./riscv_hal/riscv_hal.o
 .debug_macro   0x0000000000000000       0x1c ./riscv_hal/riscv_hal.o
 .debug_macro   0x0000000000000000       0x52 ./riscv_hal/riscv_hal.o
 .debug_macro   0x0000000000000000       0x40 ./riscv_hal/riscv_hal.o
 .debug_macro   0x0000000000000000       0x10 ./riscv_hal/riscv_hal.o
 .debug_macro   0x0000000000000000       0x40 ./riscv_hal/riscv_hal.o
 .debug_macro   0x0000000000000000       0xd7 ./riscv_hal/riscv_hal.o
 .debug_macro   0x0000000000000000       0x1c ./riscv_hal/riscv_hal.o
 .debug_macro   0x0000000000000000       0x3d ./riscv_hal/riscv_hal.o
 .debug_macro   0x0000000000000000      0x51a ./riscv_hal/riscv_hal.o
 .debug_macro   0x0000000000000000      0x2dc ./riscv_hal/riscv_hal.o
 .group         0x0000000000000000        0x8 ./riscv_hal/riscv_hal_stubs.o
 .group         0x0000000000000000        0x8 ./riscv_hal/riscv_hal_stubs.o
 .group         0x0000000000000000        0x8 ./riscv_hal/riscv_hal_stubs.o
 .group         0x0000000000000000        0x8 ./riscv_hal/riscv_hal_stubs.o
 .group         0x0000000000000000        0x8 ./riscv_hal/riscv_hal_stubs.o
 .group         0x0000000000000000        0x8 ./riscv_hal/riscv_hal_stubs.o
 .group         0x0000000000000000        0x8 ./riscv_hal/riscv_hal_stubs.o
 .group         0x0000000000000000        0x8 ./riscv_hal/riscv_hal_stubs.o
 .group         0x0000000000000000        0x8 ./riscv_hal/riscv_hal_stubs.o
 .group         0x0000000000000000        0x8 ./riscv_hal/riscv_hal_stubs.o
 .group         0x0000000000000000        0x8 ./riscv_hal/riscv_hal_stubs.o
 .group         0x0000000000000000        0x8 ./riscv_hal/riscv_hal_stubs.o
 .group         0x0000000000000000        0x8 ./riscv_hal/riscv_hal_stubs.o
 .group         0x0000000000000000        0x8 ./riscv_hal/riscv_hal_stubs.o
 .group         0x0000000000000000        0x8 ./riscv_hal/riscv_hal_stubs.o
 .group         0x0000000000000000        0x8 ./riscv_hal/riscv_hal_stubs.o
 .group         0x0000000000000000        0x8 ./riscv_hal/riscv_hal_stubs.o
 .group         0x0000000000000000        0x8 ./riscv_hal/riscv_hal_stubs.o
 .group         0x0000000000000000        0x8 ./riscv_hal/riscv_hal_stubs.o
 .group         0x0000000000000000        0x8 ./riscv_hal/riscv_hal_stubs.o
 .group         0x0000000000000000        0x8 ./riscv_hal/riscv_hal_stubs.o
 .group         0x0000000000000000        0x8 ./riscv_hal/riscv_hal_stubs.o
 .group         0x0000000000000000        0x8 ./riscv_hal/riscv_hal_stubs.o
 .group         0x0000000000000000        0x8 ./riscv_hal/riscv_hal_stubs.o
 .group         0x0000000000000000        0x8 ./riscv_hal/riscv_hal_stubs.o
 .group         0x0000000000000000        0x8 ./riscv_hal/riscv_hal_stubs.o
 .text          0x0000000000000000        0x0 ./riscv_hal/riscv_hal_stubs.o
 .data          0x0000000000000000        0x0 ./riscv_hal/riscv_hal_stubs.o
 .bss           0x0000000000000000        0x0 ./riscv_hal/riscv_hal_stubs.o
 .debug_macro   0x0000000000000000      0x730 ./riscv_hal/riscv_hal_stubs.o
 .debug_macro   0x0000000000000000       0x22 ./riscv_hal/riscv_hal_stubs.o
 .debug_macro   0x0000000000000000       0x4c ./riscv_hal/riscv_hal_stubs.o
 .debug_macro   0x0000000000000000       0x8d ./riscv_hal/riscv_hal_stubs.o
 .debug_macro   0x0000000000000000       0x34 ./riscv_hal/riscv_hal_stubs.o
 .debug_macro   0x0000000000000000       0x9c ./riscv_hal/riscv_hal_stubs.o
 .debug_macro   0x0000000000000000       0x57 ./riscv_hal/riscv_hal_stubs.o
 .debug_macro   0x0000000000000000      0x30d ./riscv_hal/riscv_hal_stubs.o
 .debug_macro   0x0000000000000000       0x10 ./riscv_hal/riscv_hal_stubs.o
 .debug_macro   0x0000000000000000       0x52 ./riscv_hal/riscv_hal_stubs.o
 .debug_macro   0x0000000000000000       0x1f ./riscv_hal/riscv_hal_stubs.o
 .debug_macro   0x0000000000000000       0x43 ./riscv_hal/riscv_hal_stubs.o
 .debug_macro   0x0000000000000000       0x20 ./riscv_hal/riscv_hal_stubs.o
 .debug_macro   0x0000000000000000       0x6a ./riscv_hal/riscv_hal_stubs.o
 .debug_macro   0x0000000000000000       0x1c ./riscv_hal/riscv_hal_stubs.o
 .debug_macro   0x0000000000000000       0x52 ./riscv_hal/riscv_hal_stubs.o
 .debug_macro   0x0000000000000000       0x40 ./riscv_hal/riscv_hal_stubs.o
 .debug_macro   0x0000000000000000       0x10 ./riscv_hal/riscv_hal_stubs.o
 .debug_macro   0x0000000000000000       0x40 ./riscv_hal/riscv_hal_stubs.o
 .debug_macro   0x0000000000000000       0xd7 ./riscv_hal/riscv_hal_stubs.o
 .debug_macro   0x0000000000000000       0x1c ./riscv_hal/riscv_hal_stubs.o
 .debug_macro   0x0000000000000000       0x3d ./riscv_hal/riscv_hal_stubs.o
 .debug_macro   0x0000000000000000      0x51a ./riscv_hal/riscv_hal_stubs.o
 .group         0x0000000000000000        0x8 ./riscv_hal/syscall.o
 .group         0x0000000000000000        0x8 ./riscv_hal/syscall.o
 .group         0x0000000000000000        0x8 ./riscv_hal/syscall.o
 .group         0x0000000000000000        0x8 ./riscv_hal/syscall.o
 .group         0x0000000000000000        0x8 ./riscv_hal/syscall.o
 .group         0x0000000000000000        0x8 ./riscv_hal/syscall.o
 .group         0x0000000000000000        0x8 ./riscv_hal/syscall.o
 .group         0x0000000000000000        0x8 ./riscv_hal/syscall.o
 .group         0x0000000000000000        0x8 ./riscv_hal/syscall.o
 .group         0x0000000000000000        0x8 ./riscv_hal/syscall.o
 .group         0x0000000000000000        0x8 ./riscv_hal/syscall.o
 .group         0x0000000000000000        0x8 ./riscv_hal/syscall.o
 .group         0x0000000000000000        0x8 ./riscv_hal/syscall.o
 .group         0x0000000000000000        0x8 ./riscv_hal/syscall.o
 .group         0x0000000000000000        0x8 ./riscv_hal/syscall.o
 .group         0x0000000000000000        0x8 ./riscv_hal/syscall.o
 .group         0x0000000000000000        0x8 ./riscv_hal/syscall.o
 .group         0x0000000000000000        0x8 ./riscv_hal/syscall.o
 .group         0x0000000000000000        0x8 ./riscv_hal/syscall.o
 .group         0x0000000000000000        0x8 ./riscv_hal/syscall.o
 .group         0x0000000000000000        0x8 ./riscv_hal/syscall.o
 .group         0x0000000000000000        0x8 ./riscv_hal/syscall.o
 .group         0x0000000000000000        0x8 ./riscv_hal/syscall.o
 .group         0x0000000000000000        0x8 ./riscv_hal/syscall.o
 .group         0x0000000000000000        0x8 ./riscv_hal/syscall.o
 .group         0x0000000000000000        0x8 ./riscv_hal/syscall.o
 .group         0x0000000000000000        0x8 ./riscv_hal/syscall.o
 .group         0x0000000000000000        0x8 ./riscv_hal/syscall.o
 .group         0x0000000000000000        0x8 ./riscv_hal/syscall.o
 .group         0x0000000000000000        0x8 ./riscv_hal/syscall.o
 .group         0x0000000000000000        0x8 ./riscv_hal/syscall.o
 .group         0x0000000000000000        0x8 ./riscv_hal/syscall.o
 .group         0x0000000000000000        0x8 ./riscv_hal/syscall.o
 .group         0x0000000000000000        0x8 ./riscv_hal/syscall.o
 .group         0x0000000000000000        0x8 ./riscv_hal/syscall.o
 .group         0x0000000000000000        0x8 ./riscv_hal/syscall.o
 .group         0x0000000000000000        0x8 ./riscv_hal/syscall.o
 .group         0x0000000000000000        0x8 ./riscv_hal/syscall.o
 .group         0x0000000000000000        0x8 ./riscv_hal/syscall.o
 .group         0x0000000000000000        0x8 ./riscv_hal/syscall.o
 .group         0x0000000000000000        0x8 ./riscv_hal/syscall.o
 .group         0x0000000000000000        0x8 ./riscv_hal/syscall.o
 .group         0x0000000000000000        0x8 ./riscv_hal/syscall.o
 .group         0x0000000000000000        0x8 ./riscv_hal/syscall.o
 .group         0x0000000000000000        0x8 ./riscv_hal/syscall.o
 .group         0x0000000000000000        0x8 ./riscv_hal/syscall.o
 .group         0x0000000000000000        0x8 ./riscv_hal/syscall.o
 .text          0x0000000000000000        0x0 ./riscv_hal/syscall.o
 .data          0x0000000000000000        0x0 ./riscv_hal/syscall.o
 .bss           0x0000000000000000        0x0 ./riscv_hal/syscall.o
 .sbss.__env    0x0000000000000000        0x4 ./riscv_hal/syscall.o
 .sdata.environ
                0x0000000000000000        0x4 ./riscv_hal/syscall.o
 .rodata        0x0000000000000000        0x3 ./riscv_hal/syscall.o
 .text.write_hex
                0x0000000000000000       0xf0 ./riscv_hal/syscall.o
 .sdata.curbrk.3484
                0x0000000000000000        0x4 ./riscv_hal/syscall.o
 .text._sbrk    0x0000000000000000       0x8c ./riscv_hal/syscall.o
 .text._isatty  0x0000000000000000       0x50 ./riscv_hal/syscall.o
 .text.stub     0x0000000000000000       0x30 ./riscv_hal/syscall.o
 .text._open    0x0000000000000000       0x40 ./riscv_hal/syscall.o
 .text._openat  0x0000000000000000       0x44 ./riscv_hal/syscall.o
 .text._close   0x0000000000000000       0x38 ./riscv_hal/syscall.o
 .text._execve  0x0000000000000000       0x40 ./riscv_hal/syscall.o
 .text._fork    0x0000000000000000       0x34 ./riscv_hal/syscall.o
 .text._fstat   0x0000000000000000       0x64 ./riscv_hal/syscall.o
 .text._getpid  0x0000000000000000       0x20 ./riscv_hal/syscall.o
 .text._kill    0x0000000000000000       0x3c ./riscv_hal/syscall.o
 .text._link    0x0000000000000000       0x3c ./riscv_hal/syscall.o
 .text._lseek   0x0000000000000000       0x5c ./riscv_hal/syscall.o
 .text._read    0x0000000000000000       0x40 ./riscv_hal/syscall.o
 .text._stat    0x0000000000000000       0x3c ./riscv_hal/syscall.o
 .text._times   0x0000000000000000       0x38 ./riscv_hal/syscall.o
 .text._unlink  0x0000000000000000       0x38 ./riscv_hal/syscall.o
 .text._wait    0x0000000000000000       0x38 ./riscv_hal/syscall.o
 .text._write   0x0000000000000000       0x40 ./riscv_hal/syscall.o
 .debug_macro   0x0000000000000000      0x730 ./riscv_hal/syscall.o
 .debug_macro   0x0000000000000000       0x22 ./riscv_hal/syscall.o
 .debug_macro   0x0000000000000000       0xef ./riscv_hal/syscall.o
 .debug_macro   0x0000000000000000       0x6a ./riscv_hal/syscall.o
 .debug_macro   0x0000000000000000      0x1df ./riscv_hal/syscall.o
 .debug_macro   0x0000000000000000       0x34 ./riscv_hal/syscall.o
 .debug_macro   0x0000000000000000       0x9c ./riscv_hal/syscall.o
 .debug_macro   0x0000000000000000       0x16 ./riscv_hal/syscall.o
 .debug_macro   0x0000000000000000      0x10e ./riscv_hal/syscall.o
 .debug_macro   0x0000000000000000       0x8d ./riscv_hal/syscall.o
 .debug_macro   0x0000000000000000       0x52 ./riscv_hal/syscall.o
 .debug_macro   0x0000000000000000       0x1f ./riscv_hal/syscall.o
 .debug_macro   0x0000000000000000       0x43 ./riscv_hal/syscall.o
 .debug_macro   0x0000000000000000       0x20 ./riscv_hal/syscall.o
 .debug_macro   0x0000000000000000      0x187 ./riscv_hal/syscall.o
 .debug_macro   0x0000000000000000      0x30d ./riscv_hal/syscall.o
 .debug_macro   0x0000000000000000       0x16 ./riscv_hal/syscall.o
 .debug_macro   0x0000000000000000       0x29 ./riscv_hal/syscall.o
 .debug_macro   0x0000000000000000       0x16 ./riscv_hal/syscall.o
 .debug_macro   0x0000000000000000       0x10 ./riscv_hal/syscall.o
 .debug_macro   0x0000000000000000       0x35 ./riscv_hal/syscall.o
 .debug_macro   0x0000000000000000       0x1c ./riscv_hal/syscall.o
 .debug_macro   0x0000000000000000       0x52 ./riscv_hal/syscall.o
 .debug_macro   0x0000000000000000       0x40 ./riscv_hal/syscall.o
 .debug_macro   0x0000000000000000       0x10 ./riscv_hal/syscall.o
 .debug_macro   0x0000000000000000       0x40 ./riscv_hal/syscall.o
 .debug_macro   0x0000000000000000       0xd7 ./riscv_hal/syscall.o
 .debug_macro   0x0000000000000000       0x1c ./riscv_hal/syscall.o
 .debug_macro   0x0000000000000000       0x3d ./riscv_hal/syscall.o
 .debug_macro   0x0000000000000000      0x51a ./riscv_hal/syscall.o
 .debug_macro   0x0000000000000000      0x2dc ./riscv_hal/syscall.o
 COMMON         0x0000000000000000        0x4 ./riscv_hal/syscall.o
 .group         0x0000000000000000        0x8 ./hal/hal_irq.o
 .group         0x0000000000000000        0x8 ./hal/hal_irq.o
 .group         0x0000000000000000        0x8 ./hal/hal_irq.o
 .group         0x0000000000000000        0x8 ./hal/hal_irq.o
 .group         0x0000000000000000        0x8 ./hal/hal_irq.o
 .group         0x0000000000000000        0x8 ./hal/hal_irq.o
 .group         0x0000000000000000        0x8 ./hal/hal_irq.o
 .group         0x0000000000000000        0x8 ./hal/hal_irq.o
 .group         0x0000000000000000        0x8 ./hal/hal_irq.o
 .group         0x0000000000000000        0x8 ./hal/hal_irq.o
 .group         0x0000000000000000        0x8 ./hal/hal_irq.o
 .text          0x0000000000000000        0x0 ./hal/hal_irq.o
 .data          0x0000000000000000        0x0 ./hal/hal_irq.o
 .bss           0x0000000000000000        0x0 ./hal/hal_irq.o
 .text.HAL_enable_interrupts
                0x0000000000000000       0x2c ./hal/hal_irq.o
 .text.HAL_restore_interrupts
                0x0000000000000000       0x28 ./hal/hal_irq.o
 .debug_macro   0x0000000000000000      0x730 ./hal/hal_irq.o
 .debug_macro   0x0000000000000000       0x22 ./hal/hal_irq.o
 .debug_macro   0x0000000000000000       0x87 ./hal/hal_irq.o
 .debug_macro   0x0000000000000000       0x51 ./hal/hal_irq.o
 .debug_macro   0x0000000000000000       0xef ./hal/hal_irq.o
 .debug_macro   0x0000000000000000       0x6a ./hal/hal_irq.o
 .debug_macro   0x0000000000000000      0x1df ./hal/hal_irq.o
 .debug_macro   0x0000000000000000      0x2dc ./hal/hal_irq.o
 .debug_macro   0x0000000000000000       0x28 ./hal/hal_irq.o
 .debug_macro   0x0000000000000000       0x10 ./hal/hal_irq.o
 .data          0x0000000000000000        0x0 ./hal/hw_reg_access.o
 .bss           0x0000000000000000        0x0 ./hal/hw_reg_access.o
 .group         0x0000000000000000        0x8 ./drivers/CoreUARTapb/core_uart_apb.o
 .group         0x0000000000000000        0x8 ./drivers/CoreUARTapb/core_uart_apb.o
 .group         0x0000000000000000        0x8 ./drivers/CoreUARTapb/core_uart_apb.o
 .group         0x0000000000000000        0x8 ./drivers/CoreUARTapb/core_uart_apb.o
 .group         0x0000000000000000        0x8 ./drivers/CoreUARTapb/core_uart_apb.o
 .group         0x0000000000000000        0x8 ./drivers/CoreUARTapb/core_uart_apb.o
 .group         0x0000000000000000        0x8 ./drivers/CoreUARTapb/core_uart_apb.o
 .group         0x0000000000000000        0x8 ./drivers/CoreUARTapb/core_uart_apb.o
 .group         0x0000000000000000        0x8 ./drivers/CoreUARTapb/core_uart_apb.o
 .group         0x0000000000000000        0x8 ./drivers/CoreUARTapb/core_uart_apb.o
 .group         0x0000000000000000        0x8 ./drivers/CoreUARTapb/core_uart_apb.o
 .text          0x0000000000000000        0x0 ./drivers/CoreUARTapb/core_uart_apb.o
 .data          0x0000000000000000        0x0 ./drivers/CoreUARTapb/core_uart_apb.o
 .bss           0x0000000000000000        0x0 ./drivers/CoreUARTapb/core_uart_apb.o
 .text.UART_init
                0x0000000000000000      0x12c ./drivers/CoreUARTapb/core_uart_apb.o
 .text.UART_send
                0x0000000000000000       0xbc ./drivers/CoreUARTapb/core_uart_apb.o
 .text.UART_fill_tx_fifo
                0x0000000000000000       0xe8 ./drivers/CoreUARTapb/core_uart_apb.o
 .text.UART_get_rx
                0x0000000000000000      0x13c ./drivers/CoreUARTapb/core_uart_apb.o
 .text.UART_polled_tx_string
                0x0000000000000000       0xb8 ./drivers/CoreUARTapb/core_uart_apb.o
 .text.UART_get_rx_status
                0x0000000000000000       0x54 ./drivers/CoreUARTapb/core_uart_apb.o
 .debug_info    0x0000000000000000      0x31f ./drivers/CoreUARTapb/core_uart_apb.o
 .debug_abbrev  0x0000000000000000      0x10c ./drivers/CoreUARTapb/core_uart_apb.o
 .debug_aranges
                0x0000000000000000       0x48 ./drivers/CoreUARTapb/core_uart_apb.o
 .debug_ranges  0x0000000000000000       0x38 ./drivers/CoreUARTapb/core_uart_apb.o
 .debug_macro   0x0000000000000000       0xe1 ./drivers/CoreUARTapb/core_uart_apb.o
 .debug_macro   0x0000000000000000      0x730 ./drivers/CoreUARTapb/core_uart_apb.o
 .debug_macro   0x0000000000000000       0x22 ./drivers/CoreUARTapb/core_uart_apb.o
 .debug_macro   0x0000000000000000       0x87 ./drivers/CoreUARTapb/core_uart_apb.o
 .debug_macro   0x0000000000000000       0x51 ./drivers/CoreUARTapb/core_uart_apb.o
 .debug_macro   0x0000000000000000       0xef ./drivers/CoreUARTapb/core_uart_apb.o
 .debug_macro   0x0000000000000000       0x6a ./drivers/CoreUARTapb/core_uart_apb.o
 .debug_macro   0x0000000000000000      0x1df ./drivers/CoreUARTapb/core_uart_apb.o
 .debug_macro   0x0000000000000000       0x64 ./drivers/CoreUARTapb/core_uart_apb.o
 .debug_macro   0x0000000000000000      0x106 ./drivers/CoreUARTapb/core_uart_apb.o
 .debug_macro   0x0000000000000000       0x40 ./drivers/CoreUARTapb/core_uart_apb.o
 .debug_macro   0x0000000000000000       0x16 ./drivers/CoreUARTapb/core_uart_apb.o
 .debug_line    0x0000000000000000      0x4fd ./drivers/CoreUARTapb/core_uart_apb.o
 .debug_str     0x0000000000000000     0x42c8 ./drivers/CoreUARTapb/core_uart_apb.o
 .comment       0x0000000000000000       0x59 ./drivers/CoreUARTapb/core_uart_apb.o
 .debug_frame   0x0000000000000000       0xf0 ./drivers/CoreUARTapb/core_uart_apb.o
 .group         0x0000000000000000        0x8 ./drivers/CoreGPIO/core_gpio.o
 .group         0x0000000000000000        0x8 ./drivers/CoreGPIO/core_gpio.o
 .group         0x0000000000000000        0x8 ./drivers/CoreGPIO/core_gpio.o
 .group         0x0000000000000000        0x8 ./drivers/CoreGPIO/core_gpio.o
 .group         0x0000000000000000        0x8 ./drivers/CoreGPIO/core_gpio.o
 .group         0x0000000000000000        0x8 ./drivers/CoreGPIO/core_gpio.o
 .group         0x0000000000000000        0x8 ./drivers/CoreGPIO/core_gpio.o
 .group         0x0000000000000000        0x8 ./drivers/CoreGPIO/core_gpio.o
 .group         0x0000000000000000        0x8 ./drivers/CoreGPIO/core_gpio.o
 .group         0x0000000000000000        0x8 ./drivers/CoreGPIO/core_gpio.o
 .group         0x0000000000000000        0x8 ./drivers/CoreGPIO/core_gpio.o
 .text          0x0000000000000000        0x0 ./drivers/CoreGPIO/core_gpio.o
 .data          0x0000000000000000        0x0 ./drivers/CoreGPIO/core_gpio.o
 .bss           0x0000000000000000        0x0 ./drivers/CoreGPIO/core_gpio.o
 .text.GPIO_get_outputs
                0x0000000000000000      0x194 ./drivers/CoreGPIO/core_gpio.o
 .text.GPIO_set_output
                0x0000000000000000      0x254 ./drivers/CoreGPIO/core_gpio.o
 .text.GPIO_drive_inout
                0x0000000000000000      0x168 ./drivers/CoreGPIO/core_gpio.o
 .text.GPIO_enable_irq
                0x0000000000000000       0x88 ./drivers/CoreGPIO/core_gpio.o
 .text.GPIO_disable_irq
                0x0000000000000000       0x88 ./drivers/CoreGPIO/core_gpio.o
 .text.GPIO_clear_irq
                0x0000000000000000      0x150 ./drivers/CoreGPIO/core_gpio.o
 .text.GPIO_get_irq_sources
                0x0000000000000000      0x194 ./drivers/CoreGPIO/core_gpio.o
 .text.GPIO_clear_all_irq_sources
                0x0000000000000000      0x148 ./drivers/CoreGPIO/core_gpio.o
 .debug_macro   0x0000000000000000      0x730 ./drivers/CoreGPIO/core_gpio.o
 .debug_macro   0x0000000000000000       0x22 ./drivers/CoreGPIO/core_gpio.o
 .debug_macro   0x0000000000000000       0x87 ./drivers/CoreGPIO/core_gpio.o
 .debug_macro   0x0000000000000000       0x51 ./drivers/CoreGPIO/core_gpio.o
 .debug_macro   0x0000000000000000       0xef ./drivers/CoreGPIO/core_gpio.o
 .debug_macro   0x0000000000000000       0x6a ./drivers/CoreGPIO/core_gpio.o
 .debug_macro   0x0000000000000000      0x1df ./drivers/CoreGPIO/core_gpio.o
 .debug_macro   0x0000000000000000       0x64 ./drivers/CoreGPIO/core_gpio.o
 .debug_macro   0x0000000000000000       0x16 ./drivers/CoreGPIO/core_gpio.o
 .group         0x0000000000000000        0x8 ./main.o
 .group         0x0000000000000000        0x8 ./main.o
 .group         0x0000000000000000        0x8 ./main.o
 .group         0x0000000000000000        0x8 ./main.o
 .group         0x0000000000000000        0x8 ./main.o
 .group         0x0000000000000000        0x8 ./main.o
 .group         0x0000000000000000        0x8 ./main.o
 .group         0x0000000000000000        0x8 ./main.o
 .group         0x0000000000000000        0x8 ./main.o
 .group         0x0000000000000000        0x8 ./main.o
 .group         0x0000000000000000        0x8 ./main.o
 .group         0x0000000000000000        0x8 ./main.o
 .group         0x0000000000000000        0x8 ./main.o
 .text          0x0000000000000000        0x0 ./main.o
 .data          0x0000000000000000        0x0 ./main.o
 .bss           0x0000000000000000        0x0 ./main.o
 .debug_macro   0x0000000000000000      0x730 ./main.o
 .debug_macro   0x0000000000000000       0x22 ./main.o
 .debug_macro   0x0000000000000000       0x87 ./main.o
 .debug_macro   0x0000000000000000       0x51 ./main.o
 .debug_macro   0x0000000000000000       0xef ./main.o
 .debug_macro   0x0000000000000000       0x6a ./main.o
 .debug_macro   0x0000000000000000      0x1df ./main.o
 .debug_macro   0x0000000000000000       0x64 ./main.o
 .debug_macro   0x0000000000000000      0x2dc ./main.o
 .debug_macro   0x0000000000000000       0x28 ./main.o
 .debug_macro   0x0000000000000000       0x10 ./main.o
 .debug_macro   0x0000000000000000      0x11c ./main.o
 .text          0x0000000000000000       0xb4 c:/microsemi/softconsole_v6.0/riscv-unknown-elf-gcc/bin/../lib/gcc/riscv64-unknown-elf/7.2.0/rv32i/ilp32\libgcc.a(div.o)
 .data          0x0000000000000000        0x0 c:/microsemi/softconsole_v6.0/riscv-unknown-elf-gcc/bin/../lib/gcc/riscv64-unknown-elf/7.2.0/rv32i/ilp32\libgcc.a(div.o)
 .bss           0x0000000000000000        0x0 c:/microsemi/softconsole_v6.0/riscv-unknown-elf-gcc/bin/../lib/gcc/riscv64-unknown-elf/7.2.0/rv32i/ilp32\libgcc.a(div.o)
 .text          0x0000000000000000        0x0 c:/microsemi/softconsole_v6.0/riscv-unknown-elf-gcc/bin/../lib/gcc/riscv64-unknown-elf/7.2.0/../../../../riscv64-unknown-elf/lib/rv32i/ilp32\libg_nano.a(lib_a-sysisatty.o)
 .data          0x0000000000000000        0x0 c:/microsemi/softconsole_v6.0/riscv-unknown-elf-gcc/bin/../lib/gcc/riscv64-unknown-elf/7.2.0/../../../../riscv64-unknown-elf/lib/rv32i/ilp32\libg_nano.a(lib_a-sysisatty.o)
 .bss           0x0000000000000000        0x0 c:/microsemi/softconsole_v6.0/riscv-unknown-elf-gcc/bin/../lib/gcc/riscv64-unknown-elf/7.2.0/../../../../riscv64-unknown-elf/lib/rv32i/ilp32\libg_nano.a(lib_a-sysisatty.o)
 .text.isatty   0x0000000000000000        0x8 c:/microsemi/softconsole_v6.0/riscv-unknown-elf-gcc/bin/../lib/gcc/riscv64-unknown-elf/7.2.0/../../../../riscv64-unknown-elf/lib/rv32i/ilp32\libg_nano.a(lib_a-sysisatty.o)
 .debug_frame   0x0000000000000000       0x20 c:/microsemi/softconsole_v6.0/riscv-unknown-elf-gcc/bin/../lib/gcc/riscv64-unknown-elf/7.2.0/../../../../riscv64-unknown-elf/lib/rv32i/ilp32\libg_nano.a(lib_a-sysisatty.o)
 .text          0x0000000000000000        0x0 c:/microsemi/softconsole_v6.0/riscv-unknown-elf-gcc/bin/../lib/gcc/riscv64-unknown-elf/7.2.0/../../../../riscv64-unknown-elf/lib/rv32i/ilp32\libg_nano.a(lib_a-syswrite.o)
 .data          0x0000000000000000        0x0 c:/microsemi/softconsole_v6.0/riscv-unknown-elf-gcc/bin/../lib/gcc/riscv64-unknown-elf/7.2.0/../../../../riscv64-unknown-elf/lib/rv32i/ilp32\libg_nano.a(lib_a-syswrite.o)
 .bss           0x0000000000000000        0x0 c:/microsemi/softconsole_v6.0/riscv-unknown-elf-gcc/bin/../lib/gcc/riscv64-unknown-elf/7.2.0/../../../../riscv64-unknown-elf/lib/rv32i/ilp32\libg_nano.a(lib_a-syswrite.o)
 .text.write    0x0000000000000000       0x20 c:/microsemi/softconsole_v6.0/riscv-unknown-elf-gcc/bin/../lib/gcc/riscv64-unknown-elf/7.2.0/../../../../riscv64-unknown-elf/lib/rv32i/ilp32\libg_nano.a(lib_a-syswrite.o)
 .debug_frame   0x0000000000000000       0x20 c:/microsemi/softconsole_v6.0/riscv-unknown-elf-gcc/bin/../lib/gcc/riscv64-unknown-elf/7.2.0/../../../../riscv64-unknown-elf/lib/rv32i/ilp32\libg_nano.a(lib_a-syswrite.o)
 .text          0x0000000000000000        0x0 c:/microsemi/softconsole_v6.0/riscv-unknown-elf-gcc/bin/../lib/gcc/riscv64-unknown-elf/7.2.0/../../../../riscv64-unknown-elf/lib/rv32i/ilp32\libg_nano.a(lib_a-writer.o)
 .data          0x0000000000000000        0x0 c:/microsemi/softconsole_v6.0/riscv-unknown-elf-gcc/bin/../lib/gcc/riscv64-unknown-elf/7.2.0/../../../../riscv64-unknown-elf/lib/rv32i/ilp32\libg_nano.a(lib_a-writer.o)
 .bss           0x0000000000000000        0x0 c:/microsemi/softconsole_v6.0/riscv-unknown-elf-gcc/bin/../lib/gcc/riscv64-unknown-elf/7.2.0/../../../../riscv64-unknown-elf/lib/rv32i/ilp32\libg_nano.a(lib_a-writer.o)
 .text._write_r
                0x0000000000000000       0x58 c:/microsemi/softconsole_v6.0/riscv-unknown-elf-gcc/bin/../lib/gcc/riscv64-unknown-elf/7.2.0/../../../../riscv64-unknown-elf/lib/rv32i/ilp32\libg_nano.a(lib_a-writer.o)
 .debug_frame   0x0000000000000000       0x30 c:/microsemi/softconsole_v6.0/riscv-unknown-elf-gcc/bin/../lib/gcc/riscv64-unknown-elf/7.2.0/../../../../riscv64-unknown-elf/lib/rv32i/ilp32\libg_nano.a(lib_a-writer.o)
 .text          0x0000000000000000        0x0 c:/microsemi/softconsole_v6.0/riscv-unknown-elf-gcc/bin/../lib/gcc/riscv64-unknown-elf/7.2.0/../../../../riscv64-unknown-elf/lib/rv32i/ilp32\libg_nano.a(lib_a-impure.o)
 .data          0x0000000000000000        0x0 c:/microsemi/softconsole_v6.0/riscv-unknown-elf-gcc/bin/../lib/gcc/riscv64-unknown-elf/7.2.0/../../../../riscv64-unknown-elf/lib/rv32i/ilp32\libg_nano.a(lib_a-impure.o)
 .bss           0x0000000000000000        0x0 c:/microsemi/softconsole_v6.0/riscv-unknown-elf-gcc/bin/../lib/gcc/riscv64-unknown-elf/7.2.0/../../../../riscv64-unknown-elf/lib/rv32i/ilp32\libg_nano.a(lib_a-impure.o)
 .data.impure_data
                0x0000000000000000       0x60 c:/microsemi/softconsole_v6.0/riscv-unknown-elf-gcc/bin/../lib/gcc/riscv64-unknown-elf/7.2.0/../../../../riscv64-unknown-elf/lib/rv32i/ilp32\libg_nano.a(lib_a-impure.o)
 .sdata._global_impure_ptr
                0x0000000000000000        0x4 c:/microsemi/softconsole_v6.0/riscv-unknown-elf-gcc/bin/../lib/gcc/riscv64-unknown-elf/7.2.0/../../../../riscv64-unknown-elf/lib/rv32i/ilp32\libg_nano.a(lib_a-impure.o)
 .sdata._impure_ptr
                0x0000000000000000        0x4 c:/microsemi/softconsole_v6.0/riscv-unknown-elf-gcc/bin/../lib/gcc/riscv64-unknown-elf/7.2.0/../../../../riscv64-unknown-elf/lib/rv32i/ilp32\libg_nano.a(lib_a-impure.o)

Memory Configuration

Name             Origin             Length             Attributes
ram              0x0000000080000000 0x0000000000010000 xrw
*default*        0x0000000000000000 0xffffffffffffffff

Linker script and memory map

LOAD ./riscv_hal/entry.o
LOAD ./riscv_hal/init.o
LOAD ./riscv_hal/riscv_hal.o
LOAD ./riscv_hal/riscv_hal_stubs.o
LOAD ./riscv_hal/syscall.o
LOAD ./hal/hal_irq.o
LOAD ./hal/hw_reg_access.o
LOAD ./drivers/CoreUARTapb/core_uart_apb.o
LOAD ./drivers/CoreGPIO/core_gpio.o
LOAD ./main.o
LOAD c:/microsemi/softconsole_v6.0/riscv-unknown-elf-gcc/bin/../lib/gcc/riscv64-unknown-elf/7.2.0/rv32i/ilp32\libgcc.a
LOAD c:/microsemi/softconsole_v6.0/riscv-unknown-elf-gcc/bin/../lib/gcc/riscv64-unknown-elf/7.2.0/../../../../riscv64-unknown-elf/lib/rv32i/ilp32\libg_nano.a
LOAD c:/microsemi/softconsole_v6.0/riscv-unknown-elf-gcc/bin/../lib/gcc/riscv64-unknown-elf/7.2.0/../../../../riscv64-unknown-elf/lib/rv32i/ilp32\libc_nano.a
LOAD c:/microsemi/softconsole_v6.0/riscv-unknown-elf-gcc/bin/../lib/gcc/riscv64-unknown-elf/7.2.0/rv32i/ilp32\libgcc.a
START GROUP
LOAD c:/microsemi/softconsole_v6.0/riscv-unknown-elf-gcc/bin/../lib/gcc/riscv64-unknown-elf/7.2.0/rv32i/ilp32\libgcc.a
LOAD c:/microsemi/softconsole_v6.0/riscv-unknown-elf-gcc/bin/../lib/gcc/riscv64-unknown-elf/7.2.0/../../../../riscv64-unknown-elf/lib/rv32i/ilp32\libc_nano.a
END GROUP
                0x0000000080000000                RAM_START_ADDRESS = 0x80000000
                0x0000000000005000                RAM_SIZE = 0x5000
                0x0000000000000800                STACK_SIZE = 0x800
                0x0000000000000800                HEAP_SIZE = 0x800

.text           0x0000000080000000     0x1220
 *(SORT(.text.entry))
 .text.entry    0x0000000080000000      0x160 ./riscv_hal/entry.o
                0x0000000080000000                _start
                0x0000000080000160                . = ALIGN (0x10)
 *(.text .text.* .gnu.linkonce.t.*)
 .text.copy_section
                0x0000000080000160       0x60 ./riscv_hal/init.o
 .text.zero_section
                0x00000000800001c0       0x50 ./riscv_hal/init.o
 .text._init    0x0000000080000210       0x9c ./riscv_hal/init.o
                0x0000000080000210                _init
 .text._fini    0x00000000800002ac       0x1c ./riscv_hal/init.o
                0x00000000800002ac                _fini
 .text.PLIC_DisableIRQ
                0x00000000800002c8       0xb8 ./riscv_hal/riscv_hal.o
 .text.PLIC_ClaimIRQ
                0x0000000080000380       0x44 ./riscv_hal/riscv_hal.o
 .text.PLIC_CompleteIRQ
                0x00000000800003c4       0x4c ./riscv_hal/riscv_hal.o
 .text.__disable_irq
                0x0000000080000410       0x30 ./riscv_hal/riscv_hal.o
                0x0000000080000410                __disable_irq
 .text.handle_m_timer_interrupt
                0x0000000080000440       0xa8 ./riscv_hal/riscv_hal.o
 .text.handle_m_ext_interrupt
                0x00000000800004e8       0x70 ./riscv_hal/riscv_hal.o
 .text.handle_m_soft_interrupt
                0x0000000080000558       0x30 ./riscv_hal/riscv_hal.o
 .text.handle_trap
                0x0000000080000588       0xfc ./riscv_hal/riscv_hal.o
                0x0000000080000588                handle_trap
 .text.Software_IRQHandler
                0x0000000080000684       0x18 ./riscv_hal/riscv_hal_stubs.o
                0x0000000080000684                Software_IRQHandler
 .text.SysTick_Handler
                0x000000008000069c       0x1c ./riscv_hal/riscv_hal_stubs.o
                0x000000008000069c                SysTick_Handler
 .text.Invalid_IRQHandler
                0x00000000800006b8       0x20 ./riscv_hal/riscv_hal_stubs.o
                0x00000000800006b8                Invalid_IRQHandler
 .text.External_1_IRQHandler
                0x00000000800006d8       0x20 ./riscv_hal/riscv_hal_stubs.o
                0x00000000800006d8                External_1_IRQHandler
 .text.External_2_IRQHandler
                0x00000000800006f8       0x20 ./riscv_hal/riscv_hal_stubs.o
                0x00000000800006f8                External_2_IRQHandler
 .text.External_3_IRQHandler
                0x0000000080000718       0x20 ./riscv_hal/riscv_hal_stubs.o
                0x0000000080000718                External_3_IRQHandler
 .text.External_4_IRQHandler
                0x0000000080000738       0x20 ./riscv_hal/riscv_hal_stubs.o
                0x0000000080000738                External_4_IRQHandler
 .text.External_5_IRQHandler
                0x0000000080000758       0x20 ./riscv_hal/riscv_hal_stubs.o
                0x0000000080000758                External_5_IRQHandler
 .text.External_6_IRQHandler
                0x0000000080000778       0x20 ./riscv_hal/riscv_hal_stubs.o
                0x0000000080000778                External_6_IRQHandler
 .text.External_7_IRQHandler
                0x0000000080000798       0x20 ./riscv_hal/riscv_hal_stubs.o
                0x0000000080000798                External_7_IRQHandler
 .text.External_8_IRQHandler
                0x00000000800007b8       0x20 ./riscv_hal/riscv_hal_stubs.o
                0x00000000800007b8                External_8_IRQHandler
 .text.External_9_IRQHandler
                0x00000000800007d8       0x20 ./riscv_hal/riscv_hal_stubs.o
                0x00000000800007d8                External_9_IRQHandler
 .text.External_10_IRQHandler
                0x00000000800007f8       0x20 ./riscv_hal/riscv_hal_stubs.o
                0x00000000800007f8                External_10_IRQHandler
 .text.External_11_IRQHandler
                0x0000000080000818       0x20 ./riscv_hal/riscv_hal_stubs.o
                0x0000000080000818                External_11_IRQHandler
 .text.External_12_IRQHandler
                0x0000000080000838       0x20 ./riscv_hal/riscv_hal_stubs.o
                0x0000000080000838                External_12_IRQHandler
 .text.External_13_IRQHandler
                0x0000000080000858       0x20 ./riscv_hal/riscv_hal_stubs.o
                0x0000000080000858                External_13_IRQHandler
 .text.External_14_IRQHandler
                0x0000000080000878       0x20 ./riscv_hal/riscv_hal_stubs.o
                0x0000000080000878                External_14_IRQHandler
 .text.External_15_IRQHandler
                0x0000000080000898       0x20 ./riscv_hal/riscv_hal_stubs.o
                0x0000000080000898                External_15_IRQHandler
 .text.External_16_IRQHandler
                0x00000000800008b8       0x20 ./riscv_hal/riscv_hal_stubs.o
                0x00000000800008b8                External_16_IRQHandler
 .text.External_17_IRQHandler
                0x00000000800008d8       0x20 ./riscv_hal/riscv_hal_stubs.o
                0x00000000800008d8                External_17_IRQHandler
 .text.External_18_IRQHandler
                0x00000000800008f8       0x20 ./riscv_hal/riscv_hal_stubs.o
                0x00000000800008f8                External_18_IRQHandler
 .text.External_19_IRQHandler
                0x0000000080000918       0x20 ./riscv_hal/riscv_hal_stubs.o
                0x0000000080000918                External_19_IRQHandler
 .text.External_20_IRQHandler
                0x0000000080000938       0x20 ./riscv_hal/riscv_hal_stubs.o
                0x0000000080000938                External_20_IRQHandler
 .text.External_21_IRQHandler
                0x0000000080000958       0x20 ./riscv_hal/riscv_hal_stubs.o
                0x0000000080000958                External_21_IRQHandler
 .text.External_22_IRQHandler
                0x0000000080000978       0x20 ./riscv_hal/riscv_hal_stubs.o
                0x0000000080000978                External_22_IRQHandler
 .text.External_23_IRQHandler
                0x0000000080000998       0x20 ./riscv_hal/riscv_hal_stubs.o
                0x0000000080000998                External_23_IRQHandler
 .text.External_24_IRQHandler
                0x00000000800009b8       0x20 ./riscv_hal/riscv_hal_stubs.o
                0x00000000800009b8                External_24_IRQHandler
 .text.External_25_IRQHandler
                0x00000000800009d8       0x20 ./riscv_hal/riscv_hal_stubs.o
                0x00000000800009d8                External_25_IRQHandler
 .text.External_26_IRQHandler
                0x00000000800009f8       0x20 ./riscv_hal/riscv_hal_stubs.o
                0x00000000800009f8                External_26_IRQHandler
 .text.External_27_IRQHandler
                0x0000000080000a18       0x20 ./riscv_hal/riscv_hal_stubs.o
                0x0000000080000a18                External_27_IRQHandler
 .text.External_28_IRQHandler
                0x0000000080000a38       0x20 ./riscv_hal/riscv_hal_stubs.o
                0x0000000080000a38                External_28_IRQHandler
 .text.External_29_IRQHandler
                0x0000000080000a58       0x20 ./riscv_hal/riscv_hal_stubs.o
                0x0000000080000a58                External_29_IRQHandler
 .text.External_30_IRQHandler
                0x0000000080000a78       0x20 ./riscv_hal/riscv_hal_stubs.o
                0x0000000080000a78                External_30_IRQHandler
 .text.External_31_IRQHandler
                0x0000000080000a98       0x20 ./riscv_hal/riscv_hal_stubs.o
                0x0000000080000a98                External_31_IRQHandler
 .text._exit    0x0000000080000ab8       0x14 ./riscv_hal/syscall.o
                0x0000000080000ab8                _exit
 .text.HAL_disable_interrupts
                0x0000000080000acc       0x3c ./hal/hal_irq.o
                0x0000000080000acc                HAL_disable_interrupts
 .text          0x0000000080000b08       0xd8 ./hal/hw_reg_access.o
                0x0000000080000b08                HW_set_32bit_reg
                0x0000000080000b10                HW_get_32bit_reg
                0x0000000080000b18                HW_set_32bit_reg_field
                0x0000000080000b40                HW_get_32bit_reg_field
                0x0000000080000b50                HW_set_16bit_reg
                0x0000000080000b58                HW_get_16bit_reg
                0x0000000080000b60                HW_set_16bit_reg_field
                0x0000000080000b88                HW_get_16bit_reg_field
                0x0000000080000b98                HW_set_8bit_reg
                0x0000000080000ba0                HW_get_8bit_reg
                0x0000000080000ba8                HW_set_8bit_reg_field
                0x0000000080000bd0                HW_get_8bit_reg_field
 .text.GPIO_init
                0x0000000080000be0      0x174 ./drivers/CoreGPIO/core_gpio.o
                0x0000000080000be0                GPIO_init
 .text.GPIO_config
                0x0000000080000d54       0x68 ./drivers/CoreGPIO/core_gpio.o
                0x0000000080000d54                GPIO_config
 .text.GPIO_set_outputs
                0x0000000080000dbc      0x14c ./drivers/CoreGPIO/core_gpio.o
                0x0000000080000dbc                GPIO_set_outputs
 .text.GPIO_get_inputs
                0x0000000080000f08      0x178 ./drivers/CoreGPIO/core_gpio.o
                0x0000000080000f08                GPIO_get_inputs
 .text.PLIC_init
                0x0000000080001080       0xd0 ./main.o
 .text.main     0x0000000080001150       0xc0 ./main.o
                0x0000000080001150                main
 *(.plt)
                0x0000000080001210                . = ALIGN (0x10)
 *fill*         0x0000000080001210        0x0 
 *crtbegin.o(.ctors)
 *(EXCLUDE_FILE(*crtend.o) .ctors)
 *(SORT(.ctors.*))
 *crtend.o(.ctors)
 *crtbegin.o(.dtors)
 *(EXCLUDE_FILE(*crtend.o) .dtors)
 *(SORT(.dtors.*))
 *crtend.o(.dtors)
 *(.rodata .rodata.* .gnu.linkonce.r.*)
 .rodata        0x0000000080001210        0x6 ./riscv_hal/init.o
 *(.gcc_except_table)
 *(.eh_frame_hdr)
 *(.eh_frame)
 *(.init)
 *(.fini)
                [!provide]                        PROVIDE (__preinit_array_start, .)
 *(.preinit_array)
                [!provide]                        PROVIDE (__preinit_array_end, .)
                [!provide]                        PROVIDE (__init_array_start, .)
 *(SORT(.init_array.*))
 *(.init_array)
                [!provide]                        PROVIDE (__init_array_end, .)
                [!provide]                        PROVIDE (__fini_array_start, .)
 *(.fini_array)
 *(SORT(.fini_array.*))
                [!provide]                        PROVIDE (__fini_array_end, .)
                0x0000000080001220                . = ALIGN (0x10)
 *fill*         0x0000000080001216        0xa 

.rela.dyn       0x0000000080001220        0x0
 .rela.text.entry
                0x0000000080001220        0x0 ./riscv_hal/entry.o
 .rela.text._init
                0x0000000080001220        0x0 ./riscv_hal/entry.o
 .rela.text.SysTick_Config
                0x0000000080001220        0x0 ./riscv_hal/entry.o
 .rela.text.handle_m_timer_interrupt
                0x0000000080001220        0x0 ./riscv_hal/entry.o
 .rela.data.ext_irq_handler_table
                0x0000000080001220        0x0 ./riscv_hal/entry.o
 .rela.text.handle_m_soft_interrupt
                0x0000000080001220        0x0 ./riscv_hal/entry.o
 .rela.text.Software_IRQHandler
                0x0000000080001220        0x0 ./riscv_hal/entry.o
 .rela.text.write_hex
                0x0000000080001220        0x0 ./riscv_hal/entry.o
 .rela.sdata.curbrk.3484
                0x0000000080001220        0x0 ./riscv_hal/entry.o
 .rela.text._sbrk
                0x0000000080001220        0x0 ./riscv_hal/entry.o
 .rela.text._isatty
                0x0000000080001220        0x0 ./riscv_hal/entry.o
 .rela.text.stub
                0x0000000080001220        0x0 ./riscv_hal/entry.o
 .rela.text._fstat
                0x0000000080001220        0x0 ./riscv_hal/entry.o
 .rela.text.main
                0x0000000080001220        0x0 ./riscv_hal/entry.o
 .rela.text.write
                0x0000000080001220        0x0 ./riscv_hal/entry.o
 .rela.text._write_r
                0x0000000080001220        0x0 ./riscv_hal/entry.o
 .rela.data.impure_data
                0x0000000080001220        0x0 ./riscv_hal/entry.o

.sdata          0x0000000080001220        0x0
                0x0000000080001220                __sdata_load = LOADADDR (.sdata)
                0x0000000080001220                __sdata_start = .
                0x0000000080001a20                PROVIDE (__global_pointer$, (. + 0x800))
 *(.srodata.cst16)
 *(.srodata.cst8)
 *(.srodata.cst4)
 *(.srodata.cst2)
 *(.srodata*)
 *(.sdata .sdata.* .gnu.linkonce.s.*)
                0x0000000080001220                . = ALIGN (0x10)
                0x0000000080001220                __sdata_end = .

.data           0x0000000080001220       0x80
                0x0000000080001220                __data_load = LOADADDR (.data)
                0x0000000080001220                __data_start = .
 *(.got.plt)
 *(.got)
 *(.shdata)
 *(.data .data.* .gnu.linkonce.d.*)
 .data.ext_irq_handler_table
                0x0000000080001220       0x80 ./riscv_hal/riscv_hal.o
                0x0000000080001220                ext_irq_handler_table
                0x00000000800012a0                . = ALIGN (0x10)
                0x00000000800012a0                __data_end = .

.sbss           0x00000000800012a0       0x10
                0x00000000800012a0                __sbss_start = .
 *(.sbss .sbss.* .gnu.linkonce.sb.*)
 .sbss.g_systick_increment
                0x00000000800012a0        0x8 ./riscv_hal/riscv_hal.o
 *(.scommon)
                0x00000000800012b0                . = ALIGN (0x10)
 *fill*         0x00000000800012a8        0x8 
                0x00000000800012b0                __sbss_end = .

.bss            0x00000000800012b0       0x10
                0x00000000800012b0                __bss_start = .
 *(.shbss)
 *(.bss .bss.* .gnu.linkonce.b.*)
 *(COMMON)
 COMMON         0x00000000800012b0       0x10 ./main.o
                0x00000000800012b0                g_gpio1
                0x00000000800012b8                g_gpio0
                0x00000000800012c0                . = ALIGN (0x10)
                0x00000000800012c0                __bss_end = .
                0x00000000800012c0                _end = .

.heap           0x00000000800012c0      0x800
                0x00000000800012c0                __heap_start = .
                0x0000000080001ac0                . = (. + HEAP_SIZE)
 *fill*         0x00000000800012c0      0x800 
                0x0000000080001ac0                __heap_end = .
                0x0000000080001ac0                . = ALIGN (0x10)
                0x0000000080001ac0                _heap_end = __heap_end

.stack          0x0000000080001ac0      0x800
                0x0000000080001ac0                __stack_bottom = .
                0x00000000800022c0                . = (. + STACK_SIZE)
 *fill*         0x0000000080001ac0      0x800 
                0x00000000800022c0                __stack_top = .
OUTPUT(RV32_simple_gpio.elf elf32-littleriscv)

.debug_line     0x0000000000000000     0x292d
 .debug_line    0x0000000000000000      0x237 ./riscv_hal/entry.o
 .debug_line    0x0000000000000237      0x404 ./riscv_hal/init.o
 .debug_line    0x000000000000063b      0x58f ./riscv_hal/riscv_hal.o
 .debug_line    0x0000000000000bca      0x6b5 ./riscv_hal/riscv_hal_stubs.o
 .debug_line    0x000000000000127f      0x6e4 ./riscv_hal/syscall.o
 .debug_line    0x0000000000001963      0x2e0 ./hal/hal_irq.o
 .debug_line    0x0000000000001c43      0x185 ./hal/hw_reg_access.o
 .debug_line    0x0000000000001dc8      0x79c ./drivers/CoreGPIO/core_gpio.o
 .debug_line    0x0000000000002564      0x3c9 ./main.o

.debug_info     0x0000000000000000     0x397a
 .debug_info    0x0000000000000000       0x26 ./riscv_hal/entry.o
 .debug_info    0x0000000000000026      0xa5f ./riscv_hal/init.o
 .debug_info    0x0000000000000a85      0xfe7 ./riscv_hal/riscv_hal.o
 .debug_info    0x0000000000001a6c      0x3a4 ./riscv_hal/riscv_hal_stubs.o
 .debug_info    0x0000000000001e10     0x1069 ./riscv_hal/syscall.o
 .debug_info    0x0000000000002e79       0xf0 ./hal/hal_irq.o
 .debug_info    0x0000000000002f69       0x26 ./hal/hw_reg_access.o
 .debug_info    0x0000000000002f8f      0x5f9 ./drivers/CoreGPIO/core_gpio.o
 .debug_info    0x0000000000003588      0x3f2 ./main.o

.debug_abbrev   0x0000000000000000      0xc11
 .debug_abbrev  0x0000000000000000       0x14 ./riscv_hal/entry.o
 .debug_abbrev  0x0000000000000014      0x232 ./riscv_hal/init.o
 .debug_abbrev  0x0000000000000246      0x2ec ./riscv_hal/riscv_hal.o
 .debug_abbrev  0x0000000000000532       0x9e ./riscv_hal/riscv_hal_stubs.o
 .debug_abbrev  0x00000000000005d0      0x2b8 ./riscv_hal/syscall.o
 .debug_abbrev  0x0000000000000888       0xbe ./hal/hal_irq.o
 .debug_abbrev  0x0000000000000946       0x14 ./hal/hw_reg_access.o
 .debug_abbrev  0x000000000000095a      0x160 ./drivers/CoreGPIO/core_gpio.o
 .debug_abbrev  0x0000000000000aba      0x157 ./main.o

.debug_aranges  0x0000000000000000      0x398
 .debug_aranges
                0x0000000000000000       0x20 ./riscv_hal/entry.o
 .debug_aranges
                0x0000000000000020       0x38 ./riscv_hal/init.o
 .debug_aranges
                0x0000000000000058       0x68 ./riscv_hal/riscv_hal.o
 .debug_aranges
                0x00000000000000c0      0x128 ./riscv_hal/riscv_hal_stubs.o
 .debug_aranges
                0x00000000000001e8       0xc0 ./riscv_hal/syscall.o
 .debug_aranges
                0x00000000000002a8       0x30 ./hal/hal_irq.o
 .debug_aranges
                0x00000000000002d8       0x20 ./hal/hw_reg_access.o
 .debug_aranges
                0x00000000000002f8       0x78 ./drivers/CoreGPIO/core_gpio.o
 .debug_aranges
                0x0000000000000370       0x28 ./main.o

.debug_str      0x0000000000000000     0xb946
 .debug_str     0x0000000000000000       0x51 ./riscv_hal/entry.o
 .debug_str     0x0000000000000051     0x8a9e ./riscv_hal/init.o
                                       0x8d2e (size before relaxing)
 .debug_str     0x0000000000008aef      0x543 ./riscv_hal/riscv_hal.o
                                       0x91dc (size before relaxing)
 .debug_str     0x0000000000009032      0x316 ./riscv_hal/riscv_hal_stubs.o
                                       0x659a (size before relaxing)
 .debug_str     0x0000000000009348     0x12f4 ./riscv_hal/syscall.o
                                       0x9fdf (size before relaxing)
 .debug_str     0x000000000000a63c      0x788 ./hal/hal_irq.o
                                       0x4a71 (size before relaxing)
 .debug_str     0x000000000000adc4       0x17 ./hal/hw_reg_access.o
                                         0x53 (size before relaxing)
 .debug_str     0x000000000000addb      0xa22 ./drivers/CoreGPIO/core_gpio.o
                                       0x44db (size before relaxing)
 .debug_str     0x000000000000b7fd      0x149 ./main.o
                                       0x5234 (size before relaxing)

.debug_ranges   0x0000000000000000      0x2e8
 .debug_ranges  0x0000000000000000       0x28 ./riscv_hal/init.o
 .debug_ranges  0x0000000000000028       0x58 ./riscv_hal/riscv_hal.o
 .debug_ranges  0x0000000000000080      0x118 ./riscv_hal/riscv_hal_stubs.o
 .debug_ranges  0x0000000000000198       0xb0 ./riscv_hal/syscall.o
 .debug_ranges  0x0000000000000248       0x20 ./hal/hal_irq.o
 .debug_ranges  0x0000000000000268       0x68 ./drivers/CoreGPIO/core_gpio.o
 .debug_ranges  0x00000000000002d0       0x18 ./main.o

.debug_macro    0x0000000000000000     0x3356
 .debug_macro   0x0000000000000000      0x1d7 ./riscv_hal/init.o
 .debug_macro   0x00000000000001d7      0x730 ./riscv_hal/init.o
 .debug_macro   0x0000000000000907       0x22 ./riscv_hal/init.o
 .debug_macro   0x0000000000000929       0x4c ./riscv_hal/init.o
 .debug_macro   0x0000000000000975       0x8d ./riscv_hal/init.o
 .debug_macro   0x0000000000000a02       0x34 ./riscv_hal/init.o
 .debug_macro   0x0000000000000a36       0x9c ./riscv_hal/init.o
 .debug_macro   0x0000000000000ad2       0x16 ./riscv_hal/init.o
 .debug_macro   0x0000000000000ae8      0x10e ./riscv_hal/init.o
 .debug_macro   0x0000000000000bf6       0x8d ./riscv_hal/init.o
 .debug_macro   0x0000000000000c83       0x57 ./riscv_hal/init.o
 .debug_macro   0x0000000000000cda       0x52 ./riscv_hal/init.o
 .debug_macro   0x0000000000000d2c       0x1f ./riscv_hal/init.o
 .debug_macro   0x0000000000000d4b       0x43 ./riscv_hal/init.o
 .debug_macro   0x0000000000000d8e       0x20 ./riscv_hal/init.o
 .debug_macro   0x0000000000000dae      0x187 ./riscv_hal/init.o
 .debug_macro   0x0000000000000f35      0x30d ./riscv_hal/init.o
 .debug_macro   0x0000000000001242       0x16 ./riscv_hal/init.o
 .debug_macro   0x0000000000001258       0x29 ./riscv_hal/init.o
 .debug_macro   0x0000000000001281       0xef ./riscv_hal/init.o
 .debug_macro   0x0000000000001370       0x6a ./riscv_hal/init.o
 .debug_macro   0x00000000000013da      0x1df ./riscv_hal/init.o
 .debug_macro   0x00000000000015b9       0x16 ./riscv_hal/init.o
 .debug_macro   0x00000000000015cf       0x10 ./riscv_hal/init.o
 .debug_macro   0x00000000000015df       0x35 ./riscv_hal/init.o
 .debug_macro   0x0000000000001614       0x1c ./riscv_hal/init.o
 .debug_macro   0x0000000000001630       0x52 ./riscv_hal/init.o
 .debug_macro   0x0000000000001682       0x40 ./riscv_hal/init.o
 .debug_macro   0x00000000000016c2       0x10 ./riscv_hal/init.o
 .debug_macro   0x00000000000016d2       0x40 ./riscv_hal/init.o
 .debug_macro   0x0000000000001712       0xd7 ./riscv_hal/init.o
 .debug_macro   0x00000000000017e9       0x1c ./riscv_hal/init.o
 .debug_macro   0x0000000000001805       0x3d ./riscv_hal/init.o
 .debug_macro   0x0000000000001842      0x51a ./riscv_hal/init.o
 .debug_macro   0x0000000000001d5c      0x2dc ./riscv_hal/init.o
 .debug_macro   0x0000000000002038      0x207 ./riscv_hal/riscv_hal.o
 .debug_macro   0x000000000000223f       0x28 ./riscv_hal/riscv_hal.o
 .debug_macro   0x0000000000002267       0x10 ./riscv_hal/riscv_hal.o
 .debug_macro   0x0000000000002277      0x167 ./riscv_hal/riscv_hal_stubs.o
 .debug_macro   0x00000000000023de       0x10 ./riscv_hal/riscv_hal_stubs.o
 .debug_macro   0x00000000000023ee       0xcf ./riscv_hal/riscv_hal_stubs.o
 .debug_macro   0x00000000000024bd       0xbe ./riscv_hal/riscv_hal_stubs.o
 .debug_macro   0x000000000000257b      0x292 ./riscv_hal/syscall.o
 .debug_macro   0x000000000000280d       0x87 ./riscv_hal/syscall.o
 .debug_macro   0x0000000000002894       0x51 ./riscv_hal/syscall.o
 .debug_macro   0x00000000000028e5       0x52 ./riscv_hal/syscall.o
 .debug_macro   0x0000000000002937       0x10 ./riscv_hal/syscall.o
 .debug_macro   0x0000000000002947      0x241 ./riscv_hal/syscall.o
 .debug_macro   0x0000000000002b88       0x16 ./riscv_hal/syscall.o
 .debug_macro   0x0000000000002b9e       0x10 ./riscv_hal/syscall.o
 .debug_macro   0x0000000000002bae       0x10 ./riscv_hal/syscall.o
 .debug_macro   0x0000000000002bbe       0x35 ./riscv_hal/syscall.o
 .debug_macro   0x0000000000002bf3      0x122 ./riscv_hal/syscall.o
 .debug_macro   0x0000000000002d15       0x1c ./riscv_hal/syscall.o
 .debug_macro   0x0000000000002d31       0x10 ./riscv_hal/syscall.o
 .debug_macro   0x0000000000002d41       0x10 ./riscv_hal/syscall.o
 .debug_macro   0x0000000000002d51       0x16 ./riscv_hal/syscall.o
 .debug_macro   0x0000000000002d67      0x176 ./riscv_hal/syscall.o
 .debug_macro   0x0000000000002edd       0x16 ./riscv_hal/syscall.o
 .debug_macro   0x0000000000002ef3       0xad ./hal/hal_irq.o
 .debug_macro   0x0000000000002fa0       0x64 ./hal/hal_irq.o
 .debug_macro   0x0000000000003004       0xcf ./drivers/CoreGPIO/core_gpio.o
 .debug_macro   0x00000000000030d3      0x11c ./drivers/CoreGPIO/core_gpio.o
 .debug_macro   0x00000000000031ef       0x64 ./drivers/CoreGPIO/core_gpio.o
 .debug_macro   0x0000000000003253       0xcf ./main.o
 .debug_macro   0x0000000000003322       0x34 ./main.o

.comment        0x0000000000000000       0x58
 .comment       0x0000000000000000       0x58 ./riscv_hal/init.o
                                         0x59 (size before relaxing)
 .comment       0x0000000000000058       0x59 ./riscv_hal/riscv_hal.o
 .comment       0x0000000000000058       0x59 ./riscv_hal/riscv_hal_stubs.o
 .comment       0x0000000000000058       0x59 ./riscv_hal/syscall.o
 .comment       0x0000000000000058       0x59 ./hal/hal_irq.o
 .comment       0x0000000000000058       0x59 ./drivers/CoreGPIO/core_gpio.o
 .comment       0x0000000000000058       0x59 ./main.o

.debug_frame    0x0000000000000000      0xbe0
 .debug_frame   0x0000000000000000       0x94 ./riscv_hal/init.o
 .debug_frame   0x0000000000000094      0x16c ./riscv_hal/riscv_hal.o
 .debug_frame   0x0000000000000200      0x44c ./riscv_hal/riscv_hal_stubs.o
 .debug_frame   0x000000000000064c      0x2ec ./riscv_hal/syscall.o
 .debug_frame   0x0000000000000938       0x78 ./hal/hal_irq.o
 .debug_frame   0x00000000000009b0      0x1e4 ./drivers/CoreGPIO/core_gpio.o
 .debug_frame   0x0000000000000b94       0x4c ./main.o
