
Copyright (C) 1994-2018 Synopsys, Inc.
This Synopsys software and all associated documentation are proprietary to Synopsys, Inc.
and may only be used pursuant to the terms and conditions of a written license agreement
with Synopsys, Inc. All other use, reproduction, modification, or distribution of the
Synopsys software or the associated documentation is strictly prohibited.
Tool: Synplify Pro (R)
Build: N-2018.03M-SP1-1
Install: C:\Microsemi\Libero_SoC_v12.1\SynplifyPro
OS: Windows 6.2

Hostname: ELNO-OLBE2

Implementation : synthesis
Synopsys HDL compiler and linker, Version comp2018q2p1, Build 223R, Built Oct 23 2018 09:18:38

Modified Files: 0
FID:  path (prevtimestamp, timestamp)

*******************************************************************
Modules that may have changed as a result of file changes: 0
MID:  lib.cell.view

*******************************************************************
Unmodified files: 193
FID:  path (timestamp)
0        C:\Microsemi\Libero_SoC_v12.1\SynplifyPro\lib\generic\smartfusion2.v (2018-12-21 07:52:13)
1        C:\Microsemi\Libero_SoC_v12.1\SynplifyPro\lib\generic\smartfusion2.vhd (2018-12-21 07:52:13)
2        C:\Microsemi\Libero_SoC_v12.1\SynplifyPro\lib\vhd2008\arith.vhd (2018-12-21 07:52:16)
3        C:\Microsemi\Libero_SoC_v12.1\SynplifyPro\lib\vhd2008\location.map (2018-12-21 07:52:16)
4        C:\Microsemi\Libero_SoC_v12.1\SynplifyPro\lib\vhd2008\misc.vhd (2018-12-21 07:52:16)
5        C:\Microsemi\Libero_SoC_v12.1\SynplifyPro\lib\vhd2008\numeric.vhd (2018-12-21 07:52:16)
6        C:\Microsemi\Libero_SoC_v12.1\SynplifyPro\lib\vhd2008\std.vhd (2018-12-21 07:52:16)
7        C:\Microsemi\Libero_SoC_v12.1\SynplifyPro\lib\vhd2008\std1164.vhd (2018-12-21 07:52:16)
8        C:\Microsemi\Libero_SoC_v12.1\SynplifyPro\lib\vhd2008\std_textio.vhd (2018-12-21 07:52:16)
9        C:\Microsemi\Libero_SoC_v12.1\SynplifyPro\lib\vhd2008\unsigned.vhd (2018-12-21 07:52:16)
10       C:\Microsemi\Libero_SoC_v12.1\SynplifyPro\lib\vhd\hyperents.vhd (2018-12-21 07:52:16)
11       C:\Microsemi\Libero_SoC_v12.1\SynplifyPro\lib\vhd\snps_haps_pkg.vhd (2018-12-21 07:52:16)
12       C:\Microsemi\Libero_SoC_v12.1\SynplifyPro\lib\vhd\umr_capim.vhd (2018-12-21 07:52:16)
13       C:\Microsemi\Libero_SoC_v12.1\SynplifyPro\lib\vlog\hypermods.v (2018-12-21 07:52:16)
14       C:\Microsemi\Libero_SoC_v12.1\SynplifyPro\lib\vlog\scemi_objects.v (2018-12-21 07:52:16)
15       C:\Microsemi\Libero_SoC_v12.1\SynplifyPro\lib\vlog\scemi_pipes.svh (2018-12-21 07:52:16)
16       C:\Microsemi\Libero_SoC_v12.1\SynplifyPro\lib\vlog\umr_capim.v (2018-12-21 07:52:16)
188      C:\RISC-V\mi-v\component\Actel\DirectCore\COREAHBLSRAM\2.2.104\rtl\vhdl\core\coreahblsram_pkg.vhd (2019-08-05 14:06:52)
17       C:\RISC-V\mi-v\component\Actel\DirectCore\COREAHBTOAPB3\3.1.100\rtl\vhdl\core\ahbtoapb3_pkg.vhd (2019-07-18 15:23:31)
18       C:\RISC-V\mi-v\component\Actel\DirectCore\COREAHBTOAPB3\3.1.100\rtl\vhdl\core\components.vhd (2019-07-18 15:23:31)
19       C:\RISC-V\mi-v\component\Actel\DirectCore\COREAHBTOAPB3\3.1.100\rtl\vhdl\core\coreahbtoapb3.vhd (2019-07-18 15:23:31)
20       C:\RISC-V\mi-v\component\Actel\DirectCore\COREAHBTOAPB3\3.1.100\rtl\vhdl\core\coreahbtoapb3_ahbtoapbsm.vhd (2019-07-18 15:23:31)
21       C:\RISC-V\mi-v\component\Actel\DirectCore\COREAHBTOAPB3\3.1.100\rtl\vhdl\core\coreahbtoapb3_apbaddrdata.vhd (2019-07-18 15:23:31)
22       C:\RISC-V\mi-v\component\Actel\DirectCore\COREAHBTOAPB3\3.1.100\rtl\vhdl\core\coreahbtoapb3_penablescheduler.vhd (2019-07-18 15:23:31)
23       C:\RISC-V\mi-v\component\Actel\DirectCore\COREJTAGDEBUG\3.0.100\core\corejtagdebug.v (2019-07-04 15:56:52)
24       C:\RISC-V\mi-v\component\Actel\DirectCore\COREJTAGDEBUG\3.0.100\core\corejtagdebug_uj_jtag.v (2019-07-04 15:56:52)
25       C:\RISC-V\mi-v\component\Actel\DirectCore\COREJTAGDEBUG\3.0.100\core\corejtagdebug_ujtag_wrapper.v (2019-07-04 15:56:52)
195      C:\RISC-V\mi-v\component\Actel\DirectCore\CoreAHBLite\5.4.102\rtl\vhdl\core\coreahblite_addrdec.vhd (2019-08-05 14:07:58)
196      C:\RISC-V\mi-v\component\Actel\DirectCore\CoreAHBLite\5.4.102\rtl\vhdl\core\coreahblite_defaultslavesm.vhd (2019-08-05 14:07:58)
197      C:\RISC-V\mi-v\component\Actel\DirectCore\CoreAHBLite\5.4.102\rtl\vhdl\core\coreahblite_masterstage.vhd (2019-08-05 14:07:58)
198      C:\RISC-V\mi-v\component\Actel\DirectCore\CoreAHBLite\5.4.102\rtl\vhdl\core\coreahblite_matrix4x16.vhd (2019-08-05 14:07:58)
199      C:\RISC-V\mi-v\component\Actel\DirectCore\CoreAHBLite\5.4.102\rtl\vhdl\core\coreahblite_pkg.vhd (2019-08-05 14:07:58)
200      C:\RISC-V\mi-v\component\Actel\DirectCore\CoreAHBLite\5.4.102\rtl\vhdl\core\coreahblite_slavearbiter.vhd (2019-08-05 14:07:58)
201      C:\RISC-V\mi-v\component\Actel\DirectCore\CoreAHBLite\5.4.102\rtl\vhdl\core\coreahblite_slavestage.vhd (2019-08-05 14:07:58)
33       C:\RISC-V\mi-v\component\Actel\DirectCore\CoreAPB3\4.1.100\rtl\vhdl\core_obfuscated\components.vhd (2019-06-26 17:40:31)
34       C:\RISC-V\mi-v\component\Actel\DirectCore\CoreAPB3\4.1.100\rtl\vhdl\core_obfuscated\coreapb3.vhd (2019-06-26 17:40:31)
35       C:\RISC-V\mi-v\component\Actel\DirectCore\CoreAPB3\4.1.100\rtl\vhdl\core_obfuscated\coreapb3_iaddr_reg.vhd (2019-06-26 17:40:31)
36       C:\RISC-V\mi-v\component\Actel\DirectCore\CoreAPB3\4.1.100\rtl\vhdl\core_obfuscated\coreapb3_muxptob3.vhd (2019-06-26 17:40:31)
179      C:\RISC-V\mi-v\component\Actel\SgCore\OSC\2.0.101\osc_comps.vhd (2019-04-30 10:28:56)
189      C:\RISC-V\mi-v\component\work\COREAHBLSRAM_C0\COREAHBLSRAM_C0.vhd (2019-08-06 15:13:09)
190      C:\RISC-V\mi-v\component\work\COREAHBLSRAM_C0\COREAHBLSRAM_C0_0\rtl\vhdl\core\AHBLSramIf.vhd (2019-08-06 15:13:09)
191      C:\RISC-V\mi-v\component\work\COREAHBLSRAM_C0\COREAHBLSRAM_C0_0\rtl\vhdl\core\CoreAHBLSRAM.vhd (2019-08-06 15:13:09)
192      C:\RISC-V\mi-v\component\work\COREAHBLSRAM_C0\COREAHBLSRAM_C0_0\rtl\vhdl\core\SramCtrlIf.vhd (2019-08-06 15:13:09)
193      C:\RISC-V\mi-v\component\work\COREAHBLSRAM_C0\COREAHBLSRAM_C0_0\rtl\vhdl\core\lsram_2048to139264x8.vhd (2019-08-06 15:13:09)
194      C:\RISC-V\mi-v\component\work\COREAHBLSRAM_C0\COREAHBLSRAM_C0_0\rtl\vhdl\core\usram_128to9216x8.vhd (2019-08-06 15:13:09)
37       C:\RISC-V\mi-v\component\work\COREAHBTOAPB3_C1\COREAHBTOAPB3_C1.vhd (2019-07-18 15:25:27)
38       C:\RISC-V\mi-v\component\work\COREJTAGDEBUG_C0\COREJTAGDEBUG_C0.vhd (2019-07-16 14:58:45)
39       C:\RISC-V\mi-v\component\work\CoreAHBLite_C0\CoreAHBLite_C0.vhd (2019-08-05 15:33:30)
40       C:\RISC-V\mi-v\component\work\CoreAHBLite_C0\CoreAHBLite_C0_0\rtl\vhdl\core\components.vhd (2019-08-05 15:33:29)
41       C:\RISC-V\mi-v\component\work\CoreAHBLite_C0\CoreAHBLite_C0_0\rtl\vhdl\core\coreahblite.vhd (2019-08-05 15:33:30)
202      C:\RISC-V\mi-v\component\work\CoreAHBLite_C1\CoreAHBLite_C1.vhd (2019-08-05 15:12:19)
203      C:\RISC-V\mi-v\component\work\CoreAHBLite_C1\CoreAHBLite_C1_0\rtl\vhdl\core\components.vhd (2019-08-05 15:12:19)
204      C:\RISC-V\mi-v\component\work\CoreAHBLite_C1\CoreAHBLite_C1_0\rtl\vhdl\core\coreahblite.vhd (2019-08-05 15:12:19)
42       C:\RISC-V\mi-v\component\work\CoreAPB3_C0\CoreAPB3_C0.vhd (2019-08-02 10:33:18)
43       C:\RISC-V\mi-v\component\work\CoreGPIO_C0\CoreGPIO_C0.vhd (2019-08-02 11:02:01)
44       C:\RISC-V\mi-v\component\work\CoreGPIO_C0\CoreGPIO_C0_0\rtl\vhdl\core\components.vhd (2019-08-02 11:02:01)
45       C:\RISC-V\mi-v\component\work\CoreGPIO_C0\CoreGPIO_C0_0\rtl\vhdl\core\coregpio.vhd (2019-08-02 11:02:01)
46       C:\RISC-V\mi-v\component\work\CoreGPIO_C0\CoreGPIO_C0_0\rtl\vhdl\core\coregpio_pkg.vhd (2019-08-02 11:02:01)
184      C:\RISC-V\mi-v\component\work\CoreGPIO_OUT\CoreGPIO_OUT.vhd (2019-08-02 11:18:23)
185      C:\RISC-V\mi-v\component\work\CoreGPIO_OUT\CoreGPIO_OUT_0\rtl\vhdl\core\components.vhd (2019-08-02 11:18:23)
186      C:\RISC-V\mi-v\component\work\CoreGPIO_OUT\CoreGPIO_OUT_0\rtl\vhdl\core\coregpio.vhd (2019-08-02 11:18:23)
187      C:\RISC-V\mi-v\component\work\CoreGPIO_OUT\CoreGPIO_OUT_0\rtl\vhdl\core\coregpio_pkg.vhd (2019-08-02 11:18:23)
47       C:\RISC-V\mi-v\component\work\FCCC_C0\FCCC_C0.vhd (2019-08-05 13:58:48)
48       C:\RISC-V\mi-v\component\work\FCCC_C0\FCCC_C0_0\FCCC_C0_FCCC_C0_0_FCCC.vhd (2019-08-05 13:58:48)
49       C:\RISC-V\mi-v\component\work\MIV_RV32IMA_L1_AHB_C0\MIV_RV32IMA_L1_AHB_C0.vhd (2019-07-16 14:57:01)
50       C:\RISC-V\mi-v\component\work\MIV_RV32IMA_L1_AHB_C0\MIV_RV32IMA_L1_AHB_C0_0\core\miv_rv32ima_l1_ahb.v (2019-07-16 14:57:01)
51       C:\RISC-V\mi-v\component\work\MIV_RV32IMA_L1_AHB_C0\MIV_RV32IMA_L1_AHB_C0_0\core\miv_rv32ima_l1_ahb_alu.v (2019-07-16 14:57:00)
52       C:\RISC-V\mi-v\component\work\MIV_RV32IMA_L1_AHB_C0\MIV_RV32IMA_L1_AHB_C0_0\core\miv_rv32ima_l1_ahb_amoalu.v (2019-07-16 14:57:00)
53       C:\RISC-V\mi-v\component\work\MIV_RV32IMA_L1_AHB_C0\MIV_RV32IMA_L1_AHB_C0_0\core\miv_rv32ima_l1_ahb_arbiter.v (2019-07-16 14:57:00)
54       C:\RISC-V\mi-v\component\work\MIV_RV32IMA_L1_AHB_C0\MIV_RV32IMA_L1_AHB_C0_0\core\miv_rv32ima_l1_ahb_arbiter_1.v (2019-07-16 14:57:00)
55       C:\RISC-V\mi-v\component\work\MIV_RV32IMA_L1_AHB_C0\MIV_RV32IMA_L1_AHB_C0_0\core\miv_rv32ima_l1_ahb_async_queue_sink.v (2019-07-16 14:57:00)
56       C:\RISC-V\mi-v\component\work\MIV_RV32IMA_L1_AHB_C0\MIV_RV32IMA_L1_AHB_C0_0\core\miv_rv32ima_l1_ahb_async_queue_sink_1.v (2019-07-16 14:57:00)
57       C:\RISC-V\mi-v\component\work\MIV_RV32IMA_L1_AHB_C0\MIV_RV32IMA_L1_AHB_C0_0\core\miv_rv32ima_l1_ahb_async_queue_sink_2.v (2019-07-16 14:57:00)
58       C:\RISC-V\mi-v\component\work\MIV_RV32IMA_L1_AHB_C0\MIV_RV32IMA_L1_AHB_C0_0\core\miv_rv32ima_l1_ahb_async_queue_source.v (2019-07-16 14:57:00)
59       C:\RISC-V\mi-v\component\work\MIV_RV32IMA_L1_AHB_C0\MIV_RV32IMA_L1_AHB_C0_0\core\miv_rv32ima_l1_ahb_async_queue_source_1.v (2019-07-16 14:57:00)
60       C:\RISC-V\mi-v\component\work\MIV_RV32IMA_L1_AHB_C0\MIV_RV32IMA_L1_AHB_C0_0\core\miv_rv32ima_l1_ahb_async_queue_source_2.v (2019-07-16 14:57:00)
61       C:\RISC-V\mi-v\component\work\MIV_RV32IMA_L1_AHB_C0\MIV_RV32IMA_L1_AHB_C0_0\core\miv_rv32ima_l1_ahb_async_reset_reg.v (2019-07-16 14:57:00)
62       C:\RISC-V\mi-v\component\work\MIV_RV32IMA_L1_AHB_C0\MIV_RV32IMA_L1_AHB_C0_0\core\miv_rv32ima_l1_ahb_async_reset_reg_vec_w1_i0.v (2019-07-16 14:57:00)
63       C:\RISC-V\mi-v\component\work\MIV_RV32IMA_L1_AHB_C0\MIV_RV32IMA_L1_AHB_C0_0\core\miv_rv32ima_l1_ahb_async_reset_reg_vec_w2_i0.v (2019-07-16 14:57:00)
64       C:\RISC-V\mi-v\component\work\MIV_RV32IMA_L1_AHB_C0\MIV_RV32IMA_L1_AHB_C0_0\core\miv_rv32ima_l1_ahb_async_reset_reg_vec_w32_i0.v (2019-07-16 14:57:00)
65       C:\RISC-V\mi-v\component\work\MIV_RV32IMA_L1_AHB_C0\MIV_RV32IMA_L1_AHB_C0_0\core\miv_rv32ima_l1_ahb_async_reset_reg_vec_w4_i15.v (2019-07-16 14:57:00)
66       C:\RISC-V\mi-v\component\work\MIV_RV32IMA_L1_AHB_C0\MIV_RV32IMA_L1_AHB_C0_0\core\miv_rv32ima_l1_ahb_async_reset_synchronizer_shift_reg_w1_d1_i0.v (2019-07-16 14:57:00)
67       C:\RISC-V\mi-v\component\work\MIV_RV32IMA_L1_AHB_C0\MIV_RV32IMA_L1_AHB_C0_0\core\miv_rv32ima_l1_ahb_async_reset_synchronizer_shift_reg_w1_d3_i0.v (2019-07-16 14:57:00)
68       C:\RISC-V\mi-v\component\work\MIV_RV32IMA_L1_AHB_C0\MIV_RV32IMA_L1_AHB_C0_0\core\miv_rv32ima_l1_ahb_async_reset_synchronizer_shift_reg_w1_d4_i0.v (2019-07-16 14:57:00)
69       C:\RISC-V\mi-v\component\work\MIV_RV32IMA_L1_AHB_C0\MIV_RV32IMA_L1_AHB_C0_0\core\miv_rv32ima_l1_ahb_async_valid_sync.v (2019-07-16 14:57:00)
70       C:\RISC-V\mi-v\component\work\MIV_RV32IMA_L1_AHB_C0\MIV_RV32IMA_L1_AHB_C0_0\core\miv_rv32ima_l1_ahb_async_valid_sync_1.v (2019-07-16 14:57:00)
71       C:\RISC-V\mi-v\component\work\MIV_RV32IMA_L1_AHB_C0\MIV_RV32IMA_L1_AHB_C0_0\core\miv_rv32ima_l1_ahb_async_valid_sync_2.v (2019-07-16 14:57:00)
72       C:\RISC-V\mi-v\component\work\MIV_RV32IMA_L1_AHB_C0\MIV_RV32IMA_L1_AHB_C0_0\core\miv_rv32ima_l1_ahb_async_valid_sync_3.v (2019-07-16 14:57:00)
73       C:\RISC-V\mi-v\component\work\MIV_RV32IMA_L1_AHB_C0\MIV_RV32IMA_L1_AHB_C0_0\core\miv_rv32ima_l1_ahb_async_valid_sync_4.v (2019-07-16 14:57:00)
74       C:\RISC-V\mi-v\component\work\MIV_RV32IMA_L1_AHB_C0\MIV_RV32IMA_L1_AHB_C0_0\core\miv_rv32ima_l1_ahb_async_valid_sync_5.v (2019-07-16 14:57:00)
75       C:\RISC-V\mi-v\component\work\MIV_RV32IMA_L1_AHB_C0\MIV_RV32IMA_L1_AHB_C0_0\core\miv_rv32ima_l1_ahb_breakpoint_unit.v (2019-07-16 14:57:00)
76       C:\RISC-V\mi-v\component\work\MIV_RV32IMA_L1_AHB_C0\MIV_RV32IMA_L1_AHB_C0_0\core\miv_rv32ima_l1_ahb_capture_chain.v (2019-07-16 14:57:00)
77       C:\RISC-V\mi-v\component\work\MIV_RV32IMA_L1_AHB_C0\MIV_RV32IMA_L1_AHB_C0_0\core\miv_rv32ima_l1_ahb_capture_update_chain.v (2019-07-16 14:57:00)
78       C:\RISC-V\mi-v\component\work\MIV_RV32IMA_L1_AHB_C0\MIV_RV32IMA_L1_AHB_C0_0\core\miv_rv32ima_l1_ahb_capture_update_chain_1.v (2019-07-16 14:57:00)
79       C:\RISC-V\mi-v\component\work\MIV_RV32IMA_L1_AHB_C0\MIV_RV32IMA_L1_AHB_C0_0\core\miv_rv32ima_l1_ahb_capture_update_chain_2.v (2019-07-16 14:57:00)
80       C:\RISC-V\mi-v\component\work\MIV_RV32IMA_L1_AHB_C0\MIV_RV32IMA_L1_AHB_C0_0\core\miv_rv32ima_l1_ahb_coreplex_local_interrupter_clint.v (2019-07-16 14:57:00)
81       C:\RISC-V\mi-v\component\work\MIV_RV32IMA_L1_AHB_C0\MIV_RV32IMA_L1_AHB_C0_0\core\miv_rv32ima_l1_ahb_csrfile.v (2019-07-16 14:57:01)
82       C:\RISC-V\mi-v\component\work\MIV_RV32IMA_L1_AHB_C0\MIV_RV32IMA_L1_AHB_C0_0\core\miv_rv32ima_l1_ahb_data_arrays_0.v (2019-07-16 14:57:01)
83       C:\RISC-V\mi-v\component\work\MIV_RV32IMA_L1_AHB_C0\MIV_RV32IMA_L1_AHB_C0_0\core\miv_rv32ima_l1_ahb_data_arrays_0_0.v (2019-07-16 14:57:01)
84       C:\RISC-V\mi-v\component\work\MIV_RV32IMA_L1_AHB_C0\MIV_RV32IMA_L1_AHB_C0_0\core\miv_rv32ima_l1_ahb_data_arrays_0_0_ext.v (2019-07-16 14:57:01)
85       C:\RISC-V\mi-v\component\work\MIV_RV32IMA_L1_AHB_C0\MIV_RV32IMA_L1_AHB_C0_0\core\miv_rv32ima_l1_ahb_data_arrays_0_ext.v (2019-07-16 14:57:01)
86       C:\RISC-V\mi-v\component\work\MIV_RV32IMA_L1_AHB_C0\MIV_RV32IMA_L1_AHB_C0_0\core\miv_rv32ima_l1_ahb_dcache_data_array.v (2019-07-16 14:57:01)
87       C:\RISC-V\mi-v\component\work\MIV_RV32IMA_L1_AHB_C0\MIV_RV32IMA_L1_AHB_C0_0\core\miv_rv32ima_l1_ahb_dcache_dcache.v (2019-07-16 14:57:01)
88       C:\RISC-V\mi-v\component\work\MIV_RV32IMA_L1_AHB_C0\MIV_RV32IMA_L1_AHB_C0_0\core\miv_rv32ima_l1_ahb_debug_transport_module_jtag.v (2019-07-16 14:57:00)
89       C:\RISC-V\mi-v\component\work\MIV_RV32IMA_L1_AHB_C0\MIV_RV32IMA_L1_AHB_C0_0\core\miv_rv32ima_l1_ahb_dmito_tl_dmi2tl.v (2019-07-16 14:57:00)
90       C:\RISC-V\mi-v\component\work\MIV_RV32IMA_L1_AHB_C0\MIV_RV32IMA_L1_AHB_C0_0\core\miv_rv32ima_l1_ahb_frontend_frontend.v (2019-07-16 14:57:01)
91       C:\RISC-V\mi-v\component\work\MIV_RV32IMA_L1_AHB_C0\MIV_RV32IMA_L1_AHB_C0_0\core\miv_rv32ima_l1_ahb_hella_cache_arbiter.v (2019-07-16 14:57:00)
92       C:\RISC-V\mi-v\component\work\MIV_RV32IMA_L1_AHB_C0\MIV_RV32IMA_L1_AHB_C0_0\core\miv_rv32ima_l1_ahb_ibuf.v (2019-07-16 14:57:00)
93       C:\RISC-V\mi-v\component\work\MIV_RV32IMA_L1_AHB_C0\MIV_RV32IMA_L1_AHB_C0_0\core\miv_rv32ima_l1_ahb_icache_icache.v (2019-07-16 14:57:01)
94       C:\RISC-V\mi-v\component\work\MIV_RV32IMA_L1_AHB_C0\MIV_RV32IMA_L1_AHB_C0_0\core\miv_rv32ima_l1_ahb_identity_module.v (2019-07-16 14:57:00)
95       C:\RISC-V\mi-v\component\work\MIV_RV32IMA_L1_AHB_C0\MIV_RV32IMA_L1_AHB_C0_0\core\miv_rv32ima_l1_ahb_int_sync_crossing_sink.v (2019-07-16 14:57:00)
96       C:\RISC-V\mi-v\component\work\MIV_RV32IMA_L1_AHB_C0\MIV_RV32IMA_L1_AHB_C0_0\core\miv_rv32ima_l1_ahb_int_sync_crossing_sink_1.v (2019-07-16 14:57:00)
97       C:\RISC-V\mi-v\component\work\MIV_RV32IMA_L1_AHB_C0\MIV_RV32IMA_L1_AHB_C0_0\core\miv_rv32ima_l1_ahb_int_sync_crossing_source.v (2019-07-16 14:57:00)
98       C:\RISC-V\mi-v\component\work\MIV_RV32IMA_L1_AHB_C0\MIV_RV32IMA_L1_AHB_C0_0\core\miv_rv32ima_l1_ahb_int_sync_crossing_source_2.v (2019-07-16 14:57:00)
99       C:\RISC-V\mi-v\component\work\MIV_RV32IMA_L1_AHB_C0\MIV_RV32IMA_L1_AHB_C0_0\core\miv_rv32ima_l1_ahb_int_xbar.v (2019-07-16 14:57:00)
100      C:\RISC-V\mi-v\component\work\MIV_RV32IMA_L1_AHB_C0\MIV_RV32IMA_L1_AHB_C0_0\core\miv_rv32ima_l1_ahb_int_xbar_int_xbar.v (2019-07-16 14:57:00)
101      C:\RISC-V\mi-v\component\work\MIV_RV32IMA_L1_AHB_C0\MIV_RV32IMA_L1_AHB_C0_0\core\miv_rv32ima_l1_ahb_int_xing.v (2019-07-16 14:57:00)
102      C:\RISC-V\mi-v\component\work\MIV_RV32IMA_L1_AHB_C0\MIV_RV32IMA_L1_AHB_C0_0\core\miv_rv32ima_l1_ahb_jtag_bypass_chain.v (2019-07-16 14:57:00)
103      C:\RISC-V\mi-v\component\work\MIV_RV32IMA_L1_AHB_C0\MIV_RV32IMA_L1_AHB_C0_0\core\miv_rv32ima_l1_ahb_jtag_state_machine.v (2019-07-16 14:57:00)
104      C:\RISC-V\mi-v\component\work\MIV_RV32IMA_L1_AHB_C0\MIV_RV32IMA_L1_AHB_C0_0\core\miv_rv32ima_l1_ahb_jtag_tap_controller.v (2019-07-16 14:57:00)
105      C:\RISC-V\mi-v\component\work\MIV_RV32IMA_L1_AHB_C0\MIV_RV32IMA_L1_AHB_C0_0\core\miv_rv32ima_l1_ahb_level_gateway.v (2019-07-16 14:57:00)
106      C:\RISC-V\mi-v\component\work\MIV_RV32IMA_L1_AHB_C0\MIV_RV32IMA_L1_AHB_C0_0\core\miv_rv32ima_l1_ahb_memory_bus_mem_buses_0.v (2019-07-16 14:57:00)
107      C:\RISC-V\mi-v\component\work\MIV_RV32IMA_L1_AHB_C0\MIV_RV32IMA_L1_AHB_C0_0\core\miv_rv32ima_l1_ahb_mul_div.v (2019-07-16 14:57:00)
108      C:\RISC-V\mi-v\component\work\MIV_RV32IMA_L1_AHB_C0\MIV_RV32IMA_L1_AHB_C0_0\core\miv_rv32ima_l1_ahb_negative_edge_latch.v (2019-07-16 14:57:00)
109      C:\RISC-V\mi-v\component\work\MIV_RV32IMA_L1_AHB_C0\MIV_RV32IMA_L1_AHB_C0_0\core\miv_rv32ima_l1_ahb_negative_edge_latch_2.v (2019-07-16 14:57:00)
110      C:\RISC-V\mi-v\component\work\MIV_RV32IMA_L1_AHB_C0\MIV_RV32IMA_L1_AHB_C0_0\core\miv_rv32ima_l1_ahb_periphery_bus_pbus.v (2019-07-16 14:57:00)
111      C:\RISC-V\mi-v\component\work\MIV_RV32IMA_L1_AHB_C0\MIV_RV32IMA_L1_AHB_C0_0\core\miv_rv32ima_l1_ahb_plusarg_reader.v (2019-07-16 14:57:00)
112      C:\RISC-V\mi-v\component\work\MIV_RV32IMA_L1_AHB_C0\MIV_RV32IMA_L1_AHB_C0_0\core\miv_rv32ima_l1_ahb_queue.v (2019-07-16 14:57:00)
113      C:\RISC-V\mi-v\component\work\MIV_RV32IMA_L1_AHB_C0\MIV_RV32IMA_L1_AHB_C0_0\core\miv_rv32ima_l1_ahb_queue_1.v (2019-07-16 14:57:00)
114      C:\RISC-V\mi-v\component\work\MIV_RV32IMA_L1_AHB_C0\MIV_RV32IMA_L1_AHB_C0_0\core\miv_rv32ima_l1_ahb_queue_10.v (2019-07-16 14:57:00)
115      C:\RISC-V\mi-v\component\work\MIV_RV32IMA_L1_AHB_C0\MIV_RV32IMA_L1_AHB_C0_0\core\miv_rv32ima_l1_ahb_queue_11.v (2019-07-16 14:57:00)
116      C:\RISC-V\mi-v\component\work\MIV_RV32IMA_L1_AHB_C0\MIV_RV32IMA_L1_AHB_C0_0\core\miv_rv32ima_l1_ahb_queue_13.v (2019-07-16 14:57:00)
117      C:\RISC-V\mi-v\component\work\MIV_RV32IMA_L1_AHB_C0\MIV_RV32IMA_L1_AHB_C0_0\core\miv_rv32ima_l1_ahb_queue_14.v (2019-07-16 14:57:00)
118      C:\RISC-V\mi-v\component\work\MIV_RV32IMA_L1_AHB_C0\MIV_RV32IMA_L1_AHB_C0_0\core\miv_rv32ima_l1_ahb_queue_15.v (2019-07-16 14:57:00)
119      C:\RISC-V\mi-v\component\work\MIV_RV32IMA_L1_AHB_C0\MIV_RV32IMA_L1_AHB_C0_0\core\miv_rv32ima_l1_ahb_queue_16.v (2019-07-16 14:57:00)
120      C:\RISC-V\mi-v\component\work\MIV_RV32IMA_L1_AHB_C0\MIV_RV32IMA_L1_AHB_C0_0\core\miv_rv32ima_l1_ahb_queue_18.v (2019-07-16 14:57:00)
121      C:\RISC-V\mi-v\component\work\MIV_RV32IMA_L1_AHB_C0\MIV_RV32IMA_L1_AHB_C0_0\core\miv_rv32ima_l1_ahb_queue_19.v (2019-07-16 14:57:00)
122      C:\RISC-V\mi-v\component\work\MIV_RV32IMA_L1_AHB_C0\MIV_RV32IMA_L1_AHB_C0_0\core\miv_rv32ima_l1_ahb_queue_4.v (2019-07-16 14:57:00)
123      C:\RISC-V\mi-v\component\work\MIV_RV32IMA_L1_AHB_C0\MIV_RV32IMA_L1_AHB_C0_0\core\miv_rv32ima_l1_ahb_queue_5.v (2019-07-16 14:57:00)
124      C:\RISC-V\mi-v\component\work\MIV_RV32IMA_L1_AHB_C0\MIV_RV32IMA_L1_AHB_C0_0\core\miv_rv32ima_l1_ahb_queue_6.v (2019-07-16 14:57:00)
125      C:\RISC-V\mi-v\component\work\MIV_RV32IMA_L1_AHB_C0\MIV_RV32IMA_L1_AHB_C0_0\core\miv_rv32ima_l1_ahb_repeater.v (2019-07-16 14:57:00)
126      C:\RISC-V\mi-v\component\work\MIV_RV32IMA_L1_AHB_C0\MIV_RV32IMA_L1_AHB_C0_0\core\miv_rv32ima_l1_ahb_repeater_2.v (2019-07-16 14:57:00)
127      C:\RISC-V\mi-v\component\work\MIV_RV32IMA_L1_AHB_C0\MIV_RV32IMA_L1_AHB_C0_0\core\miv_rv32ima_l1_ahb_reset_catch_and_sync_d3.v (2019-07-16 14:57:00)
128      C:\RISC-V\mi-v\component\work\MIV_RV32IMA_L1_AHB_C0\MIV_RV32IMA_L1_AHB_C0_0\core\miv_rv32ima_l1_ahb_rocket.v (2019-07-16 14:57:01)
129      C:\RISC-V\mi-v\component\work\MIV_RV32IMA_L1_AHB_C0\MIV_RV32IMA_L1_AHB_C0_0\core\miv_rv32ima_l1_ahb_rocket_system.v (2019-07-16 14:57:01)
130      C:\RISC-V\mi-v\component\work\MIV_RV32IMA_L1_AHB_C0\MIV_RV32IMA_L1_AHB_C0_0\core\miv_rv32ima_l1_ahb_rocket_tile.v (2019-07-16 14:57:01)
131      C:\RISC-V\mi-v\component\work\MIV_RV32IMA_L1_AHB_C0\MIV_RV32IMA_L1_AHB_C0_0\core\miv_rv32ima_l1_ahb_rvcexpander.v (2019-07-16 14:57:00)
132      C:\RISC-V\mi-v\component\work\MIV_RV32IMA_L1_AHB_C0\MIV_RV32IMA_L1_AHB_C0_0\core\miv_rv32ima_l1_ahb_shift_queue.v (2019-07-16 14:57:00)
133      C:\RISC-V\mi-v\component\work\MIV_RV32IMA_L1_AHB_C0\MIV_RV32IMA_L1_AHB_C0_0\core\miv_rv32ima_l1_ahb_simple_lazy_module_system_bus_from_tile.v (2019-07-16 14:57:01)
134      C:\RISC-V\mi-v\component\work\MIV_RV32IMA_L1_AHB_C0\MIV_RV32IMA_L1_AHB_C0_0\core\miv_rv32ima_l1_ahb_synchronizer_shift_reg_w12_d1.v (2019-07-16 14:57:01)
135      C:\RISC-V\mi-v\component\work\MIV_RV32IMA_L1_AHB_C0\MIV_RV32IMA_L1_AHB_C0_0\core\miv_rv32ima_l1_ahb_synchronizer_shift_reg_w1_d3.v (2019-07-16 14:57:01)
136      C:\RISC-V\mi-v\component\work\MIV_RV32IMA_L1_AHB_C0\MIV_RV32IMA_L1_AHB_C0_0\core\miv_rv32ima_l1_ahb_synchronizer_shift_reg_w31_d3.v (2019-07-16 14:57:01)
137      C:\RISC-V\mi-v\component\work\MIV_RV32IMA_L1_AHB_C0\MIV_RV32IMA_L1_AHB_C0_0\core\miv_rv32ima_l1_ahb_synchronizer_shift_reg_w42_d1.v (2019-07-16 14:57:01)
138      C:\RISC-V\mi-v\component\work\MIV_RV32IMA_L1_AHB_C0\MIV_RV32IMA_L1_AHB_C0_0\core\miv_rv32ima_l1_ahb_synchronizer_shift_reg_w54_d1.v (2019-07-16 14:57:01)
139      C:\RISC-V\mi-v\component\work\MIV_RV32IMA_L1_AHB_C0\MIV_RV32IMA_L1_AHB_C0_0\core\miv_rv32ima_l1_ahb_system_bus_sbus.v (2019-07-16 14:57:01)
140      C:\RISC-V\mi-v\component\work\MIV_RV32IMA_L1_AHB_C0\MIV_RV32IMA_L1_AHB_C0_0\core\miv_rv32ima_l1_ahb_tag_array.v (2019-07-16 14:57:01)
141      C:\RISC-V\mi-v\component\work\MIV_RV32IMA_L1_AHB_C0\MIV_RV32IMA_L1_AHB_C0_0\core\miv_rv32ima_l1_ahb_tag_array_0.v (2019-07-16 14:57:01)
142      C:\RISC-V\mi-v\component\work\MIV_RV32IMA_L1_AHB_C0\MIV_RV32IMA_L1_AHB_C0_0\core\miv_rv32ima_l1_ahb_tag_array_0_ext.v (2019-07-16 14:57:01)
143      C:\RISC-V\mi-v\component\work\MIV_RV32IMA_L1_AHB_C0\MIV_RV32IMA_L1_AHB_C0_0\core\miv_rv32ima_l1_ahb_tag_array_ext.v (2019-07-16 14:57:01)
144      C:\RISC-V\mi-v\component\work\MIV_RV32IMA_L1_AHB_C0\MIV_RV32IMA_L1_AHB_C0_0\core\miv_rv32ima_l1_ahb_tlasync_crossing_sink_dmi_xing.v (2019-07-16 14:57:01)
145      C:\RISC-V\mi-v\component\work\MIV_RV32IMA_L1_AHB_C0\MIV_RV32IMA_L1_AHB_C0_0\core\miv_rv32ima_l1_ahb_tlasync_crossing_source_dm_inner.v (2019-07-16 14:57:01)
146      C:\RISC-V\mi-v\component\work\MIV_RV32IMA_L1_AHB_C0\MIV_RV32IMA_L1_AHB_C0_0\core\miv_rv32ima_l1_ahb_tlatomic_automata_periphery_bus_slave_tlfragmenter.v (2019-07-16 14:57:01)
147      C:\RISC-V\mi-v\component\work\MIV_RV32IMA_L1_AHB_C0\MIV_RV32IMA_L1_AHB_C0_0\core\miv_rv32ima_l1_ahb_tlb.v (2019-07-16 14:57:01)
148      C:\RISC-V\mi-v\component\work\MIV_RV32IMA_L1_AHB_C0\MIV_RV32IMA_L1_AHB_C0_0\core\miv_rv32ima_l1_ahb_tlb_1.v (2019-07-16 14:57:01)
149      C:\RISC-V\mi-v\component\work\MIV_RV32IMA_L1_AHB_C0\MIV_RV32IMA_L1_AHB_C0_0\core\miv_rv32ima_l1_ahb_tlbuffer_periphery_bus_slave_tlbuffer.v (2019-07-16 14:57:01)
150      C:\RISC-V\mi-v\component\work\MIV_RV32IMA_L1_AHB_C0\MIV_RV32IMA_L1_AHB_C0_0\core\miv_rv32ima_l1_ahb_tlbuffer_periphery_bus_slave_tlfragmenter.v (2019-07-16 14:57:01)
151      C:\RISC-V\mi-v\component\work\MIV_RV32IMA_L1_AHB_C0\MIV_RV32IMA_L1_AHB_C0_0\core\miv_rv32ima_l1_ahb_tlbuffer_system_bus.v (2019-07-16 14:57:01)
152      C:\RISC-V\mi-v\component\work\MIV_RV32IMA_L1_AHB_C0\MIV_RV32IMA_L1_AHB_C0_0\core\miv_rv32ima_l1_ahb_tlbuffer_system_bus_slave_tlbuffer.v (2019-07-16 14:57:01)
153      C:\RISC-V\mi-v\component\work\MIV_RV32IMA_L1_AHB_C0\MIV_RV32IMA_L1_AHB_C0_0\core\miv_rv32ima_l1_ahb_tlcache_cork_system_bus.v (2019-07-16 14:57:01)
154      C:\RISC-V\mi-v\component\work\MIV_RV32IMA_L1_AHB_C0\MIV_RV32IMA_L1_AHB_C0_0\core\miv_rv32ima_l1_ahb_tldebug_module_debug.v (2019-07-16 14:57:01)
155      C:\RISC-V\mi-v\component\work\MIV_RV32IMA_L1_AHB_C0\MIV_RV32IMA_L1_AHB_C0_0\core\miv_rv32ima_l1_ahb_tldebug_module_inner_async_dm_inner.v (2019-07-16 14:57:01)
156      C:\RISC-V\mi-v\component\work\MIV_RV32IMA_L1_AHB_C0\MIV_RV32IMA_L1_AHB_C0_0\core\miv_rv32ima_l1_ahb_tldebug_module_inner_dm_inner.v (2019-07-16 14:57:01)
157      C:\RISC-V\mi-v\component\work\MIV_RV32IMA_L1_AHB_C0\MIV_RV32IMA_L1_AHB_C0_0\core\miv_rv32ima_l1_ahb_tldebug_module_outer_async_dm_outer.v (2019-07-16 14:57:01)
158      C:\RISC-V\mi-v\component\work\MIV_RV32IMA_L1_AHB_C0\MIV_RV32IMA_L1_AHB_C0_0\core\miv_rv32ima_l1_ahb_tldebug_module_outer_dm_outer.v (2019-07-16 14:57:01)
159      C:\RISC-V\mi-v\component\work\MIV_RV32IMA_L1_AHB_C0\MIV_RV32IMA_L1_AHB_C0_0\core\miv_rv32ima_l1_ahb_tlerror_error.v (2019-07-16 14:57:01)
160      C:\RISC-V\mi-v\component\work\MIV_RV32IMA_L1_AHB_C0\MIV_RV32IMA_L1_AHB_C0_0\core\miv_rv32ima_l1_ahb_tlfifofixer_system_bus.v (2019-07-16 14:57:01)
161      C:\RISC-V\mi-v\component\work\MIV_RV32IMA_L1_AHB_C0\MIV_RV32IMA_L1_AHB_C0_0\core\miv_rv32ima_l1_ahb_tlfifofixer_system_bus_pbus_tlfifofixer.v (2019-07-16 14:57:01)
162      C:\RISC-V\mi-v\component\work\MIV_RV32IMA_L1_AHB_C0\MIV_RV32IMA_L1_AHB_C0_0\core\miv_rv32ima_l1_ahb_tlfilter.v (2019-07-16 14:57:01)
163      C:\RISC-V\mi-v\component\work\MIV_RV32IMA_L1_AHB_C0\MIV_RV32IMA_L1_AHB_C0_0\core\miv_rv32ima_l1_ahb_tlfragmenter_periphery_bus_slave_tlfragmenter.v (2019-07-16 14:57:01)
164      C:\RISC-V\mi-v\component\work\MIV_RV32IMA_L1_AHB_C0\MIV_RV32IMA_L1_AHB_C0_0\core\miv_rv32ima_l1_ahb_tlplic_plic.v (2019-07-16 14:57:01)
165      C:\RISC-V\mi-v\component\work\MIV_RV32IMA_L1_AHB_C0\MIV_RV32IMA_L1_AHB_C0_0\core\miv_rv32ima_l1_ahb_tlsplitter_system_bus_master_tlsplitter.v (2019-07-16 14:57:01)
166      C:\RISC-V\mi-v\component\work\MIV_RV32IMA_L1_AHB_C0\MIV_RV32IMA_L1_AHB_C0_0\core\miv_rv32ima_l1_ahb_tlto_ahb.v (2019-07-16 14:57:01)
167      C:\RISC-V\mi-v\component\work\MIV_RV32IMA_L1_AHB_C0\MIV_RV32IMA_L1_AHB_C0_0\core\miv_rv32ima_l1_ahb_tlto_ahb_converter.v (2019-07-16 14:57:01)
168      C:\RISC-V\mi-v\component\work\MIV_RV32IMA_L1_AHB_C0\MIV_RV32IMA_L1_AHB_C0_0\core\miv_rv32ima_l1_ahb_tlwidth_widget.v (2019-07-16 14:57:01)
169      C:\RISC-V\mi-v\component\work\MIV_RV32IMA_L1_AHB_C0\MIV_RV32IMA_L1_AHB_C0_0\core\miv_rv32ima_l1_ahb_tlwidth_widget_system_bus_slave_tlwidth_widget.v (2019-07-16 14:57:01)
170      C:\RISC-V\mi-v\component\work\MIV_RV32IMA_L1_AHB_C0\MIV_RV32IMA_L1_AHB_C0_0\core\miv_rv32ima_l1_ahb_tlxbar_dmi_xbar.v (2019-07-16 14:57:01)
171      C:\RISC-V\mi-v\component\work\MIV_RV32IMA_L1_AHB_C0\MIV_RV32IMA_L1_AHB_C0_0\core\miv_rv32ima_l1_ahb_tlxbar_memory_bus.v (2019-07-16 14:57:01)
172      C:\RISC-V\mi-v\component\work\MIV_RV32IMA_L1_AHB_C0\MIV_RV32IMA_L1_AHB_C0_0\core\miv_rv32ima_l1_ahb_tlxbar_periphery_bus.v (2019-07-16 14:57:01)
173      C:\RISC-V\mi-v\component\work\MIV_RV32IMA_L1_AHB_C0\MIV_RV32IMA_L1_AHB_C0_0\core\miv_rv32ima_l1_ahb_tlxbar_system_bus.v (2019-07-16 14:57:01)
174      C:\RISC-V\mi-v\component\work\MIV_RV32IMA_L1_AHB_C0\MIV_RV32IMA_L1_AHB_C0_0\core\miv_rv32ima_l1_ahb_tlxbar_tl_master_xbar.v (2019-07-16 14:57:01)
182      C:\RISC-V\mi-v\component\work\OSC_C0\OSC_C0.vhd (2019-08-05 13:59:57)
183      C:\RISC-V\mi-v\component\work\OSC_C0\OSC_C0_0\OSC_C0_OSC_C0_0_OSC.vhd (2019-08-05 13:59:57)
175      C:\RISC-V\mi-v\component\work\top\top.vhd (2019-08-05 15:33:55)

*******************************************************************
Unchanged modules: 212
MID:  lib.cell.view
0        COREJTAGDEBUG_LIB.COREJTAGDEBUG.verilog
1        COREJTAGDEBUG_LIB.COREJTAGDEBUG_UJTAG_WRAPPER.verilog
2        COREJTAGDEBUG_LIB.COREJTAGDEBUG_UJ_JTAG.verilog
3        coreahblite_lib.coreahblite_addrdec.coreahblite_addrdec_arch
4        coreahblite_lib.coreahblite_addrdec.vhdl
5        coreahblite_lib.coreahblite_c0_coreahblite_c0_0_coreahblite.coreahblite_arch
6        coreahblite_lib.coreahblite_c0_coreahblite_c0_0_coreahblite.vhdl
217      coreahblite_lib.coreahblite_c1_coreahblite_c1_0_coreahblite.coreahblite_arch
218      coreahblite_lib.coreahblite_c1_coreahblite_c1_0_coreahblite.vhdl
7        coreahblite_lib.coreahblite_defaultslavesm.coreahblite_defaultslavesm_arch
8        coreahblite_lib.coreahblite_defaultslavesm.vhdl
9        coreahblite_lib.coreahblite_masterstage.coreahblite_masterstage_arch
10       coreahblite_lib.coreahblite_masterstage.vhdl
11       coreahblite_lib.coreahblite_matrix4x16.coreahblite_matrix4x16_arch
12       coreahblite_lib.coreahblite_matrix4x16.vhdl
13       coreahblite_lib.coreahblite_slavearbiter.coreahblite_slavearbiter_arch
14       coreahblite_lib.coreahblite_slavearbiter.vhdl
15       coreahblite_lib.coreahblite_slavestage.trans
16       coreahblite_lib.coreahblite_slavestage.vhdl
205      coreahblsram_lib.coreahblsram_c0_coreahblsram_c0_0_ahblsramif.translated
206      coreahblsram_lib.coreahblsram_c0_coreahblsram_c0_0_ahblsramif.vhdl
207      coreahblsram_lib.coreahblsram_c0_coreahblsram_c0_0_coreahblsram.translated
208      coreahblsram_lib.coreahblsram_c0_coreahblsram_c0_0_coreahblsram.vhdl
209      coreahblsram_lib.coreahblsram_c0_coreahblsram_c0_0_lsram_2048to139264x8.translated
210      coreahblsram_lib.coreahblsram_c0_coreahblsram_c0_0_lsram_2048to139264x8.vhdl
211      coreahblsram_lib.coreahblsram_c0_coreahblsram_c0_0_sramctrlif.translated
212      coreahblsram_lib.coreahblsram_c0_coreahblsram_c0_0_sramctrlif.vhdl
213      coreahblsram_lib.coreahblsram_c0_coreahblsram_c0_0_usram_128to9216x8.translated
214      coreahblsram_lib.coreahblsram_c0_coreahblsram_c0_0_usram_128to9216x8.vhdl
17       coreahbtoapb3_lib.coreahbtoapb3.trans
18       coreahbtoapb3_lib.coreahbtoapb3.vhdl
19       coreahbtoapb3_lib.coreahbtoapb3_ahbtoapbsm.trans
20       coreahbtoapb3_lib.coreahbtoapb3_ahbtoapbsm.vhdl
21       coreahbtoapb3_lib.coreahbtoapb3_apbaddrdata.trans
22       coreahbtoapb3_lib.coreahbtoapb3_apbaddrdata.vhdl
23       coreahbtoapb3_lib.coreahbtoapb3_penablescheduler.trans
24       coreahbtoapb3_lib.coreahbtoapb3_penablescheduler.vhdl
25       coreapb3_lib.capb3li.capb3i0
26       coreapb3_lib.capb3li.vhdl
27       coreapb3_lib.capb3o.capb3i
28       coreapb3_lib.capb3o.vhdl
29       coreapb3_lib.coreapb3.capb3lli
30       coreapb3_lib.coreapb3.vhdl
31       coregpio_lib.coregpio_c0_coregpio_c0_0_coregpio.rtl
32       coregpio_lib.coregpio_c0_coregpio_c0_0_coregpio.vhdl
201      coregpio_lib.coregpio_out_coregpio_out_0_coregpio.rtl
202      coregpio_lib.coregpio_out_coregpio_out_0_coregpio.vhdl
33       work.MIV_RV32IMA_L1_AHB_C0_MIV_RV32IMA_L1_AHB_C0_0_MIV_RV32IMA_L1_AHB.verilog
34       work.MIV_RV32IMA_L1_AHB_C0_MIV_RV32IMA_L1_AHB_C0_0_MIV_RV32IMA_L1_AHB_ALU.verilog
35       work.MIV_RV32IMA_L1_AHB_C0_MIV_RV32IMA_L1_AHB_C0_0_MIV_RV32IMA_L1_AHB_AMOALU.verilog
36       work.MIV_RV32IMA_L1_AHB_C0_MIV_RV32IMA_L1_AHB_C0_0_MIV_RV32IMA_L1_AHB_ARBITER.verilog
37       work.MIV_RV32IMA_L1_AHB_C0_MIV_RV32IMA_L1_AHB_C0_0_MIV_RV32IMA_L1_AHB_ARBITER_1.verilog
38       work.MIV_RV32IMA_L1_AHB_C0_MIV_RV32IMA_L1_AHB_C0_0_MIV_RV32IMA_L1_AHB_ASYNC_QUEUE_SINK.verilog
39       work.MIV_RV32IMA_L1_AHB_C0_MIV_RV32IMA_L1_AHB_C0_0_MIV_RV32IMA_L1_AHB_ASYNC_QUEUE_SINK_1.verilog
40       work.MIV_RV32IMA_L1_AHB_C0_MIV_RV32IMA_L1_AHB_C0_0_MIV_RV32IMA_L1_AHB_ASYNC_QUEUE_SINK_2.verilog
41       work.MIV_RV32IMA_L1_AHB_C0_MIV_RV32IMA_L1_AHB_C0_0_MIV_RV32IMA_L1_AHB_ASYNC_QUEUE_SOURCE.verilog
42       work.MIV_RV32IMA_L1_AHB_C0_MIV_RV32IMA_L1_AHB_C0_0_MIV_RV32IMA_L1_AHB_ASYNC_QUEUE_SOURCE_1.verilog
43       work.MIV_RV32IMA_L1_AHB_C0_MIV_RV32IMA_L1_AHB_C0_0_MIV_RV32IMA_L1_AHB_ASYNC_QUEUE_SOURCE_2.verilog
44       work.MIV_RV32IMA_L1_AHB_C0_MIV_RV32IMA_L1_AHB_C0_0_MIV_RV32IMA_L1_AHB_ASYNC_RESET_REG.verilog
45       work.MIV_RV32IMA_L1_AHB_C0_MIV_RV32IMA_L1_AHB_C0_0_MIV_RV32IMA_L1_AHB_ASYNC_RESET_REG_VEC_W1_I0.verilog
46       work.MIV_RV32IMA_L1_AHB_C0_MIV_RV32IMA_L1_AHB_C0_0_MIV_RV32IMA_L1_AHB_ASYNC_RESET_REG_VEC_W2_I0.verilog
47       work.MIV_RV32IMA_L1_AHB_C0_MIV_RV32IMA_L1_AHB_C0_0_MIV_RV32IMA_L1_AHB_ASYNC_RESET_REG_VEC_W32_I0.verilog
48       work.MIV_RV32IMA_L1_AHB_C0_MIV_RV32IMA_L1_AHB_C0_0_MIV_RV32IMA_L1_AHB_ASYNC_RESET_REG_VEC_W4_I15.verilog
49       work.MIV_RV32IMA_L1_AHB_C0_MIV_RV32IMA_L1_AHB_C0_0_MIV_RV32IMA_L1_AHB_ASYNC_RESET_SYNCHRONIZER_SHIFT_REG_W1_D1_I0.verilog
50       work.MIV_RV32IMA_L1_AHB_C0_MIV_RV32IMA_L1_AHB_C0_0_MIV_RV32IMA_L1_AHB_ASYNC_RESET_SYNCHRONIZER_SHIFT_REG_W1_D3_I0.verilog
51       work.MIV_RV32IMA_L1_AHB_C0_MIV_RV32IMA_L1_AHB_C0_0_MIV_RV32IMA_L1_AHB_ASYNC_RESET_SYNCHRONIZER_SHIFT_REG_W1_D4_I0.verilog
52       work.MIV_RV32IMA_L1_AHB_C0_MIV_RV32IMA_L1_AHB_C0_0_MIV_RV32IMA_L1_AHB_ASYNC_VALID_SYNC.verilog
53       work.MIV_RV32IMA_L1_AHB_C0_MIV_RV32IMA_L1_AHB_C0_0_MIV_RV32IMA_L1_AHB_ASYNC_VALID_SYNC_1.verilog
54       work.MIV_RV32IMA_L1_AHB_C0_MIV_RV32IMA_L1_AHB_C0_0_MIV_RV32IMA_L1_AHB_ASYNC_VALID_SYNC_2.verilog
55       work.MIV_RV32IMA_L1_AHB_C0_MIV_RV32IMA_L1_AHB_C0_0_MIV_RV32IMA_L1_AHB_ASYNC_VALID_SYNC_3.verilog
56       work.MIV_RV32IMA_L1_AHB_C0_MIV_RV32IMA_L1_AHB_C0_0_MIV_RV32IMA_L1_AHB_ASYNC_VALID_SYNC_4.verilog
57       work.MIV_RV32IMA_L1_AHB_C0_MIV_RV32IMA_L1_AHB_C0_0_MIV_RV32IMA_L1_AHB_ASYNC_VALID_SYNC_5.verilog
58       work.MIV_RV32IMA_L1_AHB_C0_MIV_RV32IMA_L1_AHB_C0_0_MIV_RV32IMA_L1_AHB_BREAKPOINT_UNIT.verilog
59       work.MIV_RV32IMA_L1_AHB_C0_MIV_RV32IMA_L1_AHB_C0_0_MIV_RV32IMA_L1_AHB_CAPTURE_CHAIN.verilog
60       work.MIV_RV32IMA_L1_AHB_C0_MIV_RV32IMA_L1_AHB_C0_0_MIV_RV32IMA_L1_AHB_CAPTURE_UPDATE_CHAIN.verilog
61       work.MIV_RV32IMA_L1_AHB_C0_MIV_RV32IMA_L1_AHB_C0_0_MIV_RV32IMA_L1_AHB_CAPTURE_UPDATE_CHAIN_1.verilog
62       work.MIV_RV32IMA_L1_AHB_C0_MIV_RV32IMA_L1_AHB_C0_0_MIV_RV32IMA_L1_AHB_CAPTURE_UPDATE_CHAIN_2.verilog
63       work.MIV_RV32IMA_L1_AHB_C0_MIV_RV32IMA_L1_AHB_C0_0_MIV_RV32IMA_L1_AHB_COREPLEX_LOCAL_INTERRUPTER_CLINT.verilog
64       work.MIV_RV32IMA_L1_AHB_C0_MIV_RV32IMA_L1_AHB_C0_0_MIV_RV32IMA_L1_AHB_CSRFILE.verilog
65       work.MIV_RV32IMA_L1_AHB_C0_MIV_RV32IMA_L1_AHB_C0_0_MIV_RV32IMA_L1_AHB_DATA_ARRAYS_0.verilog
66       work.MIV_RV32IMA_L1_AHB_C0_MIV_RV32IMA_L1_AHB_C0_0_MIV_RV32IMA_L1_AHB_DATA_ARRAYS_0_0.verilog
67       work.MIV_RV32IMA_L1_AHB_C0_MIV_RV32IMA_L1_AHB_C0_0_MIV_RV32IMA_L1_AHB_DATA_ARRAYS_0_0_EXT.verilog
68       work.MIV_RV32IMA_L1_AHB_C0_MIV_RV32IMA_L1_AHB_C0_0_MIV_RV32IMA_L1_AHB_DATA_ARRAYS_0_EXT.verilog
69       work.MIV_RV32IMA_L1_AHB_C0_MIV_RV32IMA_L1_AHB_C0_0_MIV_RV32IMA_L1_AHB_DCACHE_DATA_ARRAY.verilog
70       work.MIV_RV32IMA_L1_AHB_C0_MIV_RV32IMA_L1_AHB_C0_0_MIV_RV32IMA_L1_AHB_DCACHE_DCACHE.verilog
71       work.MIV_RV32IMA_L1_AHB_C0_MIV_RV32IMA_L1_AHB_C0_0_MIV_RV32IMA_L1_AHB_DEBUG_TRANSPORT_MODULE_JTAG.verilog
72       work.MIV_RV32IMA_L1_AHB_C0_MIV_RV32IMA_L1_AHB_C0_0_MIV_RV32IMA_L1_AHB_DMITO_TL_DMI2TL.verilog
73       work.MIV_RV32IMA_L1_AHB_C0_MIV_RV32IMA_L1_AHB_C0_0_MIV_RV32IMA_L1_AHB_FRONTEND_FRONTEND.verilog
74       work.MIV_RV32IMA_L1_AHB_C0_MIV_RV32IMA_L1_AHB_C0_0_MIV_RV32IMA_L1_AHB_HELLA_CACHE_ARBITER.verilog
75       work.MIV_RV32IMA_L1_AHB_C0_MIV_RV32IMA_L1_AHB_C0_0_MIV_RV32IMA_L1_AHB_IBUF.verilog
76       work.MIV_RV32IMA_L1_AHB_C0_MIV_RV32IMA_L1_AHB_C0_0_MIV_RV32IMA_L1_AHB_ICACHE_ICACHE.verilog
77       work.MIV_RV32IMA_L1_AHB_C0_MIV_RV32IMA_L1_AHB_C0_0_MIV_RV32IMA_L1_AHB_IDENTITY_MODULE.verilog
78       work.MIV_RV32IMA_L1_AHB_C0_MIV_RV32IMA_L1_AHB_C0_0_MIV_RV32IMA_L1_AHB_INT_SYNC_CROSSING_SINK.verilog
79       work.MIV_RV32IMA_L1_AHB_C0_MIV_RV32IMA_L1_AHB_C0_0_MIV_RV32IMA_L1_AHB_INT_SYNC_CROSSING_SINK_1.verilog
80       work.MIV_RV32IMA_L1_AHB_C0_MIV_RV32IMA_L1_AHB_C0_0_MIV_RV32IMA_L1_AHB_INT_SYNC_CROSSING_SOURCE.verilog
81       work.MIV_RV32IMA_L1_AHB_C0_MIV_RV32IMA_L1_AHB_C0_0_MIV_RV32IMA_L1_AHB_INT_SYNC_CROSSING_SOURCE_2.verilog
82       work.MIV_RV32IMA_L1_AHB_C0_MIV_RV32IMA_L1_AHB_C0_0_MIV_RV32IMA_L1_AHB_INT_XBAR.verilog
83       work.MIV_RV32IMA_L1_AHB_C0_MIV_RV32IMA_L1_AHB_C0_0_MIV_RV32IMA_L1_AHB_INT_XBAR_INT_XBAR.verilog
84       work.MIV_RV32IMA_L1_AHB_C0_MIV_RV32IMA_L1_AHB_C0_0_MIV_RV32IMA_L1_AHB_INT_XING.verilog
85       work.MIV_RV32IMA_L1_AHB_C0_MIV_RV32IMA_L1_AHB_C0_0_MIV_RV32IMA_L1_AHB_JTAG_BYPASS_CHAIN.verilog
86       work.MIV_RV32IMA_L1_AHB_C0_MIV_RV32IMA_L1_AHB_C0_0_MIV_RV32IMA_L1_AHB_JTAG_STATE_MACHINE.verilog
87       work.MIV_RV32IMA_L1_AHB_C0_MIV_RV32IMA_L1_AHB_C0_0_MIV_RV32IMA_L1_AHB_JTAG_TAP_CONTROLLER.verilog
88       work.MIV_RV32IMA_L1_AHB_C0_MIV_RV32IMA_L1_AHB_C0_0_MIV_RV32IMA_L1_AHB_LEVEL_GATEWAY.verilog
89       work.MIV_RV32IMA_L1_AHB_C0_MIV_RV32IMA_L1_AHB_C0_0_MIV_RV32IMA_L1_AHB_MEMORY_BUS_MEM_BUSES_0.verilog
90       work.MIV_RV32IMA_L1_AHB_C0_MIV_RV32IMA_L1_AHB_C0_0_MIV_RV32IMA_L1_AHB_MUL_DIV.verilog
91       work.MIV_RV32IMA_L1_AHB_C0_MIV_RV32IMA_L1_AHB_C0_0_MIV_RV32IMA_L1_AHB_NEGATIVE_EDGE_LATCH.verilog
92       work.MIV_RV32IMA_L1_AHB_C0_MIV_RV32IMA_L1_AHB_C0_0_MIV_RV32IMA_L1_AHB_NEGATIVE_EDGE_LATCH_2.verilog
93       work.MIV_RV32IMA_L1_AHB_C0_MIV_RV32IMA_L1_AHB_C0_0_MIV_RV32IMA_L1_AHB_PERIPHERY_BUS_PBUS.verilog
94       work.MIV_RV32IMA_L1_AHB_C0_MIV_RV32IMA_L1_AHB_C0_0_MIV_RV32IMA_L1_AHB_PLUSARG_READER.verilog
95       work.MIV_RV32IMA_L1_AHB_C0_MIV_RV32IMA_L1_AHB_C0_0_MIV_RV32IMA_L1_AHB_QUEUE.verilog
96       work.MIV_RV32IMA_L1_AHB_C0_MIV_RV32IMA_L1_AHB_C0_0_MIV_RV32IMA_L1_AHB_QUEUE_1.verilog
97       work.MIV_RV32IMA_L1_AHB_C0_MIV_RV32IMA_L1_AHB_C0_0_MIV_RV32IMA_L1_AHB_QUEUE_10.verilog
98       work.MIV_RV32IMA_L1_AHB_C0_MIV_RV32IMA_L1_AHB_C0_0_MIV_RV32IMA_L1_AHB_QUEUE_11.verilog
99       work.MIV_RV32IMA_L1_AHB_C0_MIV_RV32IMA_L1_AHB_C0_0_MIV_RV32IMA_L1_AHB_QUEUE_13.verilog
100      work.MIV_RV32IMA_L1_AHB_C0_MIV_RV32IMA_L1_AHB_C0_0_MIV_RV32IMA_L1_AHB_QUEUE_14.verilog
101      work.MIV_RV32IMA_L1_AHB_C0_MIV_RV32IMA_L1_AHB_C0_0_MIV_RV32IMA_L1_AHB_QUEUE_15.verilog
102      work.MIV_RV32IMA_L1_AHB_C0_MIV_RV32IMA_L1_AHB_C0_0_MIV_RV32IMA_L1_AHB_QUEUE_16.verilog
103      work.MIV_RV32IMA_L1_AHB_C0_MIV_RV32IMA_L1_AHB_C0_0_MIV_RV32IMA_L1_AHB_QUEUE_18.verilog
104      work.MIV_RV32IMA_L1_AHB_C0_MIV_RV32IMA_L1_AHB_C0_0_MIV_RV32IMA_L1_AHB_QUEUE_19.verilog
105      work.MIV_RV32IMA_L1_AHB_C0_MIV_RV32IMA_L1_AHB_C0_0_MIV_RV32IMA_L1_AHB_QUEUE_4.verilog
106      work.MIV_RV32IMA_L1_AHB_C0_MIV_RV32IMA_L1_AHB_C0_0_MIV_RV32IMA_L1_AHB_QUEUE_5.verilog
107      work.MIV_RV32IMA_L1_AHB_C0_MIV_RV32IMA_L1_AHB_C0_0_MIV_RV32IMA_L1_AHB_QUEUE_6.verilog
108      work.MIV_RV32IMA_L1_AHB_C0_MIV_RV32IMA_L1_AHB_C0_0_MIV_RV32IMA_L1_AHB_REPEATER.verilog
109      work.MIV_RV32IMA_L1_AHB_C0_MIV_RV32IMA_L1_AHB_C0_0_MIV_RV32IMA_L1_AHB_REPEATER_2.verilog
110      work.MIV_RV32IMA_L1_AHB_C0_MIV_RV32IMA_L1_AHB_C0_0_MIV_RV32IMA_L1_AHB_RESET_CATCH_AND_SYNC_D3.verilog
111      work.MIV_RV32IMA_L1_AHB_C0_MIV_RV32IMA_L1_AHB_C0_0_MIV_RV32IMA_L1_AHB_ROCKET.verilog
112      work.MIV_RV32IMA_L1_AHB_C0_MIV_RV32IMA_L1_AHB_C0_0_MIV_RV32IMA_L1_AHB_ROCKET_SYSTEM.verilog
113      work.MIV_RV32IMA_L1_AHB_C0_MIV_RV32IMA_L1_AHB_C0_0_MIV_RV32IMA_L1_AHB_ROCKET_TILE.verilog
114      work.MIV_RV32IMA_L1_AHB_C0_MIV_RV32IMA_L1_AHB_C0_0_MIV_RV32IMA_L1_AHB_RVCEXPANDER.verilog
115      work.MIV_RV32IMA_L1_AHB_C0_MIV_RV32IMA_L1_AHB_C0_0_MIV_RV32IMA_L1_AHB_SHIFT_QUEUE.verilog
116      work.MIV_RV32IMA_L1_AHB_C0_MIV_RV32IMA_L1_AHB_C0_0_MIV_RV32IMA_L1_AHB_SIMPLE_LAZY_MODULE_SYSTEM_BUS_FROM_TILE.verilog
117      work.MIV_RV32IMA_L1_AHB_C0_MIV_RV32IMA_L1_AHB_C0_0_MIV_RV32IMA_L1_AHB_SYNCHRONIZER_SHIFT_REG_W12_D1.verilog
118      work.MIV_RV32IMA_L1_AHB_C0_MIV_RV32IMA_L1_AHB_C0_0_MIV_RV32IMA_L1_AHB_SYNCHRONIZER_SHIFT_REG_W1_D3.verilog
119      work.MIV_RV32IMA_L1_AHB_C0_MIV_RV32IMA_L1_AHB_C0_0_MIV_RV32IMA_L1_AHB_SYNCHRONIZER_SHIFT_REG_W31_D3.verilog
120      work.MIV_RV32IMA_L1_AHB_C0_MIV_RV32IMA_L1_AHB_C0_0_MIV_RV32IMA_L1_AHB_SYNCHRONIZER_SHIFT_REG_W42_D1.verilog
121      work.MIV_RV32IMA_L1_AHB_C0_MIV_RV32IMA_L1_AHB_C0_0_MIV_RV32IMA_L1_AHB_SYNCHRONIZER_SHIFT_REG_W54_D1.verilog
122      work.MIV_RV32IMA_L1_AHB_C0_MIV_RV32IMA_L1_AHB_C0_0_MIV_RV32IMA_L1_AHB_SYSTEM_BUS_SBUS.verilog
123      work.MIV_RV32IMA_L1_AHB_C0_MIV_RV32IMA_L1_AHB_C0_0_MIV_RV32IMA_L1_AHB_TAG_ARRAY.verilog
124      work.MIV_RV32IMA_L1_AHB_C0_MIV_RV32IMA_L1_AHB_C0_0_MIV_RV32IMA_L1_AHB_TAG_ARRAY_0.verilog
125      work.MIV_RV32IMA_L1_AHB_C0_MIV_RV32IMA_L1_AHB_C0_0_MIV_RV32IMA_L1_AHB_TAG_ARRAY_0_EXT.verilog
126      work.MIV_RV32IMA_L1_AHB_C0_MIV_RV32IMA_L1_AHB_C0_0_MIV_RV32IMA_L1_AHB_TAG_ARRAY_EXT.verilog
127      work.MIV_RV32IMA_L1_AHB_C0_MIV_RV32IMA_L1_AHB_C0_0_MIV_RV32IMA_L1_AHB_TLASYNC_CROSSING_SINK_DMI_XING.verilog
128      work.MIV_RV32IMA_L1_AHB_C0_MIV_RV32IMA_L1_AHB_C0_0_MIV_RV32IMA_L1_AHB_TLASYNC_CROSSING_SOURCE_DM_INNER.verilog
129      work.MIV_RV32IMA_L1_AHB_C0_MIV_RV32IMA_L1_AHB_C0_0_MIV_RV32IMA_L1_AHB_TLATOMIC_AUTOMATA_PERIPHERY_BUS_SLAVE_TLFRAGMENTER.verilog
130      work.MIV_RV32IMA_L1_AHB_C0_MIV_RV32IMA_L1_AHB_C0_0_MIV_RV32IMA_L1_AHB_TLB.verilog
131      work.MIV_RV32IMA_L1_AHB_C0_MIV_RV32IMA_L1_AHB_C0_0_MIV_RV32IMA_L1_AHB_TLBUFFER_PERIPHERY_BUS_SLAVE_TLBUFFER.verilog
132      work.MIV_RV32IMA_L1_AHB_C0_MIV_RV32IMA_L1_AHB_C0_0_MIV_RV32IMA_L1_AHB_TLBUFFER_PERIPHERY_BUS_SLAVE_TLFRAGMENTER.verilog
133      work.MIV_RV32IMA_L1_AHB_C0_MIV_RV32IMA_L1_AHB_C0_0_MIV_RV32IMA_L1_AHB_TLBUFFER_SYSTEM_BUS.verilog
134      work.MIV_RV32IMA_L1_AHB_C0_MIV_RV32IMA_L1_AHB_C0_0_MIV_RV32IMA_L1_AHB_TLBUFFER_SYSTEM_BUS_SLAVE_TLBUFFER.verilog
135      work.MIV_RV32IMA_L1_AHB_C0_MIV_RV32IMA_L1_AHB_C0_0_MIV_RV32IMA_L1_AHB_TLB_1.verilog
136      work.MIV_RV32IMA_L1_AHB_C0_MIV_RV32IMA_L1_AHB_C0_0_MIV_RV32IMA_L1_AHB_TLCACHE_CORK_SYSTEM_BUS.verilog
137      work.MIV_RV32IMA_L1_AHB_C0_MIV_RV32IMA_L1_AHB_C0_0_MIV_RV32IMA_L1_AHB_TLDEBUG_MODULE_DEBUG.verilog
138      work.MIV_RV32IMA_L1_AHB_C0_MIV_RV32IMA_L1_AHB_C0_0_MIV_RV32IMA_L1_AHB_TLDEBUG_MODULE_INNER_ASYNC_DM_INNER.verilog
139      work.MIV_RV32IMA_L1_AHB_C0_MIV_RV32IMA_L1_AHB_C0_0_MIV_RV32IMA_L1_AHB_TLDEBUG_MODULE_INNER_DM_INNER.verilog
140      work.MIV_RV32IMA_L1_AHB_C0_MIV_RV32IMA_L1_AHB_C0_0_MIV_RV32IMA_L1_AHB_TLDEBUG_MODULE_OUTER_ASYNC_DM_OUTER.verilog
141      work.MIV_RV32IMA_L1_AHB_C0_MIV_RV32IMA_L1_AHB_C0_0_MIV_RV32IMA_L1_AHB_TLDEBUG_MODULE_OUTER_DM_OUTER.verilog
142      work.MIV_RV32IMA_L1_AHB_C0_MIV_RV32IMA_L1_AHB_C0_0_MIV_RV32IMA_L1_AHB_TLERROR_ERROR.verilog
143      work.MIV_RV32IMA_L1_AHB_C0_MIV_RV32IMA_L1_AHB_C0_0_MIV_RV32IMA_L1_AHB_TLFIFOFIXER_SYSTEM_BUS.verilog
144      work.MIV_RV32IMA_L1_AHB_C0_MIV_RV32IMA_L1_AHB_C0_0_MIV_RV32IMA_L1_AHB_TLFIFOFIXER_SYSTEM_BUS_PBUS_TLFIFOFIXER.verilog
145      work.MIV_RV32IMA_L1_AHB_C0_MIV_RV32IMA_L1_AHB_C0_0_MIV_RV32IMA_L1_AHB_TLFILTER.verilog
146      work.MIV_RV32IMA_L1_AHB_C0_MIV_RV32IMA_L1_AHB_C0_0_MIV_RV32IMA_L1_AHB_TLFRAGMENTER_PERIPHERY_BUS_SLAVE_TLFRAGMENTER.verilog
147      work.MIV_RV32IMA_L1_AHB_C0_MIV_RV32IMA_L1_AHB_C0_0_MIV_RV32IMA_L1_AHB_TLPLIC_PLIC.verilog
148      work.MIV_RV32IMA_L1_AHB_C0_MIV_RV32IMA_L1_AHB_C0_0_MIV_RV32IMA_L1_AHB_TLSPLITTER_SYSTEM_BUS_MASTER_TLSPLITTER.verilog
149      work.MIV_RV32IMA_L1_AHB_C0_MIV_RV32IMA_L1_AHB_C0_0_MIV_RV32IMA_L1_AHB_TLTO_AHB.verilog
150      work.MIV_RV32IMA_L1_AHB_C0_MIV_RV32IMA_L1_AHB_C0_0_MIV_RV32IMA_L1_AHB_TLTO_AHB_CONVERTER.verilog
151      work.MIV_RV32IMA_L1_AHB_C0_MIV_RV32IMA_L1_AHB_C0_0_MIV_RV32IMA_L1_AHB_TLWIDTH_WIDGET.verilog
152      work.MIV_RV32IMA_L1_AHB_C0_MIV_RV32IMA_L1_AHB_C0_0_MIV_RV32IMA_L1_AHB_TLWIDTH_WIDGET_SYSTEM_BUS_SLAVE_TLWIDTH_WIDGET.verilog
153      work.MIV_RV32IMA_L1_AHB_C0_MIV_RV32IMA_L1_AHB_C0_0_MIV_RV32IMA_L1_AHB_TLXBAR_DMI_XBAR.verilog
154      work.MIV_RV32IMA_L1_AHB_C0_MIV_RV32IMA_L1_AHB_C0_0_MIV_RV32IMA_L1_AHB_TLXBAR_MEMORY_BUS.verilog
155      work.MIV_RV32IMA_L1_AHB_C0_MIV_RV32IMA_L1_AHB_C0_0_MIV_RV32IMA_L1_AHB_TLXBAR_PERIPHERY_BUS.verilog
156      work.MIV_RV32IMA_L1_AHB_C0_MIV_RV32IMA_L1_AHB_C0_0_MIV_RV32IMA_L1_AHB_TLXBAR_SYSTEM_BUS.verilog
157      work.MIV_RV32IMA_L1_AHB_C0_MIV_RV32IMA_L1_AHB_C0_0_MIV_RV32IMA_L1_AHB_TLXBAR_TL_MASTER_XBAR.verilog
158      work.coreahblite_c0.rtl
159      work.coreahblite_c0.vhdl
219      work.coreahblite_c1.rtl
220      work.coreahblite_c1.vhdl
215      work.coreahblsram_c0.rtl
216      work.coreahblsram_c0.vhdl
160      work.coreahbtoapb3_c1.rtl
161      work.coreahbtoapb3_c1.vhdl
162      work.coreapb3_c0.rtl
163      work.coreapb3_c0.vhdl
164      work.coregpio_c0.rtl
165      work.coregpio_c0.vhdl
203      work.coregpio_out.rtl
204      work.coregpio_out.vhdl
166      work.corejtagdebug_c0.rtl
167      work.corejtagdebug_c0.vhdl
168      work.fccc_c0.rtl
169      work.fccc_c0.vhdl
170      work.fccc_c0_fccc_c0_0_fccc.def_arch
171      work.fccc_c0_fccc_c0_0_fccc.vhdl
172      work.miv_rv32ima_l1_ahb_c0.rtl
173      work.miv_rv32ima_l1_ahb_c0.vhdl
185      work.osc_c0.rtl
186      work.osc_c0.vhdl
187      work.osc_c0_osc_c0_0_osc.def_arch
188      work.osc_c0_osc_c0_0_osc.vhdl
189      work.rcosc_1mhz.def_arch
190      work.rcosc_1mhz.vhdl
191      work.rcosc_1mhz_fab.def_arch
192      work.rcosc_1mhz_fab.vhdl
193      work.rcosc_25_50mhz.def_arch
194      work.rcosc_25_50mhz.vhdl
195      work.rcosc_25_50mhz_fab.def_arch
196      work.rcosc_25_50mhz_fab.vhdl
175      work.top.rtl
176      work.top.vhdl
197      work.xtlosc.def_arch
198      work.xtlosc.vhdl
199      work.xtlosc_fab.def_arch
200      work.xtlosc_fab.vhdl
